Script started on 2019-11-07 15:08:27-05:00 [TERM="xterm-256color" TTY="/dev/pts/14" COLUMNS="80" LINES="24"]
qxiong1@remote05:~/i220b/work/lab12$ cd ..
qxiong1@remote05:~/i220b/work$ cd q[K[K[Kls
bash: cls: command not found
qxiong1@remote05:~/i220b/work$ c[Kls
bomb78	bomb78.tar  lab10  lab12  prj2-sol
qxiong1@remote05:~/i220b/work$ cd lab12
qxiong1@remote05:~/i220b/work/lab12$ cd[K[Kcd quote-files/
qxiong1@remote05:~/i220b/work/lab12/quote-files$ ls
'**'  '1$2'  "'12"  '1"2'  'a$b'  '\\ab'  'a"b'  "a'b"	 -l
qxiong1@remote05:~/i220b/work/lab12/quote-files$ echo /[K\\
\
qxiong1@remote05:~/i220b/work/lab12/quote-files$ echo \'
'
qxiong1@remote05:~/i220b/work/lab12/quote-files$ echo \*
*
qxiong1@remote05:~/i220b/work/lab12/quote-files$ echo \$h[KHOME\'[K:[K"\\
$HOME"\
qxiong1@remote05:~/i220b/work/lab12/quote-files$ echo '\'
\
qxiong1@remote05:~/i220b/work/lab12/quote-files$ echo \[K'\\'
\\
qxiong1@remote05:~/i220b/work/lab12/quote-files$ echo '*$~'
*$~
qxiong1@remote05:~/i220b/work/lab12/quote-files$ echo '\''
> '
\

qxiong1@remote05:~/i220b/work/lab12/quote-files$ echo "\\[K"\\"
"\
qxiong1@remote05:~/i220b/work/lab12/quote-files$ "$HOME"
bash: /home/qxiong1: Is a directory
qxiong1@remote05:~/i220b/work/lab12/quote-files$ "$HOME"
bash: /home/qxiong1: Is a directory
qxiong1@remote05:~/i220b/work/lab12/quote-files$ echo "$HOME"e"$HOME"c"$HOME"h"$HOME"o"$HOME" "$HOME"
/home/qxiong1
qxiong1@remote05:~/i220b/work/lab12/quote-files$ echo \
> abc \
> 123
abc 123
qxiong1@remote05:~/i220b/work/lab12/quote-files$ echo \
> abc \
> abc \
> 123 \
> 123
abc abc 123 123
qxiong1@remote05:~/i220b/work/lab12/quote-files$ ls []$][C[K[K[K[K-l
bash: ls-l: command not found
qxiong1@remote05:~/i220b/work/lab12/quote-files$ ls
'**'  '1$2'  "'12"  '1"2'  'a$b'  '\\ab'  'a"b'  "a'b"	 -l
qxiong1@remote05:~/i220b/work/lab12/quote-files$ ls -a
'**'   .   ..  '1$2'  "'12"  '1"2'  'a$b'  '\\ab'  'a"b'  "a'b"   -l
qxiong1@remote05:~/i220b/work/lab12/quote-files$ clear
[H[2J[3Jqxiong1@remote05:~/i220b/work/lab12/quote-files$ ls -l
total 0
-rw-r----- 1 qxiong1 qxiong1 0 Nov  7 15:05 '**'
-rw-r----- 1 qxiong1 qxiong1 0 Nov  7 15:05 '1$2'
-rw-r----- 1 qxiong1 qxiong1 0 Nov  7 15:05 "'12"
-rw-r----- 1 qxiong1 qxiong1 0 Nov  7 15:05 '1"2'
-rw-r----- 1 qxiong1 qxiong1 0 Nov  7 15:05 'a$b'
-rw-r----- 1 qxiong1 qxiong1 0 Nov  7 15:05 '\\ab'
-rw-r----- 1 qxiong1 qxiong1 0 Nov  7 15:05 'a"b'
-rw-r----- 1 qxiong1 qxiong1 0 Nov  7 15:05 "a'b"
-rw-r----- 1 qxiong1 qxiong1 0 Nov  7 15:05  -l
qxiong1@remote05:~/i220b/work/lab12/quote-files$ ls [$]*.txt
ls: cannot access '[$]*.txt': No such file or directory
qxiong1@remote05:~/i220b/work/lab12/quote-files$ ls [$]*.txt[C[C[C[C[C[C[K[K[K[K[K[K[K[K$*
'**'  '1$2'  "'12"  '1"2'  'a$b'  '\\ab'  'a"b'  "a'b"	 -l
qxiong1@remote05:~/i220b/work/lab12/quote-files$ ls $$[K[K\%$[K[K%[K$*
ls: cannot access '$*': No such file or directory
qxiong1@remote05:~/i220b/work/lab12/quote-files$ ls \$*[K
ls: cannot access '$': No such file or directory
qxiong1@remote05:~/i220b/work/lab12/quote-files$ ls \$[1P$[C*
'**'  '1$2'  "'12"  '1"2'  'a$b'  '\\ab'  'a"b'  "a'b"	 -l
qxiong1@remote05:~/i220b/work/lab12/quote-files$ ls
'**'  '1$2'  "'12"  '1"2'  'a$b'  '\\ab'  'a"b'  "a'b"	 -l
qxiong1@remote05:~/i220b/work/lab12/quote-files$ ls &[K$?
ls: cannot access '0': No such file or directory
qxiong1@remote05:~/i220b/work/lab12/quote-files$ ls $.?
ls: cannot access '$.?': No such file or directory
qxiong1@remote05:~/i220b/work/lab12/quote-files$ clear
[H[2J[3Jqxiong1@remote05:~/i220b/work/lab12/quote-files$ ls [$]
ls: cannot access '[$]': No such file or directory
qxiong1@remote05:~/i220b/work/lab12/quote-files$ ls []$][C*
ls: cannot access '[$]*': No such file or directory
qxiong1@remote05:~/i220b/work/lab12/quote-files$ ls [t-v]*.c
ls: cannot access '[t-v]*.c': No such file or directory
qxiong1@remote05:~/i220b/work/lab12/quote-files$ ls T*
ls: cannot access 'T*': No such file or directory
qxiong1@remote05:~/i220b/work/lab12/quote-files$ l
bash: l: command not found
qxiong1@remote05:~/i220b/work/lab12/quote-files$ ls
'**'  '1$2'  "'12"  '1"2'  'a$b'  '\\ab'  'a"b'  "a'b"	 -l
qxiong1@remote05:~/i220b/work/lab12/quote-files$ ls []\]$][C*
ls: cannot access '[$]*': No such file or directory
qxiong1@remote05:~/i220b/work/lab12/quote-files$ ls [\$]*[1P$]*
ls: cannot access '[$]*': No such file or directory
qxiong1@remote05:~/i220b/work/lab12/quote-files$ ls [$]*\[$]*
ls: cannot access '[$]*': No such file or directory
qxiong1@remote05:~/i220b/work/lab12/quote-files$ ls abc*
ls: cannot access 'abc*': No such file or directory
qxiong1@remote05:~/i220b/work/lab12/quote-files$ clear
[H[2J[3Jqxiong1@remote05:~/i220b/work/lab12/quote-files$ ls
'**'  '1$2'  "'12"  '1"2'  'a$b'  '\\ab'  'a"b'  "a'b"	 -l
qxiong1@remote05:~/i220b/work/lab12/quote-files$ ls *abc*
ls: cannot access '*abc*': No such file or directory
qxiong1@remote05:~/i220b/work/lab12/quote-files$ ls *abc
ls: cannot access '*abc': No such file or directory
qxiong1@remote05:~/i220b/work/lab12/quote-files$ ls $*
'**'  '1$2'  "'12"  '1"2'  'a$b'  '\\ab'  'a"b'  "a'b"	 -l
qxiong1@remote05:~/i220b/work/lab12/quote-files$ ls [t-v]*.c
ls: cannot access '[t-v]*.c': No such file or directory
qxiong1@remote05:~/i220b/work/lab12/quote-files$ clear
[H[2J[3Jqxiong1@remote05:~/i220b/work/lab12/quote-files$ ls
'**'  '1$2'  "'12"  '1"2'  'a$b'  '\\ab'  'a"b'  "a'b"	 -l
qxiong1@remote05:~/i220b/work/lab12/quote-files$ ls $*
'**'  '1$2'  "'12"  '1"2'  'a$b'  '\\ab'  'a"b'  "a'b"	 -l
qxiong1@remote05:~/i220b/work/lab12/quote-files$ ls $*\$*[C[C*\$*
'1$2'  'a$b'
qxiong1@remote05:~/i220b/work/lab12/quote-files$ ls *[K[K[K[Kecho '
> 
> s
> s
> s \
> s
> s\^C
qxiong1@remote05:~/i220b/work/lab12/quote-files$ echo \'
'
qxiong1@remote05:~/i220b/work/lab12/quote-files$ e[Kls *\')[K*
"'12"  "a'b"
qxiong1@remote05:~/i220b/work/lab12/quote-files$ echo \\
\
qxiong1@remote05:~/i220b/work/lab12/quote-files$ ls *\\*
'\\ab'
qxiong1@remote05:~/i220b/work/lab12/quote-files$ ls
'**'  '1$2'  "'12"  '1"2'  'a$b'  '\\ab'  'a"b'  "a'b"	 -l
qxiong1@remote05:~/i220b/work/lab12/quote-files$ ls *??*
-rw-r----- 1 qxiong1 qxiong1 0 Nov  7 15:05 '**'
-rw-r----- 1 qxiong1 qxiong1 0 Nov  7 15:05 '1$2'
-rw-r----- 1 qxiong1 qxiong1 0 Nov  7 15:05 "'12"
-rw-r----- 1 qxiong1 qxiong1 0 Nov  7 15:05 '1"2'
-rw-r----- 1 qxiong1 qxiong1 0 Nov  7 15:05 'a$b'
-rw-r----- 1 qxiong1 qxiong1 0 Nov  7 15:05 '\\ab'
-rw-r----- 1 qxiong1 qxiong1 0 Nov  7 15:05 'a"b'
-rw-r----- 1 qxiong1 qxiong1 0 Nov  7 15:05 "a'b"
qxiong1@remote05:~/i220b/work/lab12/quote-files$ ls **?* *?*
-rw-r----- 1 qxiong1 qxiong1 0 Nov  7 15:05 '**'
-rw-r----- 1 qxiong1 qxiong1 0 Nov  7 15:05 '**'
-rw-r----- 1 qxiong1 qxiong1 0 Nov  7 15:05 '1$2'
-rw-r----- 1 qxiong1 qxiong1 0 Nov  7 15:05 '1$2'
-rw-r----- 1 qxiong1 qxiong1 0 Nov  7 15:05 "'12"
-rw-r----- 1 qxiong1 qxiong1 0 Nov  7 15:05 "'12"
-rw-r----- 1 qxiong1 qxiong1 0 Nov  7 15:05 '1"2'
-rw-r----- 1 qxiong1 qxiong1 0 Nov  7 15:05 '1"2'
-rw-r----- 1 qxiong1 qxiong1 0 Nov  7 15:05 'a$b'
-rw-r----- 1 qxiong1 qxiong1 0 Nov  7 15:05 'a$b'
-rw-r----- 1 qxiong1 qxiong1 0 Nov  7 15:05 '\\ab'
-rw-r----- 1 qxiong1 qxiong1 0 Nov  7 15:05 '\\ab'
-rw-r----- 1 qxiong1 qxiong1 0 Nov  7 15:05 'a"b'
-rw-r----- 1 qxiong1 qxiong1 0 Nov  7 15:05 'a"b'
-rw-r----- 1 qxiong1 qxiong1 0 Nov  7 15:05 "a'b"
-rw-r----- 1 qxiong1 qxiong1 0 Nov  7 15:05 "a'b"
qxiong1@remote05:~/i220b/work/lab12/quote-files$ clear
[H[2J[3Jqxiong1@remote05:~/i220b/work/lab12/quote-files$ ;[Kls *?*
-rw-r----- 1 qxiong1 qxiong1 0 Nov  7 15:05 '**'
-rw-r----- 1 qxiong1 qxiong1 0 Nov  7 15:05 '1$2'
-rw-r----- 1 qxiong1 qxiong1 0 Nov  7 15:05 "'12"
-rw-r----- 1 qxiong1 qxiong1 0 Nov  7 15:05 '1"2'
-rw-r----- 1 qxiong1 qxiong1 0 Nov  7 15:05 'a$b'
-rw-r----- 1 qxiong1 qxiong1 0 Nov  7 15:05 '\\ab'
-rw-r----- 1 qxiong1 qxiong1 0 Nov  7 15:05 'a"b'
-rw-r----- 1 qxiong1 qxiong1 0 Nov  7 15:05 "a'b"
qxiong1@remote05:~/i220b/work/lab12/quote-files$ ls[K[Kls *[K??
-rw-r----- 1 qxiong1 qxiong1 0 Nov  7 15:05 '**'
qxiong1@remote05:~/i220b/work/lab12/quote-files$ l[Kls
'**'  '1$2'  "'12"  '1"2'  'a$b'  '\\ab'  'a"b'  "a'b"	 -l
qxiong1@remote05:~/i220b/work/lab12/quote-files$ lsclear[K[K[K[K[K[K[Kclear
[H[2J[3Jqxiong1@remote05:~/i220b/work/lab12/quote-files$ ls *? *?
-rw-r----- 1 qxiong1 qxiong1 0 Nov  7 15:05 '**'
-rw-r----- 1 qxiong1 qxiong1 0 Nov  7 15:05 '**'
-rw-r----- 1 qxiong1 qxiong1 0 Nov  7 15:05 '1$2'
-rw-r----- 1 qxiong1 qxiong1 0 Nov  7 15:05 '1$2'
-rw-r----- 1 qxiong1 qxiong1 0 Nov  7 15:05 "'12"
-rw-r----- 1 qxiong1 qxiong1 0 Nov  7 15:05 "'12"
-rw-r----- 1 qxiong1 qxiong1 0 Nov  7 15:05 '1"2'
-rw-r----- 1 qxiong1 qxiong1 0 Nov  7 15:05 '1"2'
-rw-r----- 1 qxiong1 qxiong1 0 Nov  7 15:05 'a$b'
-rw-r----- 1 qxiong1 qxiong1 0 Nov  7 15:05 'a$b'
-rw-r----- 1 qxiong1 qxiong1 0 Nov  7 15:05 '\\ab'
-rw-r----- 1 qxiong1 qxiong1 0 Nov  7 15:05 '\\ab'
-rw-r----- 1 qxiong1 qxiong1 0 Nov  7 15:05 'a"b'
-rw-r----- 1 qxiong1 qxiong1 0 Nov  7 15:05 'a"b'
-rw-r----- 1 qxiong1 qxiong1 0 Nov  7 15:05 "a'b"
-rw-r----- 1 qxiong1 qxiong1 0 Nov  7 15:05 "a'b"
qxiong1@remote05:~/i220b/work/lab12/quote-files$ clear
[H[2J[3Jqxiong1@remote05:~/i220b/work/lab12/quote-files$ ls --?
ls: unrecognized option '--?'
Try 'ls --help' for more information.
qxiong1@remote05:~/i220b/work/lab12/quote-files$ ls ?
ls: cannot access '?': No such file or directory
qxiong1@remote05:~/i220b/work/lab12/quote-files$ ls ?*
-rw-r----- 1 qxiong1 qxiong1 0 Nov  7 15:05 '**'
-rw-r----- 1 qxiong1 qxiong1 0 Nov  7 15:05 '1$2'
-rw-r----- 1 qxiong1 qxiong1 0 Nov  7 15:05 "'12"
-rw-r----- 1 qxiong1 qxiong1 0 Nov  7 15:05 '1"2'
-rw-r----- 1 qxiong1 qxiong1 0 Nov  7 15:05 'a$b'
-rw-r----- 1 qxiong1 qxiong1 0 Nov  7 15:05 '\\ab'
-rw-r----- 1 qxiong1 qxiong1 0 Nov  7 15:05 'a"b'
-rw-r----- 1 qxiong1 qxiong1 0 Nov  7 15:05 "a'b"
qxiong1@remote05:~/i220b/work/lab12/quote-files$ ls *?*
-rw-r----- 1 qxiong1 qxiong1 0 Nov  7 15:05 '**'
-rw-r----- 1 qxiong1 qxiong1 0 Nov  7 15:05 '1$2'
-rw-r----- 1 qxiong1 qxiong1 0 Nov  7 15:05 "'12"
-rw-r----- 1 qxiong1 qxiong1 0 Nov  7 15:05 '1"2'
-rw-r----- 1 qxiong1 qxiong1 0 Nov  7 15:05 'a$b'
-rw-r----- 1 qxiong1 qxiong1 0 Nov  7 15:05 '\\ab'
-rw-r----- 1 qxiong1 qxiong1 0 Nov  7 15:05 'a"b'
-rw-r----- 1 qxiong1 qxiong1 0 Nov  7 15:05 "a'b"
qxiong1@remote05:~/i220b/work/lab12/quote-files$ ls *--?*
ls: cannot access '*--?*': No such file or directory
qxiong1@remote05:~/i220b/work/lab12/quote-files$ clear
[H[2J[3Jqxiong1@remote05:~/i220b/work/lab12/quote-files$ ls ""?"?"
ls: cannot access '??': No such file or directory
qxiong1@remote05:~/i220b/work/lab12/quote-files$ ls **?*?*
-rw-r----- 1 qxiong1 qxiong1 0 Nov  7 15:05 '**'
-rw-r----- 1 qxiong1 qxiong1 0 Nov  7 15:05 '1$2'
-rw-r----- 1 qxiong1 qxiong1 0 Nov  7 15:05 "'12"
-rw-r----- 1 qxiong1 qxiong1 0 Nov  7 15:05 '1"2'
-rw-r----- 1 qxiong1 qxiong1 0 Nov  7 15:05 'a$b'
-rw-r----- 1 qxiong1 qxiong1 0 Nov  7 15:05 '\\ab'
-rw-r----- 1 qxiong1 qxiong1 0 Nov  7 15:05 'a"b'
-rw-r----- 1 qxiong1 qxiong1 0 Nov  7 15:05 "a'b"
qxiong1@remote05:~/i220b/work/lab12/quote-files$ l[Kcleare
bash: cleare: command not found
qxiong1@remote05:~/i220b/work/lab12/quote-files$ clear
[H[2J[3Jqxiong1@remote05:~/i220b/work/lab12/quote-files$ env
SHELL=/bin/bash
DERBY_HOME=/usr/lib/jvm/java-8-oracle/db
JAVA_HOME=/usr/lib/jvm/java-8-oracle
KRB5CCNAME=FILE:/tmp/krb5cc_13965_W3PW1WDUO3
PWD=/home/qxiong1/i220b/work/lab12/quote-files
LOGNAME=qxiong1
XDG_SESSION_TYPE=tty
J2REDIR=/usr/lib/jvm/java-8-oracle/jre
VIRTUALENVWRAPPER_SCRIPT=/usr/share/virtualenvwrapper/virtualenvwrapper.sh
HOME=/home/qxiong1
LANG=en_US.UTF-8
_VIRTUALENVWRAPPER_API= mkvirtualenv rmvirtualenv lsvirtualenv showvirtualenv workon add2virtualenv cdsitepackages cdvirtualenv lssitepackages toggleglobalsitepackages cpvirtualenv setvirtualenvproject mkproject cdproject mktmpenv
SSH_CONNECTION=128.226.119.250 55604 128.226.114.205 22
XDG_SESSION_CLASS=user
TERM=xterm-256color
J2SDKDIR=/usr/lib/jvm/java-8-oracle
USER=qxiong1
SHLVL=2
XDG_SESSION_ID=100967
XDG_RUNTIME_DIR=/run/user/13965
SSH_CLIENT=128.226.119.250 55604 22
PATH=/usr/local/bin:/usr/bin:/bin:/usr/local/games:/usr/games:/usr/lib/jvm/java-8-oracle/bin:/usr/lib/jvm/java-8-oracle/db/bin:/usr/lib/jvm/java-8-oracle/jre/bin
DBUS_SESSION_BUS_ADDRESS=unix:path=/run/user/13965/bus
MAIL=/var/mail/qxiong1
SSH_TTY=/dev/pts/14
OLDPWD=/home/qxiong1/i220b/work/lab12
_=/usr/bin/env
qxiong1@remote05:~/i220b/work/lab12/quote-files$ echo &[K$HOME
/home/qxiong1
qxiong1@remote05:~/i220b/work/lab12/quote-files$ clear
[H[2J[3Jqxiong1@remote05:~/i220b/work/lab12/quote-files$ echo %[K[K $ho[K[KHOME
/home/qxiong1
qxiong1@remote05:~/i220b/work/lab12/quote-files$ echo $home

qxiong1@remote05:~/i220b/work/lab12/quote-files$ 
qxiong1@remote05:~/i220b/work/lab12/quote-files$ echo $HOME
/home/qxiong1
qxiong1@remote05:~/i220b/work/lab12/quote-files$ echo #[K$PATH
/usr/local/bin:/usr/bin:/bin:/usr/local/games:/usr/games:/usr/lib/jvm/java-8-oracle/bin:/usr/lib/jvm/java-8-oracle/db/bin:/usr/lib/jvm/java-8-oracle/jre/bin
qxiong1@remote05:~/i220b/work/lab12/quote-files$ cdecho $xxx
bash: cdecho: command not found
qxiong1@remote05:~/i220b/work/lab12/quote-files$ xxx = [K[K[K==[K123
qxiong1@remote05:~/i220b/work/lab12/quote-files$ echo %[K$xxx
123
qxiong1@remote05:~/i220b/work/lab12/quote-files$ export x=456
qxiong1@remote05:~/i220b/work/lab12/quote-files$ env | grep xxx
qxiong1@remote05:~/i220b/work/lab12/quote-files$ e[Kexport xxx
qxiong1@remote05:~/i220b/work/lab12/quote-files$ env |g[K grep xx
xxx=123
qxiong1@remote05:~/i220b/work/lab12/quote-files$ env | grep xxx
xxx=123
qxiong1@remote05:~/i220b/work/lab12/quote-files$ env | grep xxx[K[K
PWD=/home/qxiong1/i220b/work/lab12/quote-files
LOGNAME=qxiong1
xxx=123
x=456
HOME=/home/qxiong1
TERM=xterm-256color
USER=qxiong1
DBUS_SESSION_BUS_ADDRESS=unix:path=/run/user/13965/bus
MAIL=/var/mail/qxiong1
OLDPWD=/home/qxiong1/i220b/work/lab12
qxiong1@remote05:~/i220b/work/lab12/quote-files$ env | grep xxxx
qxiong1@remote05:~/i220b/work/lab12/quote-files$ env | grep xxxx[K[K
xxx=123
qxiong1@remote05:~/i220b/work/lab12/quote-files$ env | grep xxx
xxx=123
qxiong1@remote05:~/i220b/work/lab12/quote-files$ export xx = 456
bash: export: `=': not a valid identifier
bash: export: `456': not a valid identifier
qxiong1@remote05:~/i220b/work/lab12/quote-files$ export xx = 456[1P456[1P=456
qxiong1@remote05:~/i220b/work/lab12/quote-files$ env grep[K[K[K[K[K | grep xx
xxx=123
xx=456
qxiong1@remote05:~/i220b/work/lab12/quote-files$ env | grep xxx
xxx=123
qxiong1@remote05:~/i220b/work/lab12/quote-files$ clear
[H[2J[3Jqxiong1@remote05:~/i220b/work/lab12/quote-files$ find \L ~/cs220 -name '*.c'
find: â€˜Lâ€™: No such file or directory
qxiong1@remote05:~/i220b/work/lab12/quote-files$ find \L ~/cs220 -name '*.c'[C[C[C[C[C[C[C[C[C[C |[Kqxiong1@remote05:~/i220b/work/lab12/quote-files$ find \L ~/cs220 -name '*.c' |[Kqxiong1@remote05:~/i220b/work/lab12/quote-files$ find \L ~/cs220 -name '*.c' |[Kqxiong1@remote05:~/i220b/work/lab12/quote-files$ find \L ~/cs220 -name '*.c' |[Kqxiong1@remote05:~/i220b/work/lab12/quote-files$ find \L ~/cs220 -name '*.c' |[Kqxiong1@remote05:~/i220b/work/lab12/quote-files$ find \L ~/cs220 -name '*.c' |[Kqxiong1@remote05:~/i220b/work/lab12/quote-files$ find \L ~/cs220 -name '*.c' |[Kqxiong1@remote05:~/i220b/work/lab12/quote-files$ find \L ~/cs220 -name '*.c' |[Kqxiong1@remote05:~/i220b/work/lab12/quote-files$ find \L ~/cs220 -name '*.c' |[Kqxiong1@remote05:~/i220b/work/lab12/quote-files$ find \L ~/cs220 -name '*.c' | wc -l
find: â€˜Lâ€™: No such file or directory
0
qxiong1@remote05:~/i220b/work/lab12/quote-files$ find \L ~/cs220 -name '*.c' | wc -l[C[1P[1P[1P[1P[1P[1P
find: â€˜Lâ€™: No such file or directory
find: â€˜*.câ€™: No such file or directory
1
qxiong1@remote05:~/i220b/work/lab12/quote-files$ find \L ~/cs220 '*.c' | wc -l[1@-[1@f[1P[1@h[1@o[1@m[1@e[1@ 
find: unknown predicate `-home'
0
qxiong1@remote05:~/i220b/work/lab12/quote-files$ find \L ~/cs220 -home '*.c' | wc -l[1P[1P[1P[1P[1P[1P[C
find: â€˜Lâ€™: No such file or directory
find: â€˜*.câ€™: No such file or directory
1
qxiong1@remote05:~/i220b/work/lab12/quote-files$ find / -name '*.c' 2>dev/null
bash: dev/null: No such file or directory
qxiong1@remote05:~/i220b/work/lab12/quote-files$ find / -name '*.c' 2>dev/null[K[K[K[K[K[K[K[K[K[K[K[K'
^C
qxiong1@remote05:~/i220b/work/lab12/quote-files$ find / -name '*.c'
find: â€˜/backup/cquelle3â€™: Permission denied
find: â€˜/backup/fscott1â€™: Permission denied
find: â€˜/backup/jawayan1â€™: Permission denied
find: â€˜/backup/aambilw1â€™: Permission denied
find: â€˜/backup/aamerâ€™: Permission denied
find: â€˜/backup/jcen3â€™: Permission denied
find: â€˜/backup/abalanâ€™: Permission denied
find: â€˜/backup/ggonzal9â€™: Permission denied
find: â€˜/backup/jchassi1â€™: Permission denied
find: â€˜/backup/abetâ€™: Permission denied
find: â€˜/backup/abetrevâ€™: Permission denied
find: â€˜/backup/abettestâ€™: Permission denied
find: â€˜/backup/aaharon1â€™: Permission denied
find: â€˜/backup/acheseb1â€™: Permission denied
find: â€˜/backup/alee870â€™: Permission denied
find: â€˜/backup/astensl1â€™: Permission denied
find: â€˜/backup/bklayma1â€™: Permission denied
find: â€˜/backup/cwickiz1â€™: Permission denied
find: â€˜/backup/gmore3â€™: Permission denied
find: â€˜/backup/jchen441â€™: Permission denied
find: â€˜/backup/acanino1â€™: Permission denied
find: â€˜/backup/aclancy1â€™: Permission denied
find: â€˜/backup/alee889â€™: Permission denied
find: â€˜/backup/atran5â€™: Permission denied
find: â€˜/backup/blee75â€™: Permission denied
find: â€˜/backup/czhao40â€™: Permission denied
find: â€˜/backup/gregala1â€™: Permission denied
find: â€˜/backup/jdaley2â€™: Permission denied
find: â€˜/backup/acmwebâ€™: Permission denied
find: â€˜/backup/amadnic2â€™: Permission denied
find: â€˜/backup/ayadav5â€™: Permission denied
find: â€˜/backup/blu20â€™: Permission denied
find: â€˜/backup/cchen163â€™: Permission denied
find: â€˜/backup/dwalcot1â€™: Permission denied
find: â€˜/backup/hyingbo1â€™: Permission denied
find: â€˜/backup/admreadâ€™: Permission denied
find: â€˜/backup/adnanâ€™: Permission denied
find: â€˜/backup/bpreise1â€™: Permission denied
find: â€˜/backup/ddhuri1â€™: Permission denied
find: â€˜/backup/gselcuk1â€™: Permission denied
find: â€˜/backup/jdelpoz2â€™: Permission denied
find: â€˜/backup/aevans1â€™: Permission denied
find: â€˜/backup/dmaisur1â€™: Permission denied
find: â€˜/backup/gyolac1â€™: Permission denied
find: â€˜/backup/jhart3â€™: Permission denied
find: â€˜/backup/afuchs1â€™: Permission denied
find: â€˜/backup/jjacob44â€™: Permission denied
find: â€˜/backup/agarcia3â€™: Permission denied
find: â€˜/backup/agarcia4â€™: Permission denied
find: â€˜/backup/maltinb1â€™: Permission denied
find: â€˜/backup/nakalin2â€™: Permission denied
find: â€˜/backup/osaglam1â€™: Permission denied
find: â€˜/backup/serkan1â€™: Permission denied
find: â€˜/backup/aabrey1â€™: Permission denied
find: â€˜/backup/aaruj1â€™: Permission denied
find: â€˜/backup/adilliw1â€™: Permission denied
find: â€˜/backup/amahaja4â€™: Permission denied
find: â€˜/backup/ayucel3â€™: Permission denied
find: â€˜/backup/brose7â€™: Permission denied
find: â€˜/backup/dmeisel1â€™: Permission denied
find: â€˜/backup/hahuja1â€™: Permission denied
find: â€˜/backup/jkim534â€™: Permission denied
find: â€˜/backup/ajasperâ€™: Permission denied
find: â€˜/backup/hburkha1â€™: Permission denied
find: â€˜/backup/jkimbel1â€™: Permission denied
find: â€˜/backup/ajoshiâ€™: Permission denied
find: â€˜/backup/ajoshi1â€™: Permission denied
find: â€˜/backup/btoledo1â€™: Permission denied
find: â€˜/backup/dnair3â€™: Permission denied
find: â€˜/backup/hgavas1â€™: Permission denied
find: â€˜/backup/jmitche6â€™: Permission denied
find: â€˜/backup/akannalâ€™: Permission denied
find: â€˜/backup/akhaitanâ€™: Permission denied
find: â€˜/backup/afarrel3â€™: Permission denied
find: â€˜/backup/amchugh2â€™: Permission denied
find: â€˜/backup/azaccag1â€™: Permission denied
find: â€˜/backup/byan2â€™: Permission denied
find: â€˜/backup/cjian1â€™: Permission denied
find: â€˜/backup/dzhang46â€™: Permission denied
find: â€˜/backup/igrossm2â€™: Permission denied
find: â€˜/backup/akulkarnâ€™: Permission denied
find: â€˜/backup/anaik4â€™: Permission denied
find: â€˜/backup/bak1â€™: Permission denied
find: â€˜/backup/bhardin2â€™: Permission denied
find: â€˜/backup/cjiang21â€™: Permission denied
find: â€˜/backup/ecakir1â€™: Permission denied
find: â€˜/backup/isarfat1â€™: Permission denied
find: â€˜/backup/alinâ€™: Permission denied
find: â€˜/backup/agujara1â€™: Permission denied
find: â€˜/backup/asharm47â€™: Permission denied
find: â€˜/backup/bhogan9â€™: Permission denied
find: â€˜/backup/cmcborr1â€™: Permission denied
find: â€˜/backup/efranci6â€™: Permission denied
find: â€˜/backup/jabbott3â€™: Permission denied
find: â€˜/backup/amanuchaâ€™: Permission denied
find: â€˜/backup/jmohrma1â€™: Permission denied
find: â€˜/backup/ameyaâ€™: Permission denied
find: â€˜/backup/jmontgo4â€™: Permission denied
find: â€˜/backup/amolâ€™: Permission denied
find: â€˜/backup/dnarasi1â€™: Permission denied
find: â€˜/backup/hmense1â€™: Permission denied
find: â€˜/backup/jmontgo5â€™: Permission denied
find: â€˜/backup/anairâ€™: Permission denied
find: â€˜/backup/aneemanâ€™: Permission denied
find: â€˜/backup/aneeshâ€™: Permission denied
find: â€˜/backup/jpark349â€™: Permission denied
find: â€˜/backup/ankitâ€™: Permission denied
find: â€˜/backup/jphilem1â€™: Permission denied
find: â€˜/backup/anumehâ€™: Permission denied
find: â€˜/backup/apatelâ€™: Permission denied
find: â€˜/backup/hnikam1â€™: Permission denied
find: â€˜/backup/jramli1â€™: Permission denied
find: â€˜/backup/apatvarâ€™: Permission denied
find: â€˜/backup/apawarâ€™: Permission denied
find: â€˜/backup/hrode1â€™: Permission denied
find: â€˜/backup/jren18â€™: Permission denied
find: â€˜/backup/aphalakâ€™: Permission denied
find: â€˜/backup/apichatâ€™: Permission denied
find: â€˜/backup/kozata1â€™: Permission denied
find: â€˜/backup/blackburnâ€™: Permission denied
find: â€˜/backup/mkardan1â€™: Permission denied
find: â€˜/backup/oisvard1â€™: Permission denied
find: â€˜/backup/rertem1â€™: Permission denied
find: â€˜/backup/ycangiz1â€™: Permission denied
find: â€˜/backup/aagraw11â€™: Permission denied
find: â€˜/backup/achen172â€™: Permission denied
find: â€˜/backup/akavana1â€™: Permission denied
find: â€˜/backup/ashiral1â€™: Permission denied
find: â€˜/backup/bkeuria1â€™: Permission denied
find: â€˜/backup/cnizenj1â€™: Permission denied
find: â€˜/backup/epalani1â€™: Permission denied
find: â€˜/backup/jalbert5â€™: Permission denied
find: â€˜/backup/aselvan1â€™: Permission denied
find: â€˜/backup/abhatna1â€™: Permission denied
find: â€˜/backup/ageorg39â€™: Permission denied
find: â€˜/backup/apadman1â€™: Permission denied
find: â€˜/backup/balandi1â€™: Permission denied
find: â€˜/backup/bzhang73â€™: Permission denied
find: â€˜/backup/dryan6â€™: Permission denied
find: â€˜/backup/hsahin2â€™: Permission denied
find: â€˜/backup/jricha19â€™: Permission denied
find: â€˜/backup/ashuklaâ€™: Permission denied
find: â€˜/backup/jrising1â€™: Permission denied
find: â€˜/backup/lcanale2â€™: Permission denied
find: â€˜/backup/mavciog1â€™: Permission denied
find: â€˜/backup/odogan1â€™: Permission denied
find: â€˜/backup/otilki1â€™: Permission denied
find: â€˜/backup/skirogl1â€™: Permission denied
find: â€˜/backup/yokutan1â€™: Permission denied
find: â€˜/backup/achavan4â€™: Permission denied
find: â€˜/backup/agjonba1â€™: Permission denied
find: â€˜/backup/aparand1â€™: Permission denied
find: â€˜/backup/bchen111â€™: Permission denied
find: â€˜/backup/cbartol1â€™: Permission denied
find: â€˜/backup/dtimmer1â€™: Permission denied
find: â€˜/backup/hwu71â€™: Permission denied
find: â€˜/backup/jsanch49â€™: Permission denied
find: â€˜/backup/atulpâ€™: Permission denied
find: â€˜/backup/bbeeral1â€™: Permission denied
find: â€˜/backup/cayachi1â€™: Permission denied
find: â€˜/backup/dthatch1â€™: Permission denied
find: â€˜/backup/hsloan1â€™: Permission denied
find: â€˜/backup/jshaikh1â€™: Permission denied
find: â€˜/backup/avinanâ€™: Permission denied
find: â€˜/backup/avirga1â€™: Permission denied
find: â€˜/backup/aviswan3â€™: Permission denied
find: â€˜/backup/hwang161â€™: Permission denied
find: â€˜/backup/jstruck1â€™: Permission denied
find: â€˜/backup/aworm1â€™: Permission denied
find: â€˜/backup/fceltik1â€™: Permission denied
find: â€˜/backup/jarnold5â€™: Permission denied
find: â€˜/backup/ayurkivâ€™: Permission denied
find: â€˜/backup/azaidiâ€™: Permission denied
find: â€˜/backup/samiri1â€™: Permission denied
find: â€˜/backup/alal2â€™: Permission denied
find: â€˜/backup/balajiâ€™: Permission denied
find: â€˜/backup/baltarâ€™: Permission denied
find: â€˜/backup/rchen102â€™: Permission denied
find: â€˜/backup/sdhanek1â€™: Permission denied
find: â€˜/backup/bbarjes1â€™: Permission denied
find: â€˜/backup/mmehmed1â€™: Permission denied
find: â€˜/backup/pcosta2â€™: Permission denied
find: â€˜/backup/rimai1â€™: Permission denied
find: â€˜/backup/sdoski1â€™: Permission denied
find: â€˜/backup/bchogleâ€™: Permission denied
find: â€˜/backup/ksingh42â€™: Permission denied
find: â€˜/backup/malam29â€™: Permission denied
find: â€˜/backup/mmurph37â€™: Permission denied
find: â€˜/backup/pdistef1â€™: Permission denied
find: â€˜/backup/rlotlik1â€™: Permission denied
find: â€˜/backup/sgokarn1â€™: Permission denied
find: â€˜/backup/beaumontâ€™: Permission denied
find: â€˜/backup/pkulkar3â€™: Permission denied
find: â€˜/backup/aakin1â€™: Permission denied
find: â€˜/backup/sgupta38â€™: Permission denied
find: â€˜/backup/bgandhiâ€™: Permission denied
find: â€˜/backup/sjain13â€™: Permission denied
find: â€˜/backup/bharathiâ€™: Permission denied
find: â€˜/backup/skadiri1â€™: Permission denied
find: â€˜/backup/bhedaâ€™: Permission denied
find: â€˜/backup/mbradsh3â€™: Permission denied
find: â€˜/backup/mroshid1â€™: Permission denied
find: â€˜/backup/pparekh1â€™: Permission denied
find: â€˜/backup/rmarvin1â€™: Permission denied
find: â€˜/backup/skaldat1â€™: Permission denied
find: â€˜/backup/bkravitzâ€™: Permission denied
find: â€˜/backup/slellis1â€™: Permission denied
find: â€˜/backup/blongâ€™: Permission denied
find: â€˜/backup/kgulve1â€™: Permission denied
find: â€˜/backup/knajan1â€™: Permission denied
find: â€˜/backup/lkendal1â€™: Permission denied
find: â€˜/backup/mghosal1â€™: Permission denied
find: â€˜/backup/ngarg3â€™: Permission denied
find: â€˜/backup/pshang1â€™: Permission denied
find: â€˜/backup/saswani1â€™: Permission denied
find: â€˜/backup/xpengâ€™: Permission denied
find: â€˜/backup/bpehliv1â€™: Permission denied
find: â€˜/backup/bpoliksâ€™: Permission denied
find: â€˜/backup/rpena9â€™: Permission denied
find: â€˜/backup/slnu1â€™: Permission denied
find: â€˜/backup/brathke1â€™: Permission denied
find: â€˜/backup/brobergjâ€™: Permission denied
find: â€˜/backup/broodâ€™: Permission denied
find: â€˜/backup/sminnam1â€™: Permission denied
find: â€˜/backup/bsendir1â€™: Permission denied
find: â€˜/backup/bsonenb1â€™: Permission denied
find: â€˜/backup/snatu1â€™: Permission denied
find: â€˜/backup/btaylor1â€™: Permission denied
find: â€˜/backup/btevâ€™: Permission denied
find: â€˜/backup/mchoi39â€™: Permission denied
find: â€˜/backup/mtankal1â€™: Permission denied
find: â€˜/backup/pparmar2â€™: Permission denied
find: â€˜/backup/rrausha1â€™: Permission denied
find: â€˜/backup/spradha1â€™: Permission denied
find: â€˜/backup/bwang2â€™: Permission denied
find: â€˜/backup/rshahul1â€™: Permission denied
find: â€˜/backup/srapell2â€™: Permission denied
find: â€˜/backup/bzee1â€™: Permission denied
find: â€˜/backup/ssalick1â€™: Permission denied
find: â€˜/backup/cadathlonâ€™: Permission denied
find: â€˜/backup/ssamate1â€™: Permission denied
find: â€˜/backup/capswebâ€™: Permission denied
find: â€˜/backup/mdobies1â€™: Permission denied
find: â€˜/backup/mwebâ€™: Permission denied
find: â€˜/backup/nguler1â€™: Permission denied
find: â€˜/backup/pwebâ€™: Permission denied
find: â€˜/backup/sazarae1â€™: Permission denied
find: â€˜/backup/yjun1â€™: Permission denied
find: â€˜/backup/cbond2â€™: Permission denied
find: â€˜/backup/mwerner7â€™: Permission denied
find: â€˜/backup/ppatel85â€™: Permission denied
find: â€˜/backup/rthaiva1â€™: Permission denied
find: â€˜/backup/ssankhe1â€™: Permission denied
find: â€˜/backup/cchen17â€™: Permission denied
find: â€˜/backup/cchen8â€™: Permission denied
find: â€˜/backup/cchiauz1â€™: Permission denied
find: â€˜/backup/ssarems1â€™: Permission denied
find: â€˜/backup/cdfâ€™: Permission denied
find: â€˜/backup/jszacha1â€™: Permission denied
find: â€˜/backup/jtucker7â€™: Permission denied
find: â€˜/backup/jweng8â€™: Permission denied
find: â€˜/backup/katasoy1â€™: Permission denied
find: â€˜/backup/kgurses1â€™: Permission denied
find: â€˜/backup/kpathak1â€™: Permission denied
find: â€˜/backup/lmanwan1â€™: Permission denied
find: â€˜/backup/mkrauze1â€™: Permission denied
find: â€˜/backup/nkokne1â€™: Permission denied
find: â€˜/backup/qaixinj1â€™: Permission denied
find: â€˜/backup/schinch1â€™: Permission denied
find: â€˜/backup/cgandhi1â€™: Permission denied
find: â€˜/backup/cguptaâ€™: Permission denied
find: â€˜/backup/ssaxena3â€™: Permission denied
find: â€˜/backup/chanusaâ€™: Permission denied
find: â€˜/backup/zge3â€™: Permission denied
find: â€˜/backup/chaoâ€™: Permission denied
find: â€˜/backup/myip3â€™: Permission denied
find: â€˜/backup/npelleg1â€™: Permission denied
find: â€˜/backup/qjia4â€™: Permission denied
find: â€˜/backup/sbankar1â€™: Permission denied
find: â€˜/backup/hfu11â€™: Permission denied
find: â€˜/backup/ciwebâ€™: Permission denied
find: â€˜/backup/kgiampo1â€™: Permission denied
find: â€˜/backup/kna3â€™: Permission denied
find: â€˜/backup/kphill11â€™: Permission denied
find: â€˜/backup/lsunny1â€™: Permission denied
find: â€˜/backup/mkundak1â€™: Permission denied
find: â€˜/backup/nraj1â€™: Permission denied
find: â€˜/backup/pshaury1â€™: Permission denied
find: â€˜/backup/sbaptis2â€™: Permission denied
find: â€˜/backup/ss1â€™: Permission denied
find: â€˜/backup/cli22â€™: Permission denied
find: â€˜/backup/sshinâ€™: Permission denied
find: â€˜/backup/clin18â€™: Permission denied
find: â€˜/backup/mzheng47â€™: Permission denied
find: â€˜/backup/pqi1â€™: Permission denied
find: â€˜/backup/rambast1â€™: Permission denied
find: â€˜/backup/sdesai9â€™: Permission denied
find: â€˜/backup/cmoore2â€™: Permission denied
find: â€˜/backup/psahu1â€™: Permission denied
find: â€˜/backup/rzaveri1â€™: Permission denied
find: â€˜/backup/ssultan6â€™: Permission denied
find: â€˜/backup/colinbâ€™: Permission denied
find: â€˜/backup/sahire1â€™: Permission denied
find: â€˜/backup/stammis1â€™: Permission denied
find: â€˜/backup/cpandit1â€™: Permission denied
find: â€˜/backup/cpatelâ€™: Permission denied
find: â€˜/backup/jwong123â€™: Permission denied
find: â€˜/backup/kgoel1â€™: Permission denied
find: â€˜/backup/knadeem1â€™: Permission denied
find: â€˜/backup/lcoats1â€™: Permission denied
find: â€˜/backup/mgadi1â€™: Permission denied
find: â€˜/backup/nbi1â€™: Permission denied
find: â€˜/backup/nsharm11â€™: Permission denied
find: â€˜/backup/rbey1â€™: Permission denied
find: â€˜/backup/sbhonde1â€™: Permission denied
find: â€˜/backup/tfan4â€™: Permission denied
find: â€˜/backup/csabet01_ocâ€™: Permission denied
find: â€˜/backup/csabet02_ocâ€™: Permission denied
find: â€˜/backup/csabet03_ocâ€™: Permission denied
find: â€˜/backup/kdamodh1â€™: Permission denied
find: â€˜/backup/kjones47â€™: Permission denied
find: â€˜/backup/ksingh35â€™: Permission denied
find: â€˜/backup/lxu31â€™: Permission denied
find: â€˜/backup/mjones46â€™: Permission denied
find: â€˜/backup/ngoyal1â€™: Permission denied
find: â€˜/backup/psilves1â€™: Permission denied
find: â€˜/backup/sbilen1â€™: Permission denied
find: â€˜/backup/cguo9â€™: Permission denied
find: â€˜/backup/cswebâ€™: Permission denied
find: â€˜/backup/maguila2â€™: Permission denied
find: â€˜/backup/mlin71â€™: Permission denied
find: â€˜/backup/nxu4â€™: Permission denied
find: â€˜/backup/psingh43â€™: Permission denied
find: â€˜/backup/sboggar1â€™: Permission denied
find: â€˜/backup/btas1â€™: Permission denied
find: â€˜/backup/cutlerâ€™: Permission denied
find: â€˜/backup/ngreene5â€™: Permission denied
find: â€˜/backup/pthakka4â€™: Permission denied
find: â€˜/backup/scao16â€™: Permission denied
find: â€˜/backup/hjia3â€™: Permission denied
find: â€˜/backup/cwong11â€™: Permission denied
find: â€˜/backup/mmadhan1â€™: Permission denied
find: â€˜/backup/ohatwal1â€™: Permission denied
find: â€˜/backup/rblazej1â€™: Permission denied
find: â€˜/backup/sdhanas1â€™: Permission denied
find: â€˜/backup/dagrawalâ€™: Permission denied
find: â€˜/backup/ptilley1â€™: Permission denied
find: â€˜/backup/schaud16â€™: Permission denied
find: â€˜/backup/hlum1â€™: Permission denied
find: â€˜/backup/davidlâ€™: Permission denied
find: â€˜/backup/kcox4â€™: Permission denied
find: â€˜/backup/dbalkanâ€™: Permission denied
find: â€˜/backup/dbenamy1â€™: Permission denied
find: â€˜/backup/vkatrag2â€™: Permission denied
find: â€˜/backup/ychen415â€™: Permission denied
find: â€˜/backup/ntinenâ€™: Permission denied
find: â€˜/backup/jthakka1â€™: Permission denied
find: â€˜/backup/pwang22â€™: Permission denied
find: â€˜/backup/dcurrenâ€™: Permission denied
find: â€˜/backup/tsharma6â€™: Permission denied
find: â€˜/backup/ubasol1â€™: Permission denied
find: â€˜/backup/vparekh1â€™: Permission denied
find: â€˜/backup/yjadhav1â€™: Permission denied
find: â€˜/backup/akadu1â€™: Permission denied
find: â€˜/backup/jtricoz1â€™: Permission denied
find: â€˜/backup/rcheung5â€™: Permission denied
find: â€˜/backup/dduttaâ€™: Permission denied
find: â€˜/backup/devendranâ€™: Permission denied
find: â€˜/backup/vragovs1â€™: Permission denied
find: â€˜/backup/yjagdal1â€™: Permission denied
find: â€˜/backup/arayala1â€™: Permission denied
find: â€˜/backup/jwhitak4â€™: Permission denied
find: â€˜/backup/reswara1â€™: Permission denied
find: â€˜/backup/dfitzge3â€™: Permission denied
find: â€˜/backup/ylin153â€™: Permission denied
find: â€˜/backup/arohill1â€™: Permission denied
find: â€˜/backup/jyoon46â€™: Permission denied
find: â€˜/backup/rquinli1â€™: Permission denied
find: â€˜/backup/dgordonâ€™: Permission denied
find: â€˜/backup/bdobriy1â€™: Permission denied
find: â€˜/backup/kagyapo1â€™: Permission denied
find: â€˜/backup/rrichte1â€™: Permission denied
find: â€˜/backup/dickmanâ€™: Permission denied
find: â€˜/backup/sblack3â€™: Permission denied
find: â€˜/backup/dimaâ€™: Permission denied
find: â€˜/backup/djagtap1â€™: Permission denied
find: â€˜/backup/djhenderâ€™: Permission denied
find: â€˜/backup/jdeflor1â€™: Permission denied
find: â€˜/backup/msyed3â€™: Permission denied
find: â€˜/backup/kwan2â€™: Permission denied
find: â€˜/backup/dkim17â€™: Permission denied
find: â€˜/backup/dkshinâ€™: Permission denied
find: â€˜/backup/whuebne1â€™: Permission denied
find: â€˜/backup/yliu377â€™: Permission denied
find: â€˜/backup/blewis9â€™: Permission denied
find: â€˜/backup/kcitlak1â€™: Permission denied
find: â€˜/backup/sbohn1â€™: Permission denied
find: â€˜/backup/dlundgrenâ€™: Permission denied
find: â€˜/backup/udemir1â€™: Permission denied
find: â€˜/backup/wkenned1â€™: Permission denied
find: â€˜/backup/ypan13â€™: Permission denied
find: â€˜/backup/eaghaja1â€™: Permission denied
find: â€˜/backup/kgell1â€™: Permission denied
find: â€˜/backup/sgrimm2â€™: Permission denied
find: â€˜/backup/dmendel1â€™: Permission denied
find: â€˜/backup/skonath1â€™: Permission denied
find: â€˜/backup/dmrsic1â€™: Permission denied
find: â€˜/backup/dnapoli1â€™: Permission denied
find: â€˜/backup/khill9â€™: Permission denied
find: â€˜/backup/slin100â€™: Permission denied
find: â€˜/backup/doranâ€™: Permission denied
find: â€˜/backup/srally1â€™: Permission denied
find: â€˜/backup/dpatelâ€™: Permission denied
find: â€˜/backup/xwang247â€™: Permission denied
find: â€˜/backup/zli192â€™: Permission denied
find: â€˜/backup/jhuyghu1â€™: Permission denied
find: â€˜/backup/mzhan102â€™: Permission denied
find: â€˜/backup/plnu2â€™: Permission denied
find: â€˜/backup/drewâ€™: Permission denied
find: â€˜/backup/ssing117â€™: Permission denied
find: â€˜/backup/drseussâ€™: Permission denied
find: â€˜/backup/dscoffâ€™: Permission denied
find: â€˜/backup/ssnell1â€™: Permission denied
find: â€˜/backup/dshahâ€™: Permission denied
find: â€˜/backup/wzhangc1â€™: Permission denied
find: â€˜/backup/ypatel9â€™: Permission denied
find: â€˜/backup/ebreban1â€™: Permission denied
find: â€˜/backup/ksaini1â€™: Permission denied
find: â€˜/backup/sstella1â€™: Permission denied
find: â€˜/backup/dtu1â€™: Permission denied
find: â€˜/backup/stapkee1â€™: Permission denied
find: â€˜/backup/sthorat2â€™: Permission denied
find: â€˜/backup/sthorat3â€™: Permission denied
find: â€˜/backup/tbrentarâ€™: Permission denied
find: â€˜/backup/tkondap1â€™: Permission denied
find: â€˜/backup/trecupe1â€™: Permission denied
find: â€˜/backup/tvakkal1â€™: Permission denied
find: â€˜/backup/vbakshi1â€™: Permission denied
find: â€˜/backup/xdeng7â€™: Permission denied
find: â€˜/backup/yshinga1â€™: Permission denied
find: â€˜/backup/elancer1â€™: Permission denied
find: â€˜/backup/kzeller1â€™: Permission denied
find: â€˜/backup/sveliya1â€™: Permission denied
find: â€˜/backup/eadler1â€™: Permission denied
find: â€˜/backup/eaktasâ€™: Permission denied
find: â€˜/backup/ytang43â€™: Permission denied
find: â€˜/backup/falmato1â€™: Permission denied
find: â€˜/backup/mchae1â€™: Permission denied
find: â€˜/backup/tbrown57â€™: Permission denied
find: â€˜/backup/edede1â€™: Permission denied
find: â€˜/backup/jliptak1â€™: Permission denied
find: â€˜/backup/nayan1â€™: Permission denied
find: â€˜/backup/thur1â€™: Permission denied
find: â€˜/backup/eglafck1â€™: Permission denied
find: â€˜/backup/mdamiat1â€™: Permission denied
find: â€˜/backup/tkapadi1â€™: Permission denied
find: â€˜/backup/ehabâ€™: Permission denied
find: â€˜/backup/ehaddad1â€™: Permission denied
find: â€˜/backup/yxu133â€™: Permission denied
find: â€˜/backup/fzhang27â€™: Permission denied
find: â€˜/backup/mfoster7â€™: Permission denied
find: â€˜/backup/tkatz1â€™: Permission denied
find: â€˜/backup/ekonev1â€™: Permission denied
find: â€˜/backup/jliu212â€™: Permission denied
find: â€˜/backup/ndagost1â€™: Permission denied
find: â€˜/backup/tman1â€™: Permission denied
find: â€˜/backup/emattisonâ€™: Permission denied
find: â€˜/backup/mmille60â€™: Permission denied
find: â€˜/backup/tloja1â€™: Permission denied
find: â€˜/backup/emergeplâ€™: Permission denied
find: â€˜/backup/emstarâ€™: Permission denied
find: â€˜/backup/ndedios1â€™: Permission denied
find: â€˜/backup/yhu92â€™: Permission denied
find: â€˜/backup/engageâ€™: Permission denied
find: â€˜/backup/engelenâ€™: Permission denied
find: â€˜/backup/xzhan244â€™: Permission denied
find: â€˜/backup/lalsunn1â€™: Permission denied
find: â€˜/backup/jschwel1â€™: Permission denied
find: â€˜/backup/nruizto1â€™: Permission denied
find: â€˜/backup/zqiu4â€™: Permission denied
find: â€˜/backup/erdilâ€™: Permission denied
find: â€˜/backup/wcornej1â€™: Permission denied
find: â€˜/backup/esabbahâ€™: Permission denied
find: â€˜/backup/mmuffol1â€™: Permission denied
find: â€˜/backup/ydaggup1â€™: Permission denied
find: â€˜/backup/esteflikâ€™: Permission denied
find: â€˜/backup/mnorton1â€™: Permission denied
find: â€˜/backup/ylin145â€™: Permission denied
find: â€˜/backup/etildenâ€™: Permission denied
find: â€˜/backup/hmanda1â€™: Permission denied
find: â€˜/backup/molavar1â€™: Permission denied
find: â€˜/backup/ysun59â€™: Permission denied
find: â€˜/backup/eway1â€™: Permission denied
find: â€˜/backup/vbeauge1â€™: Permission denied
find: â€˜/backup/xguo38â€™: Permission denied
find: â€˜/backup/zkabari1â€™: Permission denied
find: â€˜/backup/hpham3â€™: Permission denied
find: â€˜/backup/mshah38â€™: Permission denied
find: â€˜/backup/ytao15â€™: Permission denied
find: â€˜/backup/facultyâ€™: Permission denied
find: â€˜/backup/facwebâ€™: Permission denied
find: â€˜/backup/fafram1â€™: Permission denied
find: â€˜/backup/fahlbuscâ€™: Permission denied
find: â€˜/backup/falgaha1â€™: Permission denied
find: â€˜/backup/aashraf1â€™: Permission denied
find: â€˜/backup/farisâ€™: Permission denied
find: â€˜/backup/farnoldâ€™: Permission denied
find: â€˜/backup/nshea1â€™: Permission denied
find: â€˜/backup/zwen7â€™: Permission denied
find: â€˜/backup/fcswiftâ€™: Permission denied
find: â€˜/backup/twellin1â€™: Permission denied
find: â€˜/backup/vdevara2â€™: Permission denied
find: â€˜/backup/xliang24â€™: Permission denied
find: â€˜/backup/zli191â€™: Permission denied
find: â€˜/backup/hstein6â€™: Permission denied
find: â€˜/backup/mspano2â€™: Permission denied
find: â€˜/backup/adelcas1â€™: Permission denied
find: â€˜/backup/fmriâ€™: Permission denied
find: â€˜/backup/foremanâ€™: Permission denied
find: â€˜/backup/forwebâ€™: Permission denied
find: â€˜/backup/ychandi1â€™: Permission denied
find: â€˜/backup/hoeppnerâ€™: Permission denied
find: â€˜/backup/jstanle2â€™: Permission denied
find: â€˜/backup/pdonnel1â€™: Permission denied
find: â€˜/backup/ccui7â€™: Permission denied
find: â€˜/backup/fzhuâ€™: Permission denied
find: â€˜/backup/gaduâ€™: Permission denied
find: â€˜/backup/gaicâ€™: Permission denied
find: â€˜/backup/dschust2â€™: Permission denied
find: â€˜/backup/gamingâ€™: Permission denied
find: â€˜/backup/gaoâ€™: Permission denied
find: â€˜/backup/garrisonâ€™: Permission denied
find: â€˜/backup/gbiyani1â€™: Permission denied
find: â€˜/backup/dtierne2â€™: Permission denied
find: â€˜/backup/gcrlâ€™: Permission denied
find: â€˜/backup/geertâ€™: Permission denied
find: â€˜/backup/titzhak1â€™: Permission denied
find: â€˜/backup/achhabr1â€™: Permission denied
find: â€˜/backup/aoztezc1â€™: Permission denied
find: â€˜/backup/bliew1â€™: Permission denied
find: â€˜/backup/ebasan1â€™: Permission denied
find: â€˜/backup/ghoseâ€™: Permission denied
find: â€˜/backup/ebenz1â€™: Permission denied
find: â€˜/backup/gkumar1â€™: Permission denied
find: â€˜/backup/ecetine2â€™: Permission denied
find: â€˜/backup/globusâ€™: Permission denied
find: â€˜/backup/bsadhna1â€™: Permission denied
find: â€˜/backup/ecoolid1â€™: Permission denied
find: â€˜/backup/gmyersâ€™: Permission denied
find: â€˜/backup/gradâ€™: Permission denied
find: â€˜/backup/efergus3â€™: Permission denied
find: â€˜/backup/grajpalâ€™: Permission denied
find: â€˜/backup/graseâ€™: Permission denied
find: â€˜/backup/eisikte1â€™: Permission denied
find: â€˜/backup/gridâ€™: Permission denied
find: â€˜/backup/gridexâ€™: Permission denied
find: â€˜/backup/gridwebâ€™: Permission denied
find: â€˜/backup/bsweet2â€™: Permission denied
find: â€˜/backup/ejang1â€™: Permission denied
find: â€˜/backup/gsivana1â€™: Permission denied
find: â€˜/backup/elurye1â€™: Permission denied
find: â€˜/backup/gsowebâ€™: Permission denied
find: â€˜/backup/gstodda1â€™: Permission denied
find: â€˜/backup/cbrugna1â€™: Permission denied
find: â€˜/backup/eserdar1â€™: Permission denied
find: â€˜/backup/gurhanâ€™: Permission denied
find: â€˜/backup/guydoshâ€™: Permission denied
find: â€˜/backup/eshapir9â€™: Permission denied
find: â€˜/backup/gvenkatâ€™: Permission denied
find: â€˜/backup/cchoi20â€™: Permission denied
find: â€˜/backup/estern7â€™: Permission denied
find: â€˜/backup/gwilber1â€™: Permission denied
find: â€˜/backup/ajain35â€™: Permission denied
find: â€˜/backup/bchen114â€™: Permission denied
find: â€˜/backup/ddoddag1â€™: Permission denied
find: â€˜/backup/ddas1â€™: Permission denied
find: â€˜/backup/haygan1â€™: Permission denied
find: â€˜/backup/dpetzol2â€™: Permission denied
find: â€˜/backup/cs441-testâ€™: Permission denied
find: â€˜/backup/achotal1â€™: Permission denied
find: â€˜/backup/aputnal1â€™: Permission denied
find: â€˜/backup/cdimegl1â€™: Permission denied
find: â€˜/backup/fantona1â€™: Permission denied
find: â€˜/backup/hdesai1â€™: Permission denied
find: â€˜/backup/headâ€™: Permission denied
find: â€˜/backup/acurrer1â€™: Permission denied
find: â€˜/backup/arizzo10â€™: Permission denied
find: â€˜/backup/cherna19â€™: Permission denied
find: â€˜/backup/femmanu1â€™: Permission denied
find: â€˜/backup/himanshuâ€™: Permission denied
find: â€˜/backup/hirenâ€™: Permission denied
find: â€˜/backup/hkangâ€™: Permission denied
find: â€˜/backup/fsarika1â€™: Permission denied
find: â€˜/backup/hkaradi1â€™: Permission denied
find: â€˜/backup/hkilic2â€™: Permission denied
find: â€˜/backup/hkulkar1â€™: Permission denied
find: â€˜/backup/imarkic1â€™: Permission denied
find: â€˜/backup/achaudh9â€™: Permission denied
find: â€˜/backup/akunz3â€™: Permission denied
find: â€˜/backup/bestus1â€™: Permission denied
find: â€˜/backup/dmacejk1â€™: Permission denied
find: â€˜/backup/hparmar1â€™: Permission denied
find: â€˜/backup/hribic1â€™: Permission denied
find: â€˜/backup/ciriart1â€™: Permission denied
find: â€˜/backup/dkunkelâ€™: Permission denied
find: â€˜/backup/abloodg1â€™: Permission denied
find: â€˜/backup/akaleli1â€™: Permission denied
find: â€˜/backup/bchoudh4â€™: Permission denied
find: â€˜/backup/dgouvou1â€™: Permission denied
find: â€˜/backup/dfan2â€™: Permission denied
find: â€˜/backup/hsuthapaâ€™: Permission denied
find: â€˜/backup/hzengâ€™: Permission denied
find: â€˜/backup/hzhu1â€™: Permission denied
find: â€˜/backup/hzou1â€™: Permission denied
find: â€˜/backup/alongo5â€™: Permission denied
find: â€˜/backup/aricci5â€™: Permission denied
find: â€˜/backup/bdelane1â€™: Permission denied
find: â€˜/backup/roboticsâ€™: Permission denied
find: â€˜/backup/aashok1â€™: Permission denied
find: â€˜/backup/adhruv1â€™: Permission denied
find: â€˜/backup/asawant2â€™: Permission denied
find: â€˜/backup/cjenkin1â€™: Permission denied
find: â€˜/backup/hmulla1â€™: Permission denied
find: â€˜/backup/ilianoâ€™: Permission denied
find: â€˜/backup/hpacher1â€™: Permission denied
find: â€˜/backup/imranâ€™: Permission denied
find: â€˜/backup/indangeredâ€™: Permission denied
find: â€˜/backup/intrieriâ€™: Permission denied
find: â€˜/backup/cjoaqui1â€™: Permission denied
find: â€˜/backup/hxiao4â€™: Permission denied
find: â€˜/backup/ivdglâ€™: Permission denied
find: â€˜/backup/iwobiâ€™: Permission denied
find: â€˜/backup/aceylan1â€™: Permission denied
find: â€˜/backup/akancha1â€™: Permission denied
find: â€˜/backup/bcohada1â€™: Permission denied
find: â€˜/backup/dli114â€™: Permission denied
find: â€˜/backup/jdua1â€™: Permission denied
find: â€˜/backup/janders1â€™: Permission denied
find: â€˜/backup/bdevrie1â€™: Permission denied
find: â€˜/backup/jditkof1â€™: Permission denied
find: â€˜/backup/aanveka2â€™: Permission denied
find: â€˜/backup/adogana1â€™: Permission denied
find: â€˜/backup/asawwal1â€™: Permission denied
find: â€˜/backup/ckshirs1â€™: Permission denied
find: â€˜/backup/ids-webâ€™: Permission denied
find: â€˜/backup/jbednaszâ€™: Permission denied
find: â€˜/backup/agonza70â€™: Permission denied
find: â€˜/backup/akapur4â€™: Permission denied
find: â€˜/backup/amccart9â€™: Permission denied
find: â€˜/backup/asirota3â€™: Permission denied
find: â€˜/backup/bmarti38â€™: Permission denied
find: â€˜/backup/lperlow1â€™: Permission denied
find: â€˜/backup/abhagwa1â€™: Permission denied
find: â€˜/backup/aeghbal1â€™: Permission denied
find: â€˜/backup/aservet1â€™: Permission denied
find: â€˜/backup/ckulkar2â€™: Permission denied
find: â€˜/backup/jarora2â€™: Permission denied
find: â€˜/backup/jcheria1â€™: Permission denied
find: â€˜/backup/afelsen3â€™: Permission denied
find: â€˜/backup/aferrei3â€™: Permission denied
find: â€˜/backup/agermos1â€™: Permission denied
find: â€˜/backup/aheffer1â€™: Permission denied
find: â€˜/backup/alee884â€™: Permission denied
find: â€˜/backup/amcmanu4â€™: Permission denied
find: â€˜/backup/awaring1â€™: Permission denied
find: â€˜/backup/ccipp1â€™: Permission denied
find: â€˜/backup/chouckâ€™: Permission denied
find: â€˜/backup/abixby1â€™: Permission denied
find: â€˜/backup/agoetz3â€™: Permission denied
find: â€˜/backup/asing134â€™: Permission denied
find: â€˜/backup/clindsa1â€™: Permission denied
find: â€˜/backup/jbabbit1â€™: Permission denied
find: â€˜/backup/jelwell1â€™: Permission denied
find: â€˜/backup/dallen9â€™: Permission denied
find: â€˜/backup/mallingtâ€™: Permission denied
find: â€˜/backup/achaud12â€™: Permission denied
find: â€˜/backup/akayhan1â€™: Permission denied
find: â€˜/backup/bdeore1â€™: Permission denied
find: â€˜/backup/dlockye1â€™: Permission denied
find: â€˜/backup/kyi3â€™: Permission denied
find: â€˜/backup/jgallia1â€™: Permission denied
find: â€˜/backup/agrace2â€™: Permission denied
find: â€˜/backup/awalley1â€™: Permission denied
find: â€˜/backup/cliu118â€™: Permission denied
find: â€˜/backup/jbarkov1â€™: Permission denied
find: â€˜/backup/jglafck1â€™: Permission denied
find: â€˜/backup/jeipp1â€™: Permission denied
find: â€˜/backup/jgrode1â€™: Permission denied
find: â€˜/backup/agross22â€™: Permission denied
find: â€˜/backup/awilso16â€™: Permission denied
find: â€˜/backup/ctran20â€™: Permission denied
find: â€˜/backup/jfeinla1â€™: Permission denied
find: â€˜/backup/jhartog1â€™: Permission denied
find: â€˜/backup/cyang58â€™: Permission denied
find: â€˜/backup/jhaller1â€™: Permission denied
find: â€˜/backup/jhicksâ€™: Permission denied
find: â€˜/backup/ahoriha1â€™: Permission denied
find: â€˜/backup/bchadha1â€™: Permission denied
find: â€˜/backup/dcordei1â€™: Permission denied
find: â€˜/backup/jhertik1â€™: Permission denied
find: â€˜/backup/jhollaâ€™: Permission denied
find: â€˜/backup/amishr11â€™: Permission denied
find: â€˜/backup/bizar1â€™: Permission denied
find: â€˜/backup/dreyes12â€™: Permission denied
find: â€˜/backup/jrodr151â€™: Permission denied
find: â€˜/backup/jsutton3â€™: Permission denied
find: â€˜/backup/jyoo45â€™: Permission denied
find: â€˜/backup/kferna11â€™: Permission denied
find: â€˜/backup/ksawant1â€™: Permission denied
find: â€˜/backup/marsene1â€™: Permission denied
find: â€˜/backup/mmurray8â€™: Permission denied
find: â€˜/backup/nburzyn1â€™: Permission denied
find: â€˜/backup/nrogosz1â€™: Permission denied
find: â€˜/backup/preddyl1â€™: Permission denied
find: â€˜/backup/scogay1â€™: Permission denied
find: â€˜/backup/svishwa2â€™: Permission denied
find: â€˜/backup/test5â€™: Permission denied
find: â€˜/backup/jlaiâ€™: Permission denied
find: â€˜/backup/kdeshpa5â€™: Permission denied
find: â€˜/backup/khirana1â€™: Permission denied
find: â€˜/backup/kwill113â€™: Permission denied
find: â€˜/backup/mcetin3â€™: Permission denied
find: â€˜/backup/mparlaw1â€™: Permission denied
find: â€˜/backup/ngawade1â€™: Permission denied
find: â€˜/backup/ocummin1â€™: Permission denied
find: â€˜/backup/pwalke1â€™: Permission denied
find: â€˜/backup/sdias1â€™: Permission denied
find: â€˜/backup/syudhoa1â€™: Permission denied
find: â€˜/backup/jloewâ€™: Permission denied
find: â€˜/backup/kdublin1â€™: Permission denied
find: â€˜/backup/khsieh3â€™: Permission denied
find: â€˜/backup/lkollur1â€™: Permission denied
find: â€˜/backup/mfoley9â€™: Permission denied
find: â€˜/backup/mruffne1â€™: Permission denied
find: â€˜/backup/nkommur1â€™: Permission denied
find: â€˜/backup/okulkar4â€™: Permission denied
find: â€˜/backup/rbadada1â€™: Permission denied
find: â€˜/backup/sforker1â€™: Permission denied
find: â€˜/backup/talon1â€™: Permission denied
find: â€˜/backup/jmessin2â€™: Permission denied
find: â€˜/backup/rfujita1â€™: Permission denied
find: â€˜/backup/siftekh1â€™: Permission denied
find: â€˜/backup/tgilber5â€™: Permission denied
find: â€˜/backup/jmooreâ€™: Permission denied
find: â€˜/backup/tgisi1â€™: Permission denied
find: â€˜/backup/jnarayanâ€™: Permission denied
find: â€˜/backup/rgeary1â€™: Permission denied
find: â€˜/backup/skolhap1â€™: Permission denied
find: â€˜/backup/tgrusze1â€™: Permission denied
find: â€˜/backup/johâ€™: Permission denied
find: â€˜/backup/tmarder1â€™: Permission denied
find: â€˜/backup/jparkarâ€™: Permission denied
find: â€˜/backup/munsal1â€™: Permission denied
find: â€˜/backup/npatel62â€™: Permission denied
find: â€˜/backup/omavitu1â€™: Permission denied
find: â€˜/backup/rkaur21â€™: Permission denied
find: â€˜/backup/smanne1â€™: Permission denied
find: â€˜/backup/tquiles1â€™: Permission denied
find: â€˜/backup/jqiuâ€™: Permission denied
find: â€˜/backup/kmanriq1â€™: Permission denied
find: â€˜/backup/ltaveir1â€™: Permission denied
find: â€˜/backup/mjiang39â€™: Permission denied
find: â€˜/backup/mvani1â€™: Permission denied
find: â€˜/backup/npatel64â€™: Permission denied
find: â€˜/backup/pdeshpa2â€™: Permission denied
find: â€˜/backup/rkulka22â€™: Permission denied
find: â€˜/backup/smestry1â€™: Permission denied
find: â€˜/backup/tunsel1â€™: Permission denied
find: â€˜/backup/jrosswogâ€™: Permission denied
find: â€˜/backup/pdeshpa3â€™: Permission denied
find: â€˜/backup/rmeliti1â€™: Permission denied
find: â€˜/backup/smorram1â€™: Permission denied
find: â€˜/backup/twilli81â€™: Permission denied
find: â€˜/backup/jryderâ€™: Permission denied
find: â€˜/backup/pfeng1â€™: Permission denied
find: â€˜/backup/rmusale1â€™: Permission denied
find: â€˜/backup/smukka1â€™: Permission denied
find: â€˜/backup/ukayaal1â€™: Permission denied
find: â€˜/backup/jschmid2â€™: Permission denied
find: â€˜/backup/jschmit2â€™: Permission denied
find: â€˜/backup/soshay1â€™: Permission denied
find: â€˜/backup/vbhosal1â€™: Permission denied
find: â€˜/backup/jsharkeâ€™: Permission denied
find: â€˜/backup/vtran6â€™: Permission denied
find: â€˜/backup/jsilvelaâ€™: Permission denied
find: â€˜/backup/jsimone1â€™: Permission denied
find: â€˜/backup/jskovro1â€™: Permission denied
find: â€˜/backup/mkhoman1â€™: Permission denied
find: â€˜/backup/myan28â€™: Permission denied
find: â€˜/backup/npoda1â€™: Permission denied
find: â€˜/backup/pkarthi1â€™: Permission denied
find: â€˜/backup/rpokhar1â€™: Permission denied
find: â€˜/backup/sozdemi2â€™: Permission denied
find: â€˜/backup/wleng1â€™: Permission denied
find: â€˜/backup/jsteinbergâ€™: Permission denied
find: â€˜/backup/jsweeny1â€™: Permission denied
find: â€˜/backup/jli452â€™: Permission denied
find: â€˜/backup/jli461â€™: Permission denied
find: â€˜/backup/jmcmah10â€™: Permission denied
find: â€˜/backup/jmeguir1â€™: Permission denied
find: â€˜/backup/jseiber1â€™: Permission denied
find: â€˜/backup/jvail1â€™: Permission denied
find: â€˜/backup/kchings1â€™: Permission denied
find: â€˜/backup/kgaffne1â€™: Permission denied
find: â€˜/backup/kvartak2â€™: Permission denied
find: â€˜/backup/maziz3â€™: Permission denied
find: â€˜/backup/mparker4â€™: Permission denied
find: â€˜/backup/ncorvi1â€™: Permission denied
find: â€˜/backup/oalamut1â€™: Permission denied
find: â€˜/backup/psammon1â€™: Permission denied
find: â€˜/backup/sdesai13â€™: Permission denied
find: â€˜/backup/swang206â€™: Permission denied
find: â€˜/backup/jwang36â€™: Permission denied
find: â€˜/backup/rsaptar2â€™: Permission denied
find: â€˜/backup/sozden1â€™: Permission denied
find: â€˜/backup/xchen269â€™: Permission denied
find: â€˜/backup/jwetzel1â€™: Permission denied
find: â€˜/backup/plonkar1â€™: Permission denied
find: â€˜/backup/rsaraf1â€™: Permission denied
find: â€˜/backup/spalshe1â€™: Permission denied
find: â€˜/backup/xluo22â€™: Permission denied
find: â€˜/backup/jwolter1â€™: Permission denied
find: â€˜/backup/sparra2â€™: Permission denied
find: â€˜/backup/yguo71â€™: Permission denied
find: â€˜/backup/jwu6â€™: Permission denied
find: â€˜/backup/jyaoâ€™: Permission denied
find: â€˜/backup/yli418â€™: Permission denied
find: â€˜/backup/jzhangâ€™: Permission denied
find: â€˜/backup/rshendl1â€™: Permission denied
find: â€˜/backup/sparuch1â€™: Permission denied
find: â€˜/backup/yliu401â€™: Permission denied
find: â€˜/backup/kamarijâ€™: Permission denied
find: â€˜/backup/kangâ€™: Permission denied
find: â€˜/backup/kartikâ€™: Permission denied
find: â€˜/backup/kaushikâ€™: Permission denied
find: â€˜/backup/ysaglam1â€™: Permission denied
find: â€˜/backup/kbahulkarâ€™: Permission denied
find: â€˜/backup/mmillar3â€™: Permission denied
find: â€˜/backup/nananth1â€™: Permission denied
find: â€˜/backup/nreisch1â€™: Permission denied
find: â€˜/backup/ppatil7â€™: Permission denied
find: â€˜/backup/sagrawa4â€™: Permission denied
find: â€˜/backup/spatwa1â€™: Permission denied
find: â€˜/backup/yyang202â€™: Permission denied
find: â€˜/backup/kchiuâ€™: Permission denied
find: â€˜/backup/levliya1â€™: Permission denied
find: â€˜/backup/mdang1â€™: Permission denied
find: â€˜/backup/mpinz1â€™: Permission denied
find: â€˜/backup/ngupta4â€™: Permission denied
find: â€˜/backup/okircan1â€™: Permission denied
/backup/qxiong1/linux/2019/09-08/Downloads/cstack.c
/backup/qxiong1/linux/2019/09-08/Past files/cstack.c
/backup/qxiong1/linux/2019/09-08/Past files/t1.c
/backup/qxiong1/linux/2019/09-08/Past files/v.c
/backup/qxiong1/linux/2019/09-08/Past files/x.c
/backup/qxiong1/linux/2019/09-08/git-repos/cs220/labs/lab2/files/ex1/hello.c
/backup/qxiong1/linux/2019/09-08/git-repos/cs220/labs/lab2/files/ex3/main.c
/backup/qxiong1/linux/2019/09-08/git-repos/cs220/labs/lab2/files/ex3/quadr.c
/backup/qxiong1/linux/2019/09-08/git-repos/cs220/labs/lab2/files/ex4/key-value.c
/backup/qxiong1/linux/2019/09-08/git-repos/cs220/labs/lab2/files/ex4/main.c
/backup/qxiong1/linux/2019/09-08/git-repos/cs220/labs/lab2/files/ex4/process-file.c
/backup/qxiong1/linux/2019/09-08/git-repos/cs220/labs/lab3/files/ex1/hello.c
/backup/qxiong1/linux/2019/09-08/git-repos/cs220/labs/lab3/files/ex2/hello.c
/backup/qxiong1/linux/2019/09-08/git-repos/cs220/projects/prj1/prj1-sol/bits-to-ints.c
/backup/qxiong1/linux/2019/09-08/git-repos/cs220/projects/prj1/prj1-sol/main.c
/backup/qxiong1/linux/2019/09-08/git-repos/cs220/projects/prj1/prj1-sol/errors.c
/backup/qxiong1/linux/2019/09-08/git-repos/cs220/slides/intro/code/hello.c
/backup/qxiong1/linux/2019/09-08/git-repos/cs220/slides/c-intro/code/count-1s-1.c
/backup/qxiong1/linux/2019/09-08/git-repos/cs220/slides/c-intro/code/count-1s-2.c
/backup/qxiong1/linux/2019/09-08/git-repos/cs220/slides/c-intro/code/endian.c
/backup/qxiong1/linux/2019/09-08/git-repos/cs220/slides/c-intro/code/integer-sizes.c
/backup/qxiong1/linux/2019/09-08/git-repos/cs220/slides/c-intro/code/kilo-powers.c
/backup/qxiong1/linux/2019/09-08/git-repos/cs220/slides/c-intro/code/bases.c
/backup/qxiong1/linux/2019/09-08/git-repos/cs220/slides/c-intro/code/out-bits.c
/backup/qxiong1/linux/2019/09-08/git-repos/cs220/slides/c-intro/code/ptr-sum.c
/backup/qxiong1/linux/2019/09-08/git-repos/cs220/slides/c-intro/code/robust-sum.c
/backup/qxiong1/linux/2019/09-08/git-repos/cs220/slides/c-intro/code/sum-args.c
/backup/qxiong1/linux/2019/09-08/git-repos/cs220/slides/c-intro/code/sum.c
/backup/qxiong1/linux/2019/09-08/git-repos/cs220/slides/c-intro/code/wc.c
/backup/qxiong1/linux/2019/09-08/git-repos/i220b.bak/submit/lab2/ex1/hello.c
/backup/qxiong1/linux/2019/09-08/git-repos/i220b.bak/submit/lab2/ex3/main.c
/backup/qxiong1/linux/2019/09-08/git-repos/i220b.bak/submit/lab2/ex3/quadr.c
/backup/qxiong1/linux/2019/09-08/git-repos/i220b.bak/submit/lab2/ex4/key-value.c
/backup/qxiong1/linux/2019/09-08/git-repos/i220b.bak/submit/lab2/ex4/main.c
/backup/qxiong1/linux/2019/09-08/git-repos/i220b.bak/submit/lab2/ex4/process-file.c
/backup/qxiong1/linux/2019/09-08/git-repos/i220b/submit/lab2/ex1/hello.c
/backup/qxiong1/linux/2019/09-08/git-repos/i220b/submit/lab2/ex3/main.c
/backup/qxiong1/linux/2019/09-08/git-repos/i220b/submit/lab2/ex3/quadr.c
/backup/qxiong1/linux/2019/09-08/git-repos/i220b/submit/lab2/ex4/key-value.c
/backup/qxiong1/linux/2019/09-08/git-repos/i220b/submit/lab2/ex4/main.c
/backup/qxiong1/linux/2019/09-08/git-repos/i220b/submit/lab2/ex4/process-file.c
/backup/qxiong1/linux/2019/09-08/git-repos/i220b/submit/lab3/files/ex1/hello.c
/backup/qxiong1/linux/2019/09-08/git-repos/i220b/submit/lab3/files/ex2/hello.c
/backup/qxiong1/linux/2019/09-08/git-repos/i220b/work/prj1-sol/bits-to-ints.c
/backup/qxiong1/linux/2019/09-08/git-repos/i220b/work/prj1-sol/errors.c
/backup/qxiong1/linux/2019/09-08/git-repos/i220b/work/prj1-sol/main.c
/backup/qxiong1/linux/2019/10-06/Downloads/cstack.c
/backup/qxiong1/linux/2019/10-06/Past files/cstack.c
/backup/qxiong1/linux/2019/10-06/Past files/t1.c
/backup/qxiong1/linux/2019/10-06/Past files/v.c
/backup/qxiong1/linux/2019/10-06/Past files/x.c
/backup/qxiong1/linux/2019/10-06/git-repos/cs220/labs/lab2/files/ex1/hello.c
/backup/qxiong1/linux/2019/10-06/git-repos/cs220/labs/lab2/files/ex3/main.c
/backup/qxiong1/linux/2019/10-06/git-repos/cs220/labs/lab2/files/ex3/quadr.c
/backup/qxiong1/linux/2019/10-06/git-repos/cs220/labs/lab2/files/ex4/key-value.c
/backup/qxiong1/linux/2019/10-06/git-repos/cs220/labs/lab2/files/ex4/main.c
/backup/qxiong1/linux/2019/10-06/git-repos/cs220/labs/lab2/files/ex4/process-file.c
/backup/qxiong1/linux/2019/10-06/git-repos/cs220/labs/lab3/files/ex1/hello.c
/backup/qxiong1/linux/2019/10-06/git-repos/cs220/labs/lab3/files/ex2/hello.c
/backup/qxiong1/linux/2019/10-06/git-repos/cs220/labs/lab5/files/ex1/pointers.c
/backup/qxiong1/linux/2019/10-06/git-repos/cs220/labs/lab5/files/ex2/in-pointers.c
/backup/qxiong1/linux/2019/10-06/git-repos/cs220/labs/lab5/files/ex3/bad-types.c
/backup/qxiong1/linux/2019/10-06/git-repos/cs220/labs/lab5/files/ex4/cast-types.c
/backup/qxiong1/linux/2019/10-06/git-repos/cs220/labs/lab5/files/ex5/void-pointers.c
/backup/qxiong1/linux/2019/10-06/git-repos/cs220/labs/lab5/files/ex6/in-voids.c
/backup/qxiong1/linux/2019/10-06/git-repos/cs220/misc/bin-num/220a/bin-num.c
/backup/qxiong1/linux/2019/10-06/git-repos/cs220/misc/bin-num/220b/bin-num.c
/backup/qxiong1/linux/2019/10-06/git-repos/cs220/projects/prj1-sol/bits-to-ints.c
/backup/qxiong1/linux/2019/10-06/git-repos/cs220/projects/prj1-sol/errors.c
/backup/qxiong1/linux/2019/10-06/git-repos/cs220/projects/prj1-sol/main.c
/backup/qxiong1/linux/2019/10-06/git-repos/cs220/projects/prj1/prj1-sol/bits-to-ints.c
/backup/qxiong1/linux/2019/10-06/git-repos/cs220/projects/prj1/prj1-sol/main.c
/backup/qxiong1/linux/2019/10-06/git-repos/cs220/projects/prj1/prj1-sol/errors.c
/backup/qxiong1/linux/2019/10-06/git-repos/cs220/projects/prj2/prj2-sol/big-bits.c
/backup/qxiong1/linux/2019/10-06/git-repos/cs220/projects/prj2/prj2-sol/errors.c
/backup/qxiong1/linux/2019/10-06/git-repos/cs220/projects/prj2/prj2-sol/hex-util.c
/backup/qxiong1/linux/2019/10-06/git-repos/cs220/projects/prj2/prj2-sol/main.c
/backup/qxiong1/linux/2019/10-06/git-repos/cs220/projects/prj2/prj2-sol/stack.c
/backup/qxiong1/linux/2019/10-06/git-repos/cs220/slides/adts/code/stack.c
/backup/qxiong1/linux/2019/10-06/git-repos/cs220/slides/c-intro/code/integer-sizes.c
/backup/qxiong1/linux/2019/10-06/git-repos/cs220/slides/c-intro/code/kilo-powers.c
/backup/qxiong1/linux/2019/10-06/git-repos/cs220/slides/c-intro/code/ptr-sum.c
/backup/qxiong1/linux/2019/10-06/git-repos/cs220/slides/c-intro/code/robust-sum.c
/backup/qxiong1/linux/2019/10-06/git-repos/cs220/slides/c-intro/code/sum-args.c
/backup/qxiong1/linux/2019/10-06/git-repos/cs220/slides/c-intro/code/count-1s-1.c
/backup/qxiong1/linux/2019/10-06/git-repos/cs220/slides/c-intro/code/count-1s-2.c
/backup/qxiong1/linux/2019/10-06/git-repos/cs220/slides/c-intro/code/endian.c
/backup/qxiong1/linux/2019/10-06/git-repos/cs220/slides/c-intro/code/wc.c
/backup/qxiong1/linux/2019/10-06/git-repos/cs220/slides/c-intro/code/bases.c
/backup/qxiong1/linux/2019/10-06/git-repos/cs220/slides/c-intro/code/out-bits.c
/backup/qxiong1/linux/2019/10-06/git-repos/cs220/slides/c-intro/code/sum.c
/backup/qxiong1/linux/2019/10-06/git-repos/cs220/slides/intro/code/hello.c
/backup/qxiong1/linux/2019/10-06/git-repos/cs220/slides/x86/code/move/move.c
/backup/qxiong1/linux/2019/10-06/git-repos/cs220/slides/x86/code/mstore/main.c
/backup/qxiong1/linux/2019/10-06/git-repos/cs220/slides/x86/code/mstore/mstore.c
/backup/qxiong1/linux/2019/10-06/git-repos/cs220/slides/x86/code/simple/simple.c
/backup/qxiong1/linux/2019/10-06/git-repos/cs220/slides/x86/code/sum1/sum1.c
/backup/qxiong1/linux/2019/10-06/git-repos/cs220/slides/x86/code/abs-diff.c
/backup/qxiong1/linux/2019/10-06/git-repos/cs220/slides/x86/code/arith.c
/backup/qxiong1/linux/2019/10-06/git-repos/cs220/slides/x86/code/cmp-sets.c
/backup/qxiong1/linux/2019/10-06/git-repos/cs220/slides/x86/code/conditional-move.c
/backup/qxiong1/linux/2019/10-06/git-repos/cs220/slides/x86/code/div-mod.c
/backup/qxiong1/linux/2019/10-06/git-repos/cs220/slides/x86/code/dynamic-array.c
/backup/qxiong1/linux/2019/10-06/git-repos/cs220/slides/x86/code/fact-do-while.c
/backup/qxiong1/linux/2019/10-06/git-repos/cs220/slides/x86/code/fact-while.c
/backup/qxiong1/linux/2019/10-06/git-repos/cs220/slides/x86/code/fact.c
/backup/qxiong1/linux/2019/10-06/git-repos/cs220/slides/x86/code/find.c
/backup/qxiong1/linux/2019/10-06/git-repos/cs220/slides/x86/code/indirect-goto.c
/backup/qxiong1/linux/2019/10-06/git-repos/cs220/slides/x86/code/mul.c
/backup/qxiong1/linux/2019/10-06/git-repos/cs220/slides/x86/code/multi-dim.c
/backup/qxiong1/linux/2019/10-06/git-repos/cs220/slides/x86/code/no-frame.c
/backup/qxiong1/linux/2019/10-06/git-repos/cs220/slides/x86/code/rect-array.c
/backup/qxiong1/linux/2019/10-06/git-repos/cs220/slides/x86/code/rect.c
/backup/qxiong1/linux/2019/10-06/git-repos/cs220/slides/x86/code/stack-frame.c
/backup/qxiong1/linux/2019/10-06/git-repos/cs220/slides/x86/code/sum.c
/backup/qxiong1/linux/2019/10-06/git-repos/cs220/slides/x86/code/swap.c
/backup/qxiong1/linux/2019/10-06/git-repos/cs220/slides/x86/code/switch.c
/backup/qxiong1/linux/2019/10-06/git-repos/i220b.bak/submit/lab2/ex1/hello.c
/backup/qxiong1/linux/2019/10-06/git-repos/i220b.bak/submit/lab2/ex3/main.c
/backup/qxiong1/linux/2019/10-06/git-repos/i220b.bak/submit/lab2/ex3/quadr.c
/backup/qxiong1/linux/2019/10-06/git-repos/i220b.bak/submit/lab2/ex4/key-value.c
/backup/qxiong1/linux/2019/10-06/git-repos/i220b.bak/submit/lab2/ex4/main.c
/backup/qxiong1/linux/2019/10-06/git-repos/i220b.bak/submit/lab2/ex4/process-file.c
/backup/qxiong1/linux/2019/10-06/git-repos/i220b/submit/lab2/ex1/hello.c
/backup/qxiong1/linux/2019/10-06/git-repos/i220b/submit/lab2/ex3/main.c
/backup/qxiong1/linux/2019/10-06/git-repos/i220b/submit/lab2/ex3/quadr.c
/backup/qxiong1/linux/2019/10-06/git-repos/i220b/submit/lab2/ex4/key-value.c
/backup/qxiong1/linux/2019/10-06/git-repos/i220b/submit/lab2/ex4/main.c
/backup/qxiong1/linux/2019/10-06/git-repos/i220b/submit/lab2/ex4/process-file.c
/backup/qxiong1/linux/2019/10-06/git-repos/i220b/submit/lab3/files/ex1/hello.c
/backup/qxiong1/linux/2019/10-06/git-repos/i220b/submit/lab3/files/ex2/hello.c
/backup/qxiong1/linux/2019/10-06/git-repos/i220b/submit/lab4/ex7/nan.c
/backup/qxiong1/linux/2019/10-06/git-repos/i220b/submit/lab4/ex8/ulp.c
/backup/qxiong1/linux/2019/10-06/git-repos/i220b/submit/lab4/ex9/loop.c
/backup/qxiong1/linux/2019/10-06/git-repos/i220b/submit/lab4/ex1/uints.c
/backup/qxiong1/linux/2019/10-06/git-repos/i220b/submit/lab4/ex2/ints.c
/backup/qxiong1/linux/2019/10-06/git-repos/i220b/submit/lab4/ex3/identify.c
/backup/qxiong1/linux/2019/10-06/git-repos/i220b/submit/lab4/ex4/negeq.c
/backup/qxiong1/linux/2019/10-06/git-repos/i220b/submit/lab4/ex6/0.1.c
/backup/qxiong1/linux/2019/10-06/git-repos/i220b/submit/lab5/ex1/pointers.c
/backup/qxiong1/linux/2019/10-06/git-repos/i220b/submit/lab5/ex2/in-pointers.c
/backup/qxiong1/linux/2019/10-06/git-repos/i220b/submit/lab5/ex3/bad-types.c
/backup/qxiong1/linux/2019/10-06/git-repos/i220b/submit/lab5/ex4/cast-types.c
/backup/qxiong1/linux/2019/10-06/git-repos/i220b/submit/lab5/ex5/void-pointers.c
/backup/qxiong1/linux/2019/10-06/git-repos/i220b/submit/lab5/ex6/in-voids.c
/backup/qxiong1/linux/2019/10-06/git-repos/i220b/submit/lab6/brk/brk.c
/backup/qxiong1/linux/2019/10-06/git-repos/i220b/submit/lab6/bug-program/bug-program.c
/backup/qxiong1/linux/2019/10-06/git-repos/i220b/submit/lab6/process-memory/process-memory.c
/backup/qxiong1/linux/2019/10-06/git-repos/i220b/submit/lab7/libgeom/circ.c
/backup/qxiong1/linux/2019/10-06/git-repos/i220b/submit/lab7/libgeom/rect.c
/backup/qxiong1/linux/2019/10-06/git-repos/i220b/submit/lab7/libgeom/testgeom.c
/backup/qxiong1/linux/2019/10-06/git-repos/i220b/submit/lab7/libvec/addvec.c
/backup/qxiong1/linux/2019/10-06/git-repos/i220b/submit/lab7/libvec/multvec.c
/backup/qxiong1/linux/2019/10-06/git-repos/i220b/submit/lab7/libvec/testvec.c
/backup/qxiong1/linux/2019/10-06/git-repos/i220b/submit/lab7/log10/log10.c
/backup/qxiong1/linux/2019/10-06/git-repos/i220b/submit/lab7/multiple-defs/f.c
/backup/qxiong1/linux/2019/10-06/git-repos/i220b/submit/lab7/multiple-defs/main.c
/backup/qxiong1/linux/2019/10-06/git-repos/i220b/submit/lab7/multiple-symbols/def1.c
/backup/qxiong1/linux/2019/10-06/git-repos/i220b/submit/lab7/multiple-symbols/def2.c
/backup/qxiong1/linux/2019/10-06/git-repos/i220b/submit/lab7/multiple-symbols/main.c
/backup/qxiong1/linux/2019/10-06/git-repos/i220b/submit/lab7/static-dynamic/log10.c
/backup/qxiong1/linux/2019/10-06/git-repos/i220b/submit/prj1-sol/bits-to-ints.c
/backup/qxiong1/linux/2019/10-06/git-repos/i220b/submit/prj1-sol/errors.c
/backup/qxiong1/linux/2019/10-06/git-repos/i220b/submit/prj1-sol/main.c
/backup/qxiong1/linux/2019/10-06/git-repos/i220b/work/prj2-sol/big-bits.c
/backup/qxiong1/linux/2019/10-06/git-repos/i220b/work/prj2-sol/errors.c
/backup/qxiong1/linux/2019/10-06/git-repos/i220b/work/prj2-sol/hex-util.c
/backup/qxiong1/linux/2019/10-06/git-repos/i220b/work/prj2-sol/main.c
/backup/qxiong1/linux/2019/10-06/git-repos/i220b/work/prj2-sol/stack.c
/backup/qxiong1/linux/2019/10-15/git-repos/cs220/labs/lab2/files/ex1/hello.c
/backup/qxiong1/linux/2019/10-15/git-repos/cs220/labs/lab2/files/ex3/main.c
/backup/qxiong1/linux/2019/10-15/git-repos/cs220/labs/lab2/files/ex3/quadr.c
/backup/qxiong1/linux/2019/10-15/git-repos/cs220/labs/lab2/files/ex4/key-value.c
/backup/qxiong1/linux/2019/10-15/git-repos/cs220/labs/lab2/files/ex4/main.c
/backup/qxiong1/linux/2019/10-15/git-repos/cs220/labs/lab2/files/ex4/process-file.c
/backup/qxiong1/linux/2019/10-15/git-repos/cs220/labs/lab3/files/ex1/hello.c
/backup/qxiong1/linux/2019/10-15/git-repos/cs220/labs/lab3/files/ex2/hello.c
/backup/qxiong1/linux/2019/10-15/git-repos/cs220/labs/lab5/files/ex3/bad-types.c
/backup/qxiong1/linux/2019/10-15/git-repos/cs220/labs/lab5/files/ex4/cast-types.c
/backup/qxiong1/linux/2019/10-15/git-repos/cs220/labs/lab5/files/ex5/void-pointers.c
/backup/qxiong1/linux/2019/10-15/git-repos/cs220/labs/lab5/files/ex6/in-voids.c
/backup/qxiong1/linux/2019/10-15/git-repos/cs220/labs/lab5/files/ex1/pointers.c
/backup/qxiong1/linux/2019/10-15/git-repos/cs220/labs/lab5/files/ex2/in-pointers.c
/backup/qxiong1/linux/2019/10-15/git-repos/cs220/labs/lab8/files/hello-multi.c
/backup/qxiong1/linux/2019/10-15/git-repos/cs220/labs/lab8/files/hello-one.c
/backup/qxiong1/linux/2019/10-15/git-repos/cs220/misc/bin-num/220a/main.c
/backup/qxiong1/linux/2019/10-15/git-repos/cs220/misc/bin-num/220a/bin-num.c
/backup/qxiong1/linux/2019/10-15/git-repos/cs220/misc/bin-num/220b/bin-num.c
/backup/qxiong1/linux/2019/10-15/git-repos/cs220/misc/bin-num/220b/main.c
/backup/qxiong1/linux/2019/10-15/git-repos/cs220/projects/prj1-sol/bits-to-ints.c
/backup/qxiong1/linux/2019/10-15/git-repos/cs220/projects/prj1-sol/errors.c
/backup/qxiong1/linux/2019/10-15/git-repos/cs220/projects/prj1-sol/main.c
/backup/qxiong1/linux/2019/10-15/git-repos/cs220/projects/prj1/prj1-sol/bits-to-ints.c
/backup/qxiong1/linux/2019/10-15/git-repos/cs220/projects/prj1/prj1-sol/main.c
/backup/qxiong1/linux/2019/10-15/git-repos/cs220/projects/prj1/prj1-sol/errors.c
/backup/qxiong1/linux/2019/10-15/git-repos/cs220/projects/prj2/prj2-sol/big-bits.c
/backup/qxiong1/linux/2019/10-15/git-repos/cs220/projects/prj2/prj2-sol/errors.c
/backup/qxiong1/linux/2019/10-15/git-repos/cs220/projects/prj2/prj2-sol/hex-util.c
/backup/qxiong1/linux/2019/10-15/git-repos/cs220/projects/prj2/prj2-sol/main.c
/backup/qxiong1/linux/2019/10-15/git-repos/cs220/projects/prj2/prj2-sol/stack.c
/backup/qxiong1/linux/2019/10-15/git-repos/cs220/slides/adts/code/stack.c
/backup/qxiong1/linux/2019/10-15/git-repos/cs220/slides/c-intro/code/integer-sizes.c
/backup/qxiong1/linux/2019/10-15/git-repos/cs220/slides/c-intro/code/kilo-powers.c
/backup/qxiong1/linux/2019/10-15/git-repos/cs220/slides/c-intro/code/ptr-sum.c
/backup/qxiong1/linux/2019/10-15/git-repos/cs220/slides/c-intro/code/robust-sum.c
/backup/qxiong1/linux/2019/10-15/git-repos/cs220/slides/c-intro/code/sum-args.c
/backup/qxiong1/linux/2019/10-15/git-repos/cs220/slides/c-intro/code/count-1s-1.c
/backup/qxiong1/linux/2019/10-15/git-repos/cs220/slides/c-intro/code/count-1s-2.c
/backup/qxiong1/linux/2019/10-15/git-repos/cs220/slides/c-intro/code/endian.c
/backup/qxiong1/linux/2019/10-15/git-repos/cs220/slides/c-intro/code/wc.c
/backup/qxiong1/linux/2019/10-15/git-repos/cs220/slides/c-intro/code/bases.c
/backup/qxiong1/linux/2019/10-15/git-repos/cs220/slides/c-intro/code/out-bits.c
/backup/qxiong1/linux/2019/10-15/git-repos/cs220/slides/c-intro/code/sum.c
/backup/qxiong1/linux/2019/10-15/git-repos/cs220/slides/intro/code/hello.c
/backup/qxiong1/linux/2019/10-15/git-repos/cs220/slides/x86/code/move/move.c
/backup/qxiong1/linux/2019/10-15/git-repos/cs220/slides/x86/code/mstore/main.c
/backup/qxiong1/linux/2019/10-15/git-repos/cs220/slides/x86/code/mstore/mstore.c
/backup/qxiong1/linux/2019/10-15/git-repos/cs220/slides/x86/code/simple/simple.c
/backup/qxiong1/linux/2019/10-15/git-repos/cs220/slides/x86/code/sum1/sum1.c
/backup/qxiong1/linux/2019/10-15/git-repos/cs220/slides/x86/code/abs-diff.c
/backup/qxiong1/linux/2019/10-15/git-repos/cs220/slides/x86/code/arith.c
/backup/qxiong1/linux/2019/10-15/git-repos/cs220/slides/x86/code/cmp-sets.c
/backup/qxiong1/linux/2019/10-15/git-repos/cs220/slides/x86/code/conditional-move.c
/backup/qxiong1/linux/2019/10-15/git-repos/cs220/slides/x86/code/div-mod.c
/backup/qxiong1/linux/2019/10-15/git-repos/cs220/slides/x86/code/dynamic-array.c
/backup/qxiong1/linux/2019/10-15/git-repos/cs220/slides/x86/code/fact-do-while.c
/backup/qxiong1/linux/2019/10-15/git-repos/cs220/slides/x86/code/fact-while.c
/backup/qxiong1/linux/2019/10-15/git-repos/cs220/slides/x86/code/fact.c
/backup/qxiong1/linux/2019/10-15/git-repos/cs220/slides/x86/code/find.c
/backup/qxiong1/linux/2019/10-15/git-repos/cs220/slides/x86/code/indirect-goto.c
/backup/qxiong1/linux/2019/10-15/git-repos/cs220/slides/x86/code/mul.c
/backup/qxiong1/linux/2019/10-15/git-repos/cs220/slides/x86/code/multi-dim.c
/backup/qxiong1/linux/2019/10-15/git-repos/cs220/slides/x86/code/no-frame.c
/backup/qxiong1/linux/2019/10-15/git-repos/cs220/slides/x86/code/rect-array.c
/backup/qxiong1/linux/2019/10-15/git-repos/cs220/slides/x86/code/rect.c
/backup/qxiong1/linux/2019/10-15/git-repos/cs220/slides/x86/code/stack-frame.c
/backup/qxiong1/linux/2019/10-15/git-repos/cs220/slides/x86/code/sum.c
/backup/qxiong1/linux/2019/10-15/git-repos/cs220/slides/x86/code/swap.c
/backup/qxiong1/linux/2019/10-15/git-repos/cs220/slides/x86/code/switch.c
/backup/qxiong1/linux/2019/10-15/git-repos/i220b.bak/submit/lab2/ex1/hello.c
/backup/qxiong1/linux/2019/10-15/git-repos/i220b.bak/submit/lab2/ex3/main.c
/backup/qxiong1/linux/2019/10-15/git-repos/i220b.bak/submit/lab2/ex3/quadr.c
/backup/qxiong1/linux/2019/10-15/git-repos/i220b.bak/submit/lab2/ex4/key-value.c
/backup/qxiong1/linux/2019/10-15/git-repos/i220b.bak/submit/lab2/ex4/main.c
/backup/qxiong1/linux/2019/10-15/git-repos/i220b.bak/submit/lab2/ex4/process-file.c
/backup/qxiong1/linux/2019/10-15/git-repos/i220b/submit/lab2/ex1/hello.c
/backup/qxiong1/linux/2019/10-15/git-repos/i220b/submit/lab2/ex3/main.c
/backup/qxiong1/linux/2019/10-15/git-repos/i220b/submit/lab2/ex3/quadr.c
/backup/qxiong1/linux/2019/10-15/git-repos/i220b/submit/lab2/ex4/key-value.c
/backup/qxiong1/linux/2019/10-15/git-repos/i220b/submit/lab2/ex4/main.c
/backup/qxiong1/linux/2019/10-15/git-repos/i220b/submit/lab2/ex4/process-file.c
/backup/qxiong1/linux/2019/10-15/git-repos/i220b/submit/lab3/files/ex1/hello.c
/backup/qxiong1/linux/2019/10-15/git-repos/i220b/submit/lab3/files/ex2/hello.c
/backup/qxiong1/linux/2019/10-15/git-repos/i220b/submit/lab4/ex1/uints.c
/backup/qxiong1/linux/2019/10-15/git-repos/i220b/submit/lab4/ex2/ints.c
/backup/qxiong1/linux/2019/10-15/git-repos/i220b/submit/lab4/ex3/identify.c
/backup/qxiong1/linux/2019/10-15/git-repos/i220b/submit/lab4/ex4/negeq.c
/backup/qxiong1/linux/2019/10-15/git-repos/i220b/submit/lab4/ex6/0.1.c
/backup/qxiong1/linux/2019/10-15/git-repos/i220b/submit/lab4/ex7/nan.c
/backup/qxiong1/linux/2019/10-15/git-repos/i220b/submit/lab4/ex8/ulp.c
/backup/qxiong1/linux/2019/10-15/git-repos/i220b/submit/lab4/ex9/loop.c
/backup/qxiong1/linux/2019/10-15/git-repos/i220b/submit/lab5/ex1/pointers.c
/backup/qxiong1/linux/2019/10-15/git-repos/i220b/submit/lab5/ex2/in-pointers.c
/backup/qxiong1/linux/2019/10-15/git-repos/i220b/submit/lab5/ex3/bad-types.c
/backup/qxiong1/linux/2019/10-15/git-repos/i220b/submit/lab5/ex4/cast-types.c
/backup/qxiong1/linux/2019/10-15/git-repos/i220b/submit/lab5/ex5/void-pointers.c
/backup/qxiong1/linux/2019/10-15/git-repos/i220b/submit/lab5/ex6/in-voids.c
/backup/qxiong1/linux/2019/10-15/git-repos/i220b/submit/lab6/brk/brk.c
/backup/qxiong1/linux/2019/10-15/git-repos/i220b/submit/lab6/bug-program/bug-program.c
/backup/qxiong1/linux/2019/10-15/git-repos/i220b/submit/lab6/process-memory/process-memory.c
/backup/qxiong1/linux/2019/10-15/git-repos/i220b/submit/lab7/libgeom/circ.c
/backup/qxiong1/linux/2019/10-15/git-repos/i220b/submit/lab7/libgeom/rect.c
/backup/qxiong1/linux/2019/10-15/git-repos/i220b/submit/lab7/libgeom/testgeom.c
/backup/qxiong1/linux/2019/10-15/git-repos/i220b/submit/lab7/libvec/addvec.c
/backup/qxiong1/linux/2019/10-15/git-repos/i220b/submit/lab7/libvec/multvec.c
/backup/qxiong1/linux/2019/10-15/git-repos/i220b/submit/lab7/libvec/testvec.c
/backup/qxiong1/linux/2019/10-15/git-repos/i220b/submit/lab7/log10/log10.c
/backup/qxiong1/linux/2019/10-15/git-repos/i220b/submit/lab7/multiple-defs/f.c
/backup/qxiong1/linux/2019/10-15/git-repos/i220b/submit/lab7/multiple-defs/main.c
/backup/qxiong1/linux/2019/10-15/git-repos/i220b/submit/lab7/multiple-symbols/def1.c
/backup/qxiong1/linux/2019/10-15/git-repos/i220b/submit/lab7/multiple-symbols/def2.c
/backup/qxiong1/linux/2019/10-15/git-repos/i220b/submit/lab7/multiple-symbols/main.c
/backup/qxiong1/linux/2019/10-15/git-repos/i220b/submit/lab7/static-dynamic/log10.c
/backup/qxiong1/linux/2019/10-15/git-repos/i220b/submit/lab8/hello.c
/backup/qxiong1/linux/2019/10-15/git-repos/i220b/submit/prj1-sol/bits-to-ints.c
/backup/qxiong1/linux/2019/10-15/git-repos/i220b/submit/prj1-sol/errors.c
/backup/qxiong1/linux/2019/10-15/git-repos/i220b/submit/prj1-sol/main.c
/backup/qxiong1/linux/2019/10-15/git-repos/i220b/work/prj2-sol/big-bits.c
/backup/qxiong1/linux/2019/10-15/git-repos/i220b/work/prj2-sol/errors.c
/backup/qxiong1/linux/2019/10-15/git-repos/i220b/work/prj2-sol/hex-util.c
/backup/qxiong1/linux/2019/10-15/git-repos/i220b/work/prj2-sol/main.c
/backup/qxiong1/linux/2019/10-15/git-repos/i220b/work/prj2-sol/stack.c
/backup/qxiong1/linux/2019/10-15/Downloads/cstack.c
/backup/qxiong1/linux/2019/10-15/Past files/cstack.c
/backup/qxiong1/linux/2019/10-15/Past files/t1.c
/backup/qxiong1/linux/2019/10-15/Past files/v.c
/backup/qxiong1/linux/2019/10-15/Past files/x.c
/backup/qxiong1/linux/2019/10-17/Downloads/cstack.c
/backup/qxiong1/linux/2019/10-17/Past files/cstack.c
/backup/qxiong1/linux/2019/10-17/Past files/t1.c
/backup/qxiong1/linux/2019/10-17/Past files/v.c
/backup/qxiong1/linux/2019/10-17/Past files/x.c
/backup/qxiong1/linux/2019/10-17/git-repos/cs220/labs/lab2/files/ex1/hello.c
/backup/qxiong1/linux/2019/10-17/git-repos/cs220/labs/lab2/files/ex3/main.c
/backup/qxiong1/linux/2019/10-17/git-repos/cs220/labs/lab2/files/ex3/quadr.c
/backup/qxiong1/linux/2019/10-17/git-repos/cs220/labs/lab2/files/ex4/key-value.c
/backup/qxiong1/linux/2019/10-17/git-repos/cs220/labs/lab2/files/ex4/main.c
/backup/qxiong1/linux/2019/10-17/git-repos/cs220/labs/lab2/files/ex4/process-file.c
/backup/qxiong1/linux/2019/10-17/git-repos/cs220/labs/lab3/files/ex1/hello.c
/backup/qxiong1/linux/2019/10-17/git-repos/cs220/labs/lab3/files/ex2/hello.c
/backup/qxiong1/linux/2019/10-17/git-repos/cs220/labs/lab5/files/ex1/pointers.c
/backup/qxiong1/linux/2019/10-17/git-repos/cs220/labs/lab5/files/ex2/in-pointers.c
/backup/qxiong1/linux/2019/10-17/git-repos/cs220/labs/lab5/files/ex3/bad-types.c
/backup/qxiong1/linux/2019/10-17/git-repos/cs220/labs/lab5/files/ex4/cast-types.c
/backup/qxiong1/linux/2019/10-17/git-repos/cs220/labs/lab5/files/ex5/void-pointers.c
/backup/qxiong1/linux/2019/10-17/git-repos/cs220/labs/lab5/files/ex6/in-voids.c
/backup/qxiong1/linux/2019/10-17/git-repos/cs220/labs/lab8/files/hello-multi.c
/backup/qxiong1/linux/2019/10-17/git-repos/cs220/labs/lab8/files/hello-one.c
/backup/qxiong1/linux/2019/10-17/git-repos/cs220/misc/bin-num/220a/main.c
/backup/qxiong1/linux/2019/10-17/git-repos/cs220/misc/bin-num/220a/bin-num.c
/backup/qxiong1/linux/2019/10-17/git-repos/cs220/misc/bin-num/220b/bin-num.c
/backup/qxiong1/linux/2019/10-17/git-repos/cs220/misc/bin-num/220b/main.c
/backup/qxiong1/linux/2019/10-17/git-repos/cs220/projects/prj1-sol/bits-to-ints.c
/backup/qxiong1/linux/2019/10-17/git-repos/cs220/projects/prj1-sol/errors.c
/backup/qxiong1/linux/2019/10-17/git-repos/cs220/projects/prj1-sol/main.c
/backup/qxiong1/linux/2019/10-17/git-repos/cs220/projects/prj1/prj1-sol/bits-to-ints.c
/backup/qxiong1/linux/2019/10-17/git-repos/cs220/projects/prj1/prj1-sol/main.c
/backup/qxiong1/linux/2019/10-17/git-repos/cs220/projects/prj1/prj1-sol/errors.c
/backup/qxiong1/linux/2019/10-17/git-repos/cs220/projects/prj2/prj2-sol/big-bits.c
/backup/qxiong1/linux/2019/10-17/git-repos/cs220/projects/prj2/prj2-sol/errors.c
/backup/qxiong1/linux/2019/10-17/git-repos/cs220/projects/prj2/prj2-sol/hex-util.c
/backup/qxiong1/linux/2019/10-17/git-repos/cs220/projects/prj2/prj2-sol/main.c
/backup/qxiong1/linux/2019/10-17/git-repos/cs220/projects/prj2/prj2-sol/stack.c
/backup/qxiong1/linux/2019/10-17/git-repos/cs220/slides/x86/code/move/move.c
/backup/qxiong1/linux/2019/10-17/git-repos/cs220/slides/x86/code/mstore/main.c
/backup/qxiong1/linux/2019/10-17/git-repos/cs220/slides/x86/code/mstore/mstore.c
/backup/qxiong1/linux/2019/10-17/git-repos/cs220/slides/x86/code/simple/simple.c
/backup/qxiong1/linux/2019/10-17/git-repos/cs220/slides/x86/code/sum1/sum1.c
/backup/qxiong1/linux/2019/10-17/git-repos/cs220/slides/x86/code/abs-diff.c
/backup/qxiong1/linux/2019/10-17/git-repos/cs220/slides/x86/code/arith.c
/backup/qxiong1/linux/2019/10-17/git-repos/cs220/slides/x86/code/cmp-sets.c
/backup/qxiong1/linux/2019/10-17/git-repos/cs220/slides/x86/code/conditional-move.c
/backup/qxiong1/linux/2019/10-17/git-repos/cs220/slides/x86/code/div-mod.c
/backup/qxiong1/linux/2019/10-17/git-repos/cs220/slides/x86/code/dynamic-array.c
/backup/qxiong1/linux/2019/10-17/git-repos/cs220/slides/x86/code/fact-do-while.c
/backup/qxiong1/linux/2019/10-17/git-repos/cs220/slides/x86/code/fact-while.c
/backup/qxiong1/linux/2019/10-17/git-repos/cs220/slides/x86/code/fact.c
/backup/qxiong1/linux/2019/10-17/git-repos/cs220/slides/x86/code/find.c
/backup/qxiong1/linux/2019/10-17/git-repos/cs220/slides/x86/code/indirect-goto.c
/backup/qxiong1/linux/2019/10-17/git-repos/cs220/slides/x86/code/mul.c
/backup/qxiong1/linux/2019/10-17/git-repos/cs220/slides/x86/code/multi-dim.c
/backup/qxiong1/linux/2019/10-17/git-repos/cs220/slides/x86/code/no-frame.c
/backup/qxiong1/linux/2019/10-17/git-repos/cs220/slides/x86/code/rect-array.c
/backup/qxiong1/linux/2019/10-17/git-repos/cs220/slides/x86/code/rect.c
/backup/qxiong1/linux/2019/10-17/git-repos/cs220/slides/x86/code/stack-frame.c
/backup/qxiong1/linux/2019/10-17/git-repos/cs220/slides/x86/code/sum.c
/backup/qxiong1/linux/2019/10-17/git-repos/cs220/slides/x86/code/swap.c
/backup/qxiong1/linux/2019/10-17/git-repos/cs220/slides/x86/code/switch.c
/backup/qxiong1/linux/2019/10-17/git-repos/cs220/slides/adts/code/stack.c
/backup/qxiong1/linux/2019/10-17/git-repos/cs220/slides/c-intro/code/integer-sizes.c
/backup/qxiong1/linux/2019/10-17/git-repos/cs220/slides/c-intro/code/kilo-powers.c
/backup/qxiong1/linux/2019/10-17/git-repos/cs220/slides/c-intro/code/ptr-sum.c
/backup/qxiong1/linux/2019/10-17/git-repos/cs220/slides/c-intro/code/robust-sum.c
/backup/qxiong1/linux/2019/10-17/git-repos/cs220/slides/c-intro/code/sum-args.c
/backup/qxiong1/linux/2019/10-17/git-repos/cs220/slides/c-intro/code/count-1s-1.c
/backup/qxiong1/linux/2019/10-17/git-repos/cs220/slides/c-intro/code/count-1s-2.c
/backup/qxiong1/linux/2019/10-17/git-repos/cs220/slides/c-intro/code/endian.c
/backup/qxiong1/linux/2019/10-17/git-repos/cs220/slides/c-intro/code/wc.c
/backup/qxiong1/linux/2019/10-17/git-repos/cs220/slides/c-intro/code/bases.c
/backup/qxiong1/linux/2019/10-17/git-repos/cs220/slides/c-intro/code/out-bits.c
/backup/qxiong1/linux/2019/10-17/git-repos/cs220/slides/c-intro/code/sum.c
/backup/qxiong1/linux/2019/10-17/git-repos/cs220/slides/intro/code/hello.c
/backup/qxiong1/linux/2019/10-17/git-repos/i220b.bak/submit/lab2/ex1/hello.c
/backup/qxiong1/linux/2019/10-17/git-repos/i220b.bak/submit/lab2/ex3/main.c
/backup/qxiong1/linux/2019/10-17/git-repos/i220b.bak/submit/lab2/ex3/quadr.c
/backup/qxiong1/linux/2019/10-17/git-repos/i220b.bak/submit/lab2/ex4/key-value.c
/backup/qxiong1/linux/2019/10-17/git-repos/i220b.bak/submit/lab2/ex4/main.c
/backup/qxiong1/linux/2019/10-17/git-repos/i220b.bak/submit/lab2/ex4/process-file.c
/backup/qxiong1/linux/2019/10-17/git-repos/i220b/submit/lab2/ex3/main.c
/backup/qxiong1/linux/2019/10-17/git-repos/i220b/submit/lab2/ex3/quadr.c
/backup/qxiong1/linux/2019/10-17/git-repos/i220b/submit/lab2/ex4/key-value.c
/backup/qxiong1/linux/2019/10-17/git-repos/i220b/submit/lab2/ex4/main.c
/backup/qxiong1/linux/2019/10-17/git-repos/i220b/submit/lab2/ex4/process-file.c
/backup/qxiong1/linux/2019/10-17/git-repos/i220b/submit/lab2/ex1/hello.c
/backup/qxiong1/linux/2019/10-17/git-repos/i220b/submit/lab3/files/ex1/hello.c
/backup/qxiong1/linux/2019/10-17/git-repos/i220b/submit/lab3/files/ex2/hello.c
/backup/qxiong1/linux/2019/10-17/git-repos/i220b/submit/lab4/ex1/uints.c
/backup/qxiong1/linux/2019/10-17/git-repos/i220b/submit/lab4/ex2/ints.c
/backup/qxiong1/linux/2019/10-17/git-repos/i220b/submit/lab4/ex3/identify.c
/backup/qxiong1/linux/2019/10-17/git-repos/i220b/submit/lab4/ex4/negeq.c
/backup/qxiong1/linux/2019/10-17/git-repos/i220b/submit/lab4/ex6/0.1.c
/backup/qxiong1/linux/2019/10-17/git-repos/i220b/submit/lab4/ex7/nan.c
/backup/qxiong1/linux/2019/10-17/git-repos/i220b/submit/lab4/ex8/ulp.c
/backup/qxiong1/linux/2019/10-17/git-repos/i220b/submit/lab4/ex9/loop.c
/backup/qxiong1/linux/2019/10-17/git-repos/i220b/submit/lab5/ex1/pointers.c
/backup/qxiong1/linux/2019/10-17/git-repos/i220b/submit/lab5/ex2/in-pointers.c
/backup/qxiong1/linux/2019/10-17/git-repos/i220b/submit/lab5/ex3/bad-types.c
/backup/qxiong1/linux/2019/10-17/git-repos/i220b/submit/lab5/ex4/cast-types.c
/backup/qxiong1/linux/2019/10-17/git-repos/i220b/submit/lab5/ex5/void-pointers.c
/backup/qxiong1/linux/2019/10-17/git-repos/i220b/submit/lab5/ex6/in-voids.c
/backup/qxiong1/linux/2019/10-17/git-repos/i220b/submit/lab6/brk/brk.c
/backup/qxiong1/linux/2019/10-17/git-repos/i220b/submit/lab6/bug-program/bug-program.c
/backup/qxiong1/linux/2019/10-17/git-repos/i220b/submit/lab6/process-memory/process-memory.c
/backup/qxiong1/linux/2019/10-17/git-repos/i220b/submit/lab7/multiple-symbols/def1.c
/backup/qxiong1/linux/2019/10-17/git-repos/i220b/submit/lab7/multiple-symbols/def2.c
/backup/qxiong1/linux/2019/10-17/git-repos/i220b/submit/lab7/multiple-symbols/main.c
/backup/qxiong1/linux/2019/10-17/git-repos/i220b/submit/lab7/static-dynamic/log10.c
/backup/qxiong1/linux/2019/10-17/git-repos/i220b/submit/lab7/libgeom/circ.c
/backup/qxiong1/linux/2019/10-17/git-repos/i220b/submit/lab7/libgeom/rect.c
/backup/qxiong1/linux/2019/10-17/git-repos/i220b/submit/lab7/libgeom/testgeom.c
/backup/qxiong1/linux/2019/10-17/git-repos/i220b/submit/lab7/libvec/addvec.c
/backup/qxiong1/linux/2019/10-17/git-repos/i220b/submit/lab7/libvec/multvec.c
/backup/qxiong1/linux/2019/10-17/git-repos/i220b/submit/lab7/libvec/testvec.c
/backup/qxiong1/linux/2019/10-17/git-repos/i220b/submit/lab7/log10/log10.c
/backup/qxiong1/linux/2019/10-17/git-repos/i220b/submit/lab7/multiple-defs/f.c
/backup/qxiong1/linux/2019/10-17/git-repos/i220b/submit/lab7/multiple-defs/main.c
/backup/qxiong1/linux/2019/10-17/git-repos/i220b/submit/lab8/hello.c
/backup/qxiong1/linux/2019/10-17/git-repos/i220b/submit/prj1-sol/bits-to-ints.c
/backup/qxiong1/linux/2019/10-17/git-repos/i220b/submit/prj1-sol/errors.c
/backup/qxiong1/linux/2019/10-17/git-repos/i220b/submit/prj1-sol/main.c
/backup/qxiong1/linux/2019/10-17/git-repos/i220b/work/prj2-sol/big-bits.c
/backup/qxiong1/linux/2019/10-17/git-repos/i220b/work/prj2-sol/errors.c
/backup/qxiong1/linux/2019/10-17/git-repos/i220b/work/prj2-sol/hex-util.c
/backup/qxiong1/linux/2019/10-17/git-repos/i220b/work/prj2-sol/main.c
/backup/qxiong1/linux/2019/10-17/git-repos/i220b/work/prj2-sol/stack.c
/backup/qxiong1/linux/2019/10-20/Downloads/cstack.c
/backup/qxiong1/linux/2019/10-20/Past files/cstack.c
/backup/qxiong1/linux/2019/10-20/Past files/t1.c
/backup/qxiong1/linux/2019/10-20/Past files/v.c
/backup/qxiong1/linux/2019/10-20/Past files/x.c
/backup/qxiong1/linux/2019/10-20/git-repos/cs220/misc/bin-num/220a/main.c
/backup/qxiong1/linux/2019/10-20/git-repos/cs220/misc/bin-num/220a/bin-num.c
/backup/qxiong1/linux/2019/10-20/git-repos/cs220/misc/bin-num/220b/bin-num.c
/backup/qxiong1/linux/2019/10-20/git-repos/cs220/misc/bin-num/220b/main.c
/backup/qxiong1/linux/2019/10-20/git-repos/cs220/projects/prj1-sol/bits-to-ints.c
/backup/qxiong1/linux/2019/10-20/git-repos/cs220/projects/prj1-sol/errors.c
/backup/qxiong1/linux/2019/10-20/git-repos/cs220/projects/prj1-sol/main.c
/backup/qxiong1/linux/2019/10-20/git-repos/cs220/projects/prj1/prj1-sol/bits-to-ints.c
/backup/qxiong1/linux/2019/10-20/git-repos/cs220/projects/prj1/prj1-sol/main.c
/backup/qxiong1/linux/2019/10-20/git-repos/cs220/projects/prj1/prj1-sol/errors.c
/backup/qxiong1/linux/2019/10-20/git-repos/cs220/projects/prj2/prj2-sol/big-bits.c
/backup/qxiong1/linux/2019/10-20/git-repos/cs220/projects/prj2/prj2-sol/errors.c
/backup/qxiong1/linux/2019/10-20/git-repos/cs220/projects/prj2/prj2-sol/hex-util.c
/backup/qxiong1/linux/2019/10-20/git-repos/cs220/projects/prj2/prj2-sol/main.c
/backup/qxiong1/linux/2019/10-20/git-repos/cs220/projects/prj2/prj2-sol/stack.c
/backup/qxiong1/linux/2019/10-20/git-repos/cs220/slides/adts/code/stack.c
/backup/qxiong1/linux/2019/10-20/git-repos/cs220/slides/c-intro/code/integer-sizes.c
/backup/qxiong1/linux/2019/10-20/git-repos/cs220/slides/c-intro/code/kilo-powers.c
/backup/qxiong1/linux/2019/10-20/git-repos/cs220/slides/c-intro/code/ptr-sum.c
/backup/qxiong1/linux/2019/10-20/git-repos/cs220/slides/c-intro/code/robust-sum.c
/backup/qxiong1/linux/2019/10-20/git-repos/cs220/slides/c-intro/code/sum-args.c
/backup/qxiong1/linux/2019/10-20/git-repos/cs220/slides/c-intro/code/count-1s-1.c
/backup/qxiong1/linux/2019/10-20/git-repos/cs220/slides/c-intro/code/count-1s-2.c
/backup/qxiong1/linux/2019/10-20/git-repos/cs220/slides/c-intro/code/endian.c
/backup/qxiong1/linux/2019/10-20/git-repos/cs220/slides/c-intro/code/wc.c
/backup/qxiong1/linux/2019/10-20/git-repos/cs220/slides/c-intro/code/bases.c
/backup/qxiong1/linux/2019/10-20/git-repos/cs220/slides/c-intro/code/out-bits.c
/backup/qxiong1/linux/2019/10-20/git-repos/cs220/slides/c-intro/code/sum.c
/backup/qxiong1/linux/2019/10-20/git-repos/cs220/slides/intro/code/hello.c
/backup/qxiong1/linux/2019/10-20/git-repos/cs220/slides/x86/code/move/move.c
/backup/qxiong1/linux/2019/10-20/git-repos/cs220/slides/x86/code/mstore/main.c
/backup/qxiong1/linux/2019/10-20/git-repos/cs220/slides/x86/code/mstore/mstore.c
/backup/qxiong1/linux/2019/10-20/git-repos/cs220/slides/x86/code/simple/simple.c
/backup/qxiong1/linux/2019/10-20/git-repos/cs220/slides/x86/code/sum1/sum1.c
/backup/qxiong1/linux/2019/10-20/git-repos/cs220/slides/x86/code/abs-diff.c
/backup/qxiong1/linux/2019/10-20/git-repos/cs220/slides/x86/code/arith.c
/backup/qxiong1/linux/2019/10-20/git-repos/cs220/slides/x86/code/cmp-sets.c
/backup/qxiong1/linux/2019/10-20/git-repos/cs220/slides/x86/code/conditional-move.c
/backup/qxiong1/linux/2019/10-20/git-repos/cs220/slides/x86/code/div-mod.c
/backup/qxiong1/linux/2019/10-20/git-repos/cs220/slides/x86/code/dynamic-array.c
/backup/qxiong1/linux/2019/10-20/git-repos/cs220/slides/x86/code/fact-do-while.c
/backup/qxiong1/linux/2019/10-20/git-repos/cs220/slides/x86/code/fact-while.c
/backup/qxiong1/linux/2019/10-20/git-repos/cs220/slides/x86/code/fact.c
/backup/qxiong1/linux/2019/10-20/git-repos/cs220/slides/x86/code/find.c
/backup/qxiong1/linux/2019/10-20/git-repos/cs220/slides/x86/code/indirect-goto.c
/backup/qxiong1/linux/2019/10-20/git-repos/cs220/slides/x86/code/mul.c
/backup/qxiong1/linux/2019/10-20/git-repos/cs220/slides/x86/code/multi-dim.c
/backup/qxiong1/linux/2019/10-20/git-repos/cs220/slides/x86/code/no-frame.c
/backup/qxiong1/linux/2019/10-20/git-repos/cs220/slides/x86/code/rect-array.c
/backup/qxiong1/linux/2019/10-20/git-repos/cs220/slides/x86/code/rect.c
/backup/qxiong1/linux/2019/10-20/git-repos/cs220/slides/x86/code/stack-frame.c
/backup/qxiong1/linux/2019/10-20/git-repos/cs220/slides/x86/code/sum.c
/backup/qxiong1/linux/2019/10-20/git-repos/cs220/slides/x86/code/swap.c
/backup/qxiong1/linux/2019/10-20/git-repos/cs220/slides/x86/code/switch.c
/backup/qxiong1/linux/2019/10-20/git-repos/cs220/labs/lab2/files/ex1/hello.c
/backup/qxiong1/linux/2019/10-20/git-repos/cs220/labs/lab2/files/ex3/main.c
/backup/qxiong1/linux/2019/10-20/git-repos/cs220/labs/lab2/files/ex3/quadr.c
/backup/qxiong1/linux/2019/10-20/git-repos/cs220/labs/lab2/files/ex4/key-value.c
/backup/qxiong1/linux/2019/10-20/git-repos/cs220/labs/lab2/files/ex4/main.c
/backup/qxiong1/linux/2019/10-20/git-repos/cs220/labs/lab2/files/ex4/process-file.c
/backup/qxiong1/linux/2019/10-20/git-repos/cs220/labs/lab3/files/ex1/hello.c
/backup/qxiong1/linux/2019/10-20/git-repos/cs220/labs/lab3/files/ex2/hello.c
/backup/qxiong1/linux/2019/10-20/git-repos/cs220/labs/lab5/files/ex1/pointers.c
/backup/qxiong1/linux/2019/10-20/git-repos/cs220/labs/lab5/files/ex2/in-pointers.c
/backup/qxiong1/linux/2019/10-20/git-repos/cs220/labs/lab5/files/ex3/bad-types.c
/backup/qxiong1/linux/2019/10-20/git-repos/cs220/labs/lab5/files/ex4/cast-types.c
/backup/qxiong1/linux/2019/10-20/git-repos/cs220/labs/lab5/files/ex5/void-pointers.c
/backup/qxiong1/linux/2019/10-20/git-repos/cs220/labs/lab5/files/ex6/in-voids.c
/backup/qxiong1/linux/2019/10-20/git-repos/cs220/labs/lab8/files/hello-multi.c
/backup/qxiong1/linux/2019/10-20/git-repos/cs220/labs/lab8/files/hello-one.c
/backup/qxiong1/linux/2019/10-20/git-repos/i220b.bak/submit/lab2/ex1/hello.c
/backup/qxiong1/linux/2019/10-20/git-repos/i220b.bak/submit/lab2/ex3/main.c
/backup/qxiong1/linux/2019/10-20/git-repos/i220b.bak/submit/lab2/ex3/quadr.c
/backup/qxiong1/linux/2019/10-20/git-repos/i220b.bak/submit/lab2/ex4/key-value.c
/backup/qxiong1/linux/2019/10-20/git-repos/i220b.bak/submit/lab2/ex4/main.c
/backup/qxiong1/linux/2019/10-20/git-repos/i220b.bak/submit/lab2/ex4/process-file.c
/backup/qxiong1/linux/2019/10-20/git-repos/i220b/submit/lab8/hello.c
/backup/qxiong1/linux/2019/10-20/git-repos/i220b/submit/prj1-sol/bits-to-ints.c
/backup/qxiong1/linux/2019/10-20/git-repos/i220b/submit/prj1-sol/errors.c
/backup/qxiong1/linux/2019/10-20/git-repos/i220b/submit/prj1-sol/main.c
/backup/qxiong1/linux/2019/10-20/git-repos/i220b/submit/lab2/ex1/hello.c
/backup/qxiong1/linux/2019/10-20/git-repos/i220b/submit/lab2/ex3/main.c
/backup/qxiong1/linux/2019/10-20/git-repos/i220b/submit/lab2/ex3/quadr.c
/backup/qxiong1/linux/2019/10-20/git-repos/i220b/submit/lab2/ex4/key-value.c
/backup/qxiong1/linux/2019/10-20/git-repos/i220b/submit/lab2/ex4/main.c
/backup/qxiong1/linux/2019/10-20/git-repos/i220b/submit/lab2/ex4/process-file.c
/backup/qxiong1/linux/2019/10-20/git-repos/i220b/submit/lab3/files/ex1/hello.c
/backup/qxiong1/linux/2019/10-20/git-repos/i220b/submit/lab3/files/ex2/hello.c
/backup/qxiong1/linux/2019/10-20/git-repos/i220b/submit/lab4/ex1/uints.c
/backup/qxiong1/linux/2019/10-20/git-repos/i220b/submit/lab4/ex2/ints.c
/backup/qxiong1/linux/2019/10-20/git-repos/i220b/submit/lab4/ex3/identify.c
/backup/qxiong1/linux/2019/10-20/git-repos/i220b/submit/lab4/ex4/negeq.c
/backup/qxiong1/linux/2019/10-20/git-repos/i220b/submit/lab4/ex6/0.1.c
/backup/qxiong1/linux/2019/10-20/git-repos/i220b/submit/lab4/ex7/nan.c
/backup/qxiong1/linux/2019/10-20/git-repos/i220b/submit/lab4/ex8/ulp.c
/backup/qxiong1/linux/2019/10-20/git-repos/i220b/submit/lab4/ex9/loop.c
/backup/qxiong1/linux/2019/10-20/git-repos/i220b/submit/lab5/ex1/pointers.c
/backup/qxiong1/linux/2019/10-20/git-repos/i220b/submit/lab5/ex2/in-pointers.c
/backup/qxiong1/linux/2019/10-20/git-repos/i220b/submit/lab5/ex3/bad-types.c
/backup/qxiong1/linux/2019/10-20/git-repos/i220b/submit/lab5/ex4/cast-types.c
/backup/qxiong1/linux/2019/10-20/git-repos/i220b/submit/lab5/ex5/void-pointers.c
/backup/qxiong1/linux/2019/10-20/git-repos/i220b/submit/lab5/ex6/in-voids.c
/backup/qxiong1/linux/2019/10-20/git-repos/i220b/submit/lab6/brk/brk.c
/backup/qxiong1/linux/2019/10-20/git-repos/i220b/submit/lab6/bug-program/bug-program.c
/backup/qxiong1/linux/2019/10-20/git-repos/i220b/submit/lab6/process-memory/process-memory.c
/backup/qxiong1/linux/2019/10-20/git-repos/i220b/submit/lab7/libgeom/circ.c
/backup/qxiong1/linux/2019/10-20/git-repos/i220b/submit/lab7/libgeom/rect.c
/backup/qxiong1/linux/2019/10-20/git-repos/i220b/submit/lab7/libgeom/testgeom.c
/backup/qxiong1/linux/2019/10-20/git-repos/i220b/submit/lab7/libvec/addvec.c
/backup/qxiong1/linux/2019/10-20/git-repos/i220b/submit/lab7/libvec/multvec.c
/backup/qxiong1/linux/2019/10-20/git-repos/i220b/submit/lab7/libvec/testvec.c
/backup/qxiong1/linux/2019/10-20/git-repos/i220b/submit/lab7/log10/log10.c
/backup/qxiong1/linux/2019/10-20/git-repos/i220b/submit/lab7/multiple-defs/f.c
/backup/qxiong1/linux/2019/10-20/git-repos/i220b/submit/lab7/multiple-defs/main.c
/backup/qxiong1/linux/2019/10-20/git-repos/i220b/submit/lab7/multiple-symbols/def1.c
/backup/qxiong1/linux/2019/10-20/git-repos/i220b/submit/lab7/multiple-symbols/def2.c
/backup/qxiong1/linux/2019/10-20/git-repos/i220b/submit/lab7/multiple-symbols/main.c
/backup/qxiong1/linux/2019/10-20/git-repos/i220b/submit/lab7/static-dynamic/log10.c
/backup/qxiong1/linux/2019/10-20/git-repos/i220b/work/prj2-sol/big-bits.c
/backup/qxiong1/linux/2019/10-20/git-repos/i220b/work/prj2-sol/errors.c
/backup/qxiong1/linux/2019/10-20/git-repos/i220b/work/prj2-sol/hex-util.c
/backup/qxiong1/linux/2019/10-20/git-repos/i220b/work/prj2-sol/main.c
/backup/qxiong1/linux/2019/10-20/git-repos/i220b/work/prj2-sol/stack.c
/backup/qxiong1/linux/2019/10-23/Downloads/cstack.c
/backup/qxiong1/linux/2019/10-23/Past files/cstack.c
/backup/qxiong1/linux/2019/10-23/Past files/t1.c
/backup/qxiong1/linux/2019/10-23/Past files/v.c
/backup/qxiong1/linux/2019/10-23/Past files/x.c
/backup/qxiong1/linux/2019/10-23/git-repos/cs220/labs/lab2/files/ex1/hello.c
/backup/qxiong1/linux/2019/10-23/git-repos/cs220/labs/lab2/files/ex3/main.c
/backup/qxiong1/linux/2019/10-23/git-repos/cs220/labs/lab2/files/ex3/quadr.c
/backup/qxiong1/linux/2019/10-23/git-repos/cs220/labs/lab2/files/ex4/key-value.c
/backup/qxiong1/linux/2019/10-23/git-repos/cs220/labs/lab2/files/ex4/main.c
/backup/qxiong1/linux/2019/10-23/git-repos/cs220/labs/lab2/files/ex4/process-file.c
/backup/qxiong1/linux/2019/10-23/git-repos/cs220/labs/lab3/files/ex1/hello.c
/backup/qxiong1/linux/2019/10-23/git-repos/cs220/labs/lab3/files/ex2/hello.c
/backup/qxiong1/linux/2019/10-23/git-repos/cs220/labs/lab5/files/ex1/pointers.c
/backup/qxiong1/linux/2019/10-23/git-repos/cs220/labs/lab5/files/ex2/in-pointers.c
/backup/qxiong1/linux/2019/10-23/git-repos/cs220/labs/lab5/files/ex3/bad-types.c
/backup/qxiong1/linux/2019/10-23/git-repos/cs220/labs/lab5/files/ex4/cast-types.c
/backup/qxiong1/linux/2019/10-23/git-repos/cs220/labs/lab5/files/ex5/void-pointers.c
/backup/qxiong1/linux/2019/10-23/git-repos/cs220/labs/lab5/files/ex6/in-voids.c
/backup/qxiong1/linux/2019/10-23/git-repos/cs220/labs/lab8/files/hello-multi.c
/backup/qxiong1/linux/2019/10-23/git-repos/cs220/labs/lab8/files/hello-one.c
/backup/qxiong1/linux/2019/10-23/git-repos/cs220/misc/bin-num/220a/main.c
/backup/qxiong1/linux/2019/10-23/git-repos/cs220/misc/bin-num/220a/bin-num.c
/backup/qxiong1/linux/2019/10-23/git-repos/cs220/misc/bin-num/220b/bin-num.c
/backup/qxiong1/linux/2019/10-23/git-repos/cs220/misc/bin-num/220b/main.c
/backup/qxiong1/linux/2019/10-23/git-repos/cs220/projects/prj1-sol/bits-to-ints.c
/backup/qxiong1/linux/2019/10-23/git-repos/cs220/projects/prj1-sol/errors.c
/backup/qxiong1/linux/2019/10-23/git-repos/cs220/projects/prj1-sol/main.c
/backup/qxiong1/linux/2019/10-23/git-repos/cs220/projects/prj1/prj1-sol/bits-to-ints.c
/backup/qxiong1/linux/2019/10-23/git-repos/cs220/projects/prj1/prj1-sol/main.c
/backup/qxiong1/linux/2019/10-23/git-repos/cs220/projects/prj1/prj1-sol/errors.c
/backup/qxiong1/linux/2019/10-23/git-repos/cs220/projects/prj2/prj2-sol/big-bits.c
/backup/qxiong1/linux/2019/10-23/git-repos/cs220/projects/prj2/prj2-sol/errors.c
/backup/qxiong1/linux/2019/10-23/git-repos/cs220/projects/prj2/prj2-sol/hex-util.c
/backup/qxiong1/linux/2019/10-23/git-repos/cs220/projects/prj2/prj2-sol/main.c
/backup/qxiong1/linux/2019/10-23/git-repos/cs220/projects/prj2/prj2-sol/stack.c
/backup/qxiong1/linux/2019/10-23/git-repos/cs220/slides/adts/code/stack.c
/backup/qxiong1/linux/2019/10-23/git-repos/cs220/slides/c-intro/code/integer-sizes.c
/backup/qxiong1/linux/2019/10-23/git-repos/cs220/slides/c-intro/code/kilo-powers.c
/backup/qxiong1/linux/2019/10-23/git-repos/cs220/slides/c-intro/code/ptr-sum.c
/backup/qxiong1/linux/2019/10-23/git-repos/cs220/slides/c-intro/code/robust-sum.c
/backup/qxiong1/linux/2019/10-23/git-repos/cs220/slides/c-intro/code/sum-args.c
/backup/qxiong1/linux/2019/10-23/git-repos/cs220/slides/c-intro/code/count-1s-1.c
/backup/qxiong1/linux/2019/10-23/git-repos/cs220/slides/c-intro/code/count-1s-2.c
/backup/qxiong1/linux/2019/10-23/git-repos/cs220/slides/c-intro/code/endian.c
/backup/qxiong1/linux/2019/10-23/git-repos/cs220/slides/c-intro/code/wc.c
/backup/qxiong1/linux/2019/10-23/git-repos/cs220/slides/c-intro/code/bases.c
/backup/qxiong1/linux/2019/10-23/git-repos/cs220/slides/c-intro/code/out-bits.c
/backup/qxiong1/linux/2019/10-23/git-repos/cs220/slides/c-intro/code/sum.c
/backup/qxiong1/linux/2019/10-23/git-repos/cs220/slides/intro/code/hello.c
/backup/qxiong1/linux/2019/10-23/git-repos/cs220/slides/x86/code/mstore/main.c
/backup/qxiong1/linux/2019/10-23/git-repos/cs220/slides/x86/code/mstore/mstore.c
/backup/qxiong1/linux/2019/10-23/git-repos/cs220/slides/x86/code/simple/simple.c
/backup/qxiong1/linux/2019/10-23/git-repos/cs220/slides/x86/code/sum1/sum1.c
/backup/qxiong1/linux/2019/10-23/git-repos/cs220/slides/x86/code/abs-diff.c
/backup/qxiong1/linux/2019/10-23/git-repos/cs220/slides/x86/code/arith.c
/backup/qxiong1/linux/2019/10-23/git-repos/cs220/slides/x86/code/cmp-sets.c
/backup/qxiong1/linux/2019/10-23/git-repos/cs220/slides/x86/code/conditional-move.c
/backup/qxiong1/linux/2019/10-23/git-repos/cs220/slides/x86/code/div-mod.c
/backup/qxiong1/linux/2019/10-23/git-repos/cs220/slides/x86/code/dynamic-array.c
/backup/qxiong1/linux/2019/10-23/git-repos/cs220/slides/x86/code/fact-do-while.c
/backup/qxiong1/linux/2019/10-23/git-repos/cs220/slides/x86/code/fact-while.c
/backup/qxiong1/linux/2019/10-23/git-repos/cs220/slides/x86/code/fact.c
/backup/qxiong1/linux/2019/10-23/git-repos/cs220/slides/x86/code/find.c
/backup/qxiong1/linux/2019/10-23/git-repos/cs220/slides/x86/code/indirect-goto.c
/backup/qxiong1/linux/2019/10-23/git-repos/cs220/slides/x86/code/mul.c
/backup/qxiong1/linux/2019/10-23/git-repos/cs220/slides/x86/code/multi-dim.c
/backup/qxiong1/linux/2019/10-23/git-repos/cs220/slides/x86/code/no-frame.c
/backup/qxiong1/linux/2019/10-23/git-repos/cs220/slides/x86/code/rect-array.c
/backup/qxiong1/linux/2019/10-23/git-repos/cs220/slides/x86/code/rect.c
/backup/qxiong1/linux/2019/10-23/git-repos/cs220/slides/x86/code/stack-frame.c
/backup/qxiong1/linux/2019/10-23/git-repos/cs220/slides/x86/code/sum.c
/backup/qxiong1/linux/2019/10-23/git-repos/cs220/slides/x86/code/swap.c
/backup/qxiong1/linux/2019/10-23/git-repos/cs220/slides/x86/code/switch.c
/backup/qxiong1/linux/2019/10-23/git-repos/cs220/slides/x86/code/move/move.c
/backup/qxiong1/linux/2019/10-23/git-repos/i220b.bak/submit/lab2/ex1/hello.c
/backup/qxiong1/linux/2019/10-23/git-repos/i220b.bak/submit/lab2/ex3/main.c
/backup/qxiong1/linux/2019/10-23/git-repos/i220b.bak/submit/lab2/ex3/quadr.c
/backup/qxiong1/linux/2019/10-23/git-repos/i220b.bak/submit/lab2/ex4/key-value.c
/backup/qxiong1/linux/2019/10-23/git-repos/i220b.bak/submit/lab2/ex4/main.c
/backup/qxiong1/linux/2019/10-23/git-repos/i220b.bak/submit/lab2/ex4/process-file.c
/backup/qxiong1/linux/2019/10-23/git-repos/i220b/submit/lab2/ex1/hello.c
/backup/qxiong1/linux/2019/10-23/git-repos/i220b/submit/lab2/ex3/main.c
/backup/qxiong1/linux/2019/10-23/git-repos/i220b/submit/lab2/ex3/quadr.c
/backup/qxiong1/linux/2019/10-23/git-repos/i220b/submit/lab2/ex4/key-value.c
/backup/qxiong1/linux/2019/10-23/git-repos/i220b/submit/lab2/ex4/main.c
/backup/qxiong1/linux/2019/10-23/git-repos/i220b/submit/lab2/ex4/process-file.c
/backup/qxiong1/linux/2019/10-23/git-repos/i220b/submit/lab3/files/ex1/hello.c
/backup/qxiong1/linux/2019/10-23/git-repos/i220b/submit/lab3/files/ex2/hello.c
/backup/qxiong1/linux/2019/10-23/git-repos/i220b/submit/lab4/ex1/uints.c
/backup/qxiong1/linux/2019/10-23/git-repos/i220b/submit/lab4/ex2/ints.c
/backup/qxiong1/linux/2019/10-23/git-repos/i220b/submit/lab4/ex3/identify.c
/backup/qxiong1/linux/2019/10-23/git-repos/i220b/submit/lab4/ex4/negeq.c
/backup/qxiong1/linux/2019/10-23/git-repos/i220b/submit/lab4/ex6/0.1.c
/backup/qxiong1/linux/2019/10-23/git-repos/i220b/submit/lab4/ex7/nan.c
/backup/qxiong1/linux/2019/10-23/git-repos/i220b/submit/lab4/ex8/ulp.c
/backup/qxiong1/linux/2019/10-23/git-repos/i220b/submit/lab4/ex9/loop.c
/backup/qxiong1/linux/2019/10-23/git-repos/i220b/submit/lab5/ex4/cast-types.c
/backup/qxiong1/linux/2019/10-23/git-repos/i220b/submit/lab5/ex5/void-pointers.c
/backup/qxiong1/linux/2019/10-23/git-repos/i220b/submit/lab5/ex6/in-voids.c
/backup/qxiong1/linux/2019/10-23/git-repos/i220b/submit/lab5/ex1/pointers.c
/backup/qxiong1/linux/2019/10-23/git-repos/i220b/submit/lab5/ex2/in-pointers.c
/backup/qxiong1/linux/2019/10-23/git-repos/i220b/submit/lab5/ex3/bad-types.c
/backup/qxiong1/linux/2019/10-23/git-repos/i220b/submit/lab6/brk/brk.c
/backup/qxiong1/linux/2019/10-23/git-repos/i220b/submit/lab6/bug-program/bug-program.c
/backup/qxiong1/linux/2019/10-23/git-repos/i220b/submit/lab6/process-memory/process-memory.c
/backup/qxiong1/linux/2019/10-23/git-repos/i220b/submit/lab7/libgeom/circ.c
/backup/qxiong1/linux/2019/10-23/git-repos/i220b/submit/lab7/libgeom/rect.c
/backup/qxiong1/linux/2019/10-23/git-repos/i220b/submit/lab7/libgeom/testgeom.c
/backup/qxiong1/linux/2019/10-23/git-repos/i220b/submit/lab7/libvec/addvec.c
/backup/qxiong1/linux/2019/10-23/git-repos/i220b/submit/lab7/libvec/multvec.c
/backup/qxiong1/linux/2019/10-23/git-repos/i220b/submit/lab7/libvec/testvec.c
/backup/qxiong1/linux/2019/10-23/git-repos/i220b/submit/lab7/log10/log10.c
/backup/qxiong1/linux/2019/10-23/git-repos/i220b/submit/lab7/multiple-defs/f.c
/backup/qxiong1/linux/2019/10-23/git-repos/i220b/submit/lab7/multiple-defs/main.c
/backup/qxiong1/linux/2019/10-23/git-repos/i220b/submit/lab7/multiple-symbols/def1.c
/backup/qxiong1/linux/2019/10-23/git-repos/i220b/submit/lab7/multiple-symbols/def2.c
/backup/qxiong1/linux/2019/10-23/git-repos/i220b/submit/lab7/multiple-symbols/main.c
/backup/qxiong1/linux/2019/10-23/git-repos/i220b/submit/lab7/static-dynamic/log10.c
/backup/qxiong1/linux/2019/10-23/git-repos/i220b/submit/lab8/hello.c
/backup/qxiong1/linux/2019/10-23/git-repos/i220b/submit/prj1-sol/bits-to-ints.c
/backup/qxiong1/linux/2019/10-23/git-repos/i220b/submit/prj1-sol/errors.c
/backup/qxiong1/linux/2019/10-23/git-repos/i220b/submit/prj1-sol/main.c
/backup/qxiong1/linux/2019/10-23/git-repos/i220b/work/prj2-sol/big-bits.c
/backup/qxiong1/linux/2019/10-23/git-repos/i220b/work/prj2-sol/errors.c
/backup/qxiong1/linux/2019/10-23/git-repos/i220b/work/prj2-sol/hex-util.c
/backup/qxiong1/linux/2019/10-23/git-repos/i220b/work/prj2-sol/main.c
/backup/qxiong1/linux/2019/10-23/git-repos/i220b/work/prj2-sol/stack.c
/backup/qxiong1/linux/2019/10-26/Downloads/cstack.c
/backup/qxiong1/linux/2019/10-26/Past files/cstack.c
/backup/qxiong1/linux/2019/10-26/Past files/t1.c
/backup/qxiong1/linux/2019/10-26/Past files/v.c
/backup/qxiong1/linux/2019/10-26/Past files/x.c
/backup/qxiong1/linux/2019/10-26/git-repos/i220b.bak/submit/lab2/ex1/hello.c
/backup/qxiong1/linux/2019/10-26/git-repos/i220b.bak/submit/lab2/ex3/main.c
/backup/qxiong1/linux/2019/10-26/git-repos/i220b.bak/submit/lab2/ex3/quadr.c
/backup/qxiong1/linux/2019/10-26/git-repos/i220b.bak/submit/lab2/ex4/key-value.c
/backup/qxiong1/linux/2019/10-26/git-repos/i220b.bak/submit/lab2/ex4/main.c
/backup/qxiong1/linux/2019/10-26/git-repos/i220b.bak/submit/lab2/ex4/process-file.c
/backup/qxiong1/linux/2019/10-26/git-repos/i220b/submit/lab2/ex1/hello.c
/backup/qxiong1/linux/2019/10-26/git-repos/i220b/submit/lab2/ex3/main.c
/backup/qxiong1/linux/2019/10-26/git-repos/i220b/submit/lab2/ex3/quadr.c
/backup/qxiong1/linux/2019/10-26/git-repos/i220b/submit/lab2/ex4/key-value.c
/backup/qxiong1/linux/2019/10-26/git-repos/i220b/submit/lab2/ex4/main.c
/backup/qxiong1/linux/2019/10-26/git-repos/i220b/submit/lab2/ex4/process-file.c
/backup/qxiong1/linux/2019/10-26/git-repos/i220b/submit/lab3/files/ex1/hello.c
/backup/qxiong1/linux/2019/10-26/git-repos/i220b/submit/lab3/files/ex2/hello.c
/backup/qxiong1/linux/2019/10-26/git-repos/i220b/submit/lab4/ex1/uints.c
/backup/qxiong1/linux/2019/10-26/git-repos/i220b/submit/lab4/ex2/ints.c
/backup/qxiong1/linux/2019/10-26/git-repos/i220b/submit/lab4/ex3/identify.c
/backup/qxiong1/linux/2019/10-26/git-repos/i220b/submit/lab4/ex4/negeq.c
/backup/qxiong1/linux/2019/10-26/git-repos/i220b/submit/lab4/ex6/0.1.c
/backup/qxiong1/linux/2019/10-26/git-repos/i220b/submit/lab4/ex7/nan.c
/backup/qxiong1/linux/2019/10-26/git-repos/i220b/submit/lab4/ex8/ulp.c
/backup/qxiong1/linux/2019/10-26/git-repos/i220b/submit/lab4/ex9/loop.c
/backup/qxiong1/linux/2019/10-26/git-repos/i220b/submit/lab5/ex1/pointers.c
/backup/qxiong1/linux/2019/10-26/git-repos/i220b/submit/lab5/ex2/in-pointers.c
/backup/qxiong1/linux/2019/10-26/git-repos/i220b/submit/lab5/ex3/bad-types.c
/backup/qxiong1/linux/2019/10-26/git-repos/i220b/submit/lab5/ex4/cast-types.c
/backup/qxiong1/linux/2019/10-26/git-repos/i220b/submit/lab5/ex5/void-pointers.c
/backup/qxiong1/linux/2019/10-26/git-repos/i220b/submit/lab5/ex6/in-voids.c
/backup/qxiong1/linux/2019/10-26/git-repos/i220b/submit/lab6/brk/brk.c
/backup/qxiong1/linux/2019/10-26/git-repos/i220b/submit/lab6/bug-program/bug-program.c
/backup/qxiong1/linux/2019/10-26/git-repos/i220b/submit/lab6/process-memory/process-memory.c
/backup/qxiong1/linux/2019/10-26/git-repos/i220b/submit/lab7/libgeom/circ.c
/backup/qxiong1/linux/2019/10-26/git-repos/i220b/submit/lab7/libgeom/rect.c
/backup/qxiong1/linux/2019/10-26/git-repos/i220b/submit/lab7/libgeom/testgeom.c
/backup/qxiong1/linux/2019/10-26/git-repos/i220b/submit/lab7/libvec/addvec.c
/backup/qxiong1/linux/2019/10-26/git-repos/i220b/submit/lab7/libvec/multvec.c
/backup/qxiong1/linux/2019/10-26/git-repos/i220b/submit/lab7/libvec/testvec.c
/backup/qxiong1/linux/2019/10-26/git-repos/i220b/submit/lab7/log10/log10.c
/backup/qxiong1/linux/2019/10-26/git-repos/i220b/submit/lab7/multiple-defs/f.c
/backup/qxiong1/linux/2019/10-26/git-repos/i220b/submit/lab7/multiple-defs/main.c
/backup/qxiong1/linux/2019/10-26/git-repos/i220b/submit/lab7/multiple-symbols/def1.c
/backup/qxiong1/linux/2019/10-26/git-repos/i220b/submit/lab7/multiple-symbols/def2.c
/backup/qxiong1/linux/2019/10-26/git-repos/i220b/submit/lab7/multiple-symbols/main.c
/backup/qxiong1/linux/2019/10-26/git-repos/i220b/submit/lab7/static-dynamic/log10.c
/backup/qxiong1/linux/2019/10-26/git-repos/i220b/submit/lab8/hello.c
/backup/qxiong1/linux/2019/10-26/git-repos/i220b/submit/prj1-sol/bits-to-ints.c
/backup/qxiong1/linux/2019/10-26/git-repos/i220b/submit/prj1-sol/errors.c
/backup/qxiong1/linux/2019/10-26/git-repos/i220b/submit/prj1-sol/main.c
/backup/qxiong1/linux/2019/10-26/git-repos/i220b/work/lab10/cpuid1/main.c
/backup/qxiong1/linux/2019/10-26/git-repos/i220b/work/lab10/cpuid2/main.c
/backup/qxiong1/linux/2019/10-26/git-repos/i220b/work/lab10/parity/main.c
/backup/qxiong1/linux/2019/10-26/git-repos/i220b/work/lab10/rip/rip.c
/backup/qxiong1/linux/2019/10-26/git-repos/i220b/work/lab10/rotate/rotate.c
/backup/qxiong1/linux/2019/10-26/git-repos/i220b/work/lab10/rsp/rsp.c
/backup/qxiong1/linux/2019/10-26/git-repos/i220b/work/prj2-sol/big-bits.c
/backup/qxiong1/linux/2019/10-26/git-repos/i220b/work/prj2-sol/errors.c
/backup/qxiong1/linux/2019/10-26/git-repos/i220b/work/prj2-sol/hex-util.c
/backup/qxiong1/linux/2019/10-26/git-repos/i220b/work/prj2-sol/main.c
/backup/qxiong1/linux/2019/10-26/git-repos/i220b/work/prj2-sol/stack.c
/backup/qxiong1/linux/2019/10-26/git-repos/cs220/exercises/questions/src/x86/fns-asm.c
/backup/qxiong1/linux/2019/10-26/git-repos/cs220/labs/lab2/files/ex1/hello.c
/backup/qxiong1/linux/2019/10-26/git-repos/cs220/labs/lab2/files/ex3/main.c
/backup/qxiong1/linux/2019/10-26/git-repos/cs220/labs/lab2/files/ex3/quadr.c
/backup/qxiong1/linux/2019/10-26/git-repos/cs220/labs/lab2/files/ex4/key-value.c
/backup/qxiong1/linux/2019/10-26/git-repos/cs220/labs/lab2/files/ex4/main.c
/backup/qxiong1/linux/2019/10-26/git-repos/cs220/labs/lab2/files/ex4/process-file.c
/backup/qxiong1/linux/2019/10-26/git-repos/cs220/labs/lab3/files/ex1/hello.c
/backup/qxiong1/linux/2019/10-26/git-repos/cs220/labs/lab3/files/ex2/hello.c
/backup/qxiong1/linux/2019/10-26/git-repos/cs220/labs/lab5/files/ex2/in-pointers.c
/backup/qxiong1/linux/2019/10-26/git-repos/cs220/labs/lab5/files/ex3/bad-types.c
/backup/qxiong1/linux/2019/10-26/git-repos/cs220/labs/lab5/files/ex4/cast-types.c
/backup/qxiong1/linux/2019/10-26/git-repos/cs220/labs/lab5/files/ex5/void-pointers.c
/backup/qxiong1/linux/2019/10-26/git-repos/cs220/labs/lab5/files/ex6/in-voids.c
/backup/qxiong1/linux/2019/10-26/git-repos/cs220/labs/lab5/files/ex1/pointers.c
/backup/qxiong1/linux/2019/10-26/git-repos/cs220/labs/lab8/files/hello-multi.c
/backup/qxiong1/linux/2019/10-26/git-repos/cs220/labs/lab8/files/hello-one.c
/backup/qxiong1/linux/2019/10-26/git-repos/cs220/labs/lab9/files/hello.c
/backup/qxiong1/linux/2019/10-26/git-repos/cs220/labs/lab10/files/cpuid1/main.c
/backup/qxiong1/linux/2019/10-26/git-repos/cs220/labs/lab10/files/cpuid2/main.c
/backup/qxiong1/linux/2019/10-26/git-repos/cs220/labs/lab10/files/parity/main.c
/backup/qxiong1/linux/2019/10-26/git-repos/cs220/labs/lab10/files/rip/rip.c
/backup/qxiong1/linux/2019/10-26/git-repos/cs220/labs/lab10/files/rotate/rotate.c
/backup/qxiong1/linux/2019/10-26/git-repos/cs220/labs/lab10/files/rsp/rsp.c
/backup/qxiong1/linux/2019/10-26/git-repos/cs220/misc/bin-num/220a/main.c
/backup/qxiong1/linux/2019/10-26/git-repos/cs220/misc/bin-num/220a/bin-num.c
/backup/qxiong1/linux/2019/10-26/git-repos/cs220/misc/bin-num/220b/bin-num.c
/backup/qxiong1/linux/2019/10-26/git-repos/cs220/misc/bin-num/220b/main.c
/backup/qxiong1/linux/2019/10-26/git-repos/cs220/projects/prj1-sol/bits-to-ints.c
/backup/qxiong1/linux/2019/10-26/git-repos/cs220/projects/prj1-sol/errors.c
/backup/qxiong1/linux/2019/10-26/git-repos/cs220/projects/prj1-sol/main.c
/backup/qxiong1/linux/2019/10-26/git-repos/cs220/projects/prj1/prj1-sol/bits-to-ints.c
/backup/qxiong1/linux/2019/10-26/git-repos/cs220/projects/prj1/prj1-sol/main.c
/backup/qxiong1/linux/2019/10-26/git-repos/cs220/projects/prj1/prj1-sol/errors.c
/backup/qxiong1/linux/2019/10-26/git-repos/cs220/projects/prj2-sol/alt-big-bits.c
/backup/qxiong1/linux/2019/10-26/git-repos/cs220/projects/prj2-sol/big-bits.c
/backup/qxiong1/linux/2019/10-26/git-repos/cs220/projects/prj2-sol/errors.c
/backup/qxiong1/linux/2019/10-26/git-repos/cs220/projects/prj2-sol/hex-util.c
/backup/qxiong1/linux/2019/10-26/git-repos/cs220/projects/prj2-sol/main.c
/backup/qxiong1/linux/2019/10-26/git-repos/cs220/projects/prj2-sol/stack.c
/backup/qxiong1/linux/2019/10-26/git-repos/cs220/projects/prj2/prj2-sol/big-bits.c
/backup/qxiong1/linux/2019/10-26/git-repos/cs220/projects/prj2/prj2-sol/errors.c
/backup/qxiong1/linux/2019/10-26/git-repos/cs220/projects/prj2/prj2-sol/hex-util.c
/backup/qxiong1/linux/2019/10-26/git-repos/cs220/projects/prj2/prj2-sol/main.c
/backup/qxiong1/linux/2019/10-26/git-repos/cs220/projects/prj2/prj2-sol/stack.c
/backup/qxiong1/linux/2019/10-26/git-repos/cs220/slides/c-intro/code/integer-sizes.c
/backup/qxiong1/linux/2019/10-26/git-repos/cs220/slides/c-intro/code/kilo-powers.c
/backup/qxiong1/linux/2019/10-26/git-repos/cs220/slides/c-intro/code/ptr-sum.c
/backup/qxiong1/linux/2019/10-26/git-repos/cs220/slides/c-intro/code/robust-sum.c
/backup/qxiong1/linux/2019/10-26/git-repos/cs220/slides/c-intro/code/sum-args.c
/backup/qxiong1/linux/2019/10-26/git-repos/cs220/slides/c-intro/code/count-1s-1.c
/backup/qxiong1/linux/2019/10-26/git-repos/cs220/slides/c-intro/code/count-1s-2.c
/backup/qxiong1/linux/2019/10-26/git-repos/cs220/slides/c-intro/code/endian.c
/backup/qxiong1/linux/2019/10-26/git-repos/cs220/slides/c-intro/code/wc.c
/backup/qxiong1/linux/2019/10-26/git-repos/cs220/slides/c-intro/code/bases.c
/backup/qxiong1/linux/2019/10-26/git-repos/cs220/slides/c-intro/code/out-bits.c
/backup/qxiong1/linux/2019/10-26/git-repos/cs220/slides/c-intro/code/sum.c
/backup/qxiong1/linux/2019/10-26/git-repos/cs220/slides/intro/code/hello.c
/backup/qxiong1/linux/2019/10-26/git-repos/cs220/slides/x86/code/abs-diff.c
/backup/qxiong1/linux/2019/10-26/git-repos/cs220/slides/x86/code/acc-fact.c
/backup/qxiong1/linux/2019/10-26/git-repos/cs220/slides/x86/code/array-access.c
/backup/qxiong1/linux/2019/10-26/git-repos/cs220/slides/x86/code/cmp-sets.c
/backup/qxiong1/linux/2019/10-26/git-repos/cs220/slides/x86/code/fact-do-while.c
/backup/qxiong1/linux/2019/10-26/git-repos/cs220/slides/x86/code/fact-while.c
/backup/qxiong1/linux/2019/10-26/git-repos/cs220/slides/x86/code/indirect-goto.c
/backup/qxiong1/linux/2019/10-26/git-repos/cs220/slides/x86/code/move.c
/backup/qxiong1/linux/2019/10-26/git-repos/cs220/slides/x86/code/point3.c
/backup/qxiong1/linux/2019/10-26/git-repos/cs220/slides/x86/code/read-point.c
/backup/qxiong1/linux/2019/10-26/git-repos/cs220/slides/x86/code/rec-fact.c
/backup/qxiong1/linux/2019/10-26/git-repos/cs220/slides/x86/code/scale.c
/backup/qxiong1/linux/2019/10-26/git-repos/cs220/slides/x86/code/stack-frame.c
/backup/qxiong1/linux/2019/10-26/git-repos/cs220/slides/x86/code/structs.c
/backup/qxiong1/linux/2019/10-26/git-repos/cs220/slides/x86/code/sum-dist-origin-s.c
/backup/qxiong1/linux/2019/10-26/git-repos/cs220/slides/x86/code/sum-dist-origin.c
/backup/qxiong1/linux/2019/10-26/git-repos/cs220/slides/x86/code/sum.c
/backup/qxiong1/linux/2019/10-26/git-repos/cs220/slides/x86/code/switch.c
/backup/qxiong1/linux/2019/10-26/git-repos/cs220/slides/x86/code/vframe.c
/backup/qxiong1/linux/2019/10-26/git-repos/cs220/slides/x86/code/mstore/main.c
/backup/qxiong1/linux/2019/10-26/git-repos/cs220/slides/x86/code/mstore/mstore.c
/backup/qxiong1/linux/2019/10-26/git-repos/cs220/slides/x86/code/arith.c
/backup/qxiong1/linux/2019/10-26/git-repos/cs220/slides/x86/code/conditional-move.c
/backup/qxiong1/linux/2019/10-26/git-repos/cs220/slides/x86/code/div-mod.c
/backup/qxiong1/linux/2019/10-26/git-repos/cs220/slides/x86/code/dynamic-array.c
/backup/qxiong1/linux/2019/10-26/git-repos/cs220/slides/x86/code/find.c
/backup/qxiong1/linux/2019/10-26/git-repos/cs220/slides/adts/code/stack.c
/backup/qxiong1/linux/2019/10-27/git-repos/cs220/exercises/questions/src/x86/fns-asm.c
/backup/qxiong1/linux/2019/10-27/git-repos/cs220/labs/lab10/files/cpuid1/main.c
/backup/qxiong1/linux/2019/10-27/git-repos/cs220/labs/lab10/files/cpuid2/main.c
/backup/qxiong1/linux/2019/10-27/git-repos/cs220/labs/lab10/files/parity/main.c
/backup/qxiong1/linux/2019/10-27/git-repos/cs220/labs/lab10/files/rip/rip.c
/backup/qxiong1/linux/2019/10-27/git-repos/cs220/labs/lab10/files/rotate/rotate.c
/backup/qxiong1/linux/2019/10-27/git-repos/cs220/labs/lab10/files/rsp/rsp.c
/backup/qxiong1/linux/2019/10-27/git-repos/cs220/labs/lab2/files/ex1/hello.c
/backup/qxiong1/linux/2019/10-27/git-repos/cs220/labs/lab2/files/ex3/main.c
/backup/qxiong1/linux/2019/10-27/git-repos/cs220/labs/lab2/files/ex3/quadr.c
/backup/qxiong1/linux/2019/10-27/git-repos/cs220/labs/lab2/files/ex4/key-value.c
/backup/qxiong1/linux/2019/10-27/git-repos/cs220/labs/lab2/files/ex4/main.c
/backup/qxiong1/linux/2019/10-27/git-repos/cs220/labs/lab2/files/ex4/process-file.c
/backup/qxiong1/linux/2019/10-27/git-repos/cs220/labs/lab3/files/ex1/hello.c
/backup/qxiong1/linux/2019/10-27/git-repos/cs220/labs/lab3/files/ex2/hello.c
/backup/qxiong1/linux/2019/10-27/git-repos/cs220/labs/lab5/files/ex1/pointers.c
/backup/qxiong1/linux/2019/10-27/git-repos/cs220/labs/lab5/files/ex2/in-pointers.c
/backup/qxiong1/linux/2019/10-27/git-repos/cs220/labs/lab5/files/ex3/bad-types.c
/backup/qxiong1/linux/2019/10-27/git-repos/cs220/labs/lab5/files/ex4/cast-types.c
/backup/qxiong1/linux/2019/10-27/git-repos/cs220/labs/lab5/files/ex5/void-pointers.c
/backup/qxiong1/linux/2019/10-27/git-repos/cs220/labs/lab5/files/ex6/in-voids.c
/backup/qxiong1/linux/2019/10-27/git-repos/cs220/labs/lab8/files/hello-multi.c
/backup/qxiong1/linux/2019/10-27/git-repos/cs220/labs/lab8/files/hello-one.c
/backup/qxiong1/linux/2019/10-27/git-repos/cs220/labs/lab9/files/hello.c
/backup/qxiong1/linux/2019/10-27/git-repos/cs220/misc/bin-num/220a/main.c
/backup/qxiong1/linux/2019/10-27/git-repos/cs220/misc/bin-num/220a/bin-num.c
/backup/qxiong1/linux/2019/10-27/git-repos/cs220/misc/bin-num/220b/bin-num.c
/backup/qxiong1/linux/2019/10-27/git-repos/cs220/misc/bin-num/220b/main.c
/backup/qxiong1/linux/2019/10-27/git-repos/cs220/projects/prj1-sol/bits-to-ints.c
/backup/qxiong1/linux/2019/10-27/git-repos/cs220/projects/prj1-sol/errors.c
/backup/qxiong1/linux/2019/10-27/git-repos/cs220/projects/prj1-sol/main.c
/backup/qxiong1/linux/2019/10-27/git-repos/cs220/projects/prj1/prj1-sol/bits-to-ints.c
/backup/qxiong1/linux/2019/10-27/git-repos/cs220/projects/prj1/prj1-sol/main.c
/backup/qxiong1/linux/2019/10-27/git-repos/cs220/projects/prj1/prj1-sol/errors.c
/backup/qxiong1/linux/2019/10-27/git-repos/cs220/projects/prj2-sol/alt-big-bits.c
/backup/qxiong1/linux/2019/10-27/git-repos/cs220/projects/prj2-sol/big-bits.c
/backup/qxiong1/linux/2019/10-27/git-repos/cs220/projects/prj2-sol/errors.c
/backup/qxiong1/linux/2019/10-27/git-repos/cs220/projects/prj2-sol/hex-util.c
/backup/qxiong1/linux/2019/10-27/git-repos/cs220/projects/prj2-sol/main.c
/backup/qxiong1/linux/2019/10-27/git-repos/cs220/projects/prj2-sol/stack.c
/backup/qxiong1/linux/2019/10-27/git-repos/cs220/projects/prj2/prj2-sol/big-bits.c
/backup/qxiong1/linux/2019/10-27/git-repos/cs220/projects/prj2/prj2-sol/errors.c
/backup/qxiong1/linux/2019/10-27/git-repos/cs220/projects/prj2/prj2-sol/hex-util.c
/backup/qxiong1/linux/2019/10-27/git-repos/cs220/projects/prj2/prj2-sol/main.c
/backup/qxiong1/linux/2019/10-27/git-repos/cs220/projects/prj2/prj2-sol/stack.c
/backup/qxiong1/linux/2019/10-27/git-repos/cs220/slides/adts/code/stack.c
/backup/qxiong1/linux/2019/10-27/git-repos/cs220/slides/c-intro/code/integer-sizes.c
/backup/qxiong1/linux/2019/10-27/git-repos/cs220/slides/c-intro/code/kilo-powers.c
/backup/qxiong1/linux/2019/10-27/git-repos/cs220/slides/c-intro/code/ptr-sum.c
/backup/qxiong1/linux/2019/10-27/git-repos/cs220/slides/c-intro/code/robust-sum.c
/backup/qxiong1/linux/2019/10-27/git-repos/cs220/slides/c-intro/code/sum-args.c
/backup/qxiong1/linux/2019/10-27/git-repos/cs220/slides/c-intro/code/count-1s-1.c
/backup/qxiong1/linux/2019/10-27/git-repos/cs220/slides/c-intro/code/count-1s-2.c
/backup/qxiong1/linux/2019/10-27/git-repos/cs220/slides/c-intro/code/endian.c
/backup/qxiong1/linux/2019/10-27/git-repos/cs220/slides/c-intro/code/wc.c
/backup/qxiong1/linux/2019/10-27/git-repos/cs220/slides/c-intro/code/bases.c
/backup/qxiong1/linux/2019/10-27/git-repos/cs220/slides/c-intro/code/out-bits.c
/backup/qxiong1/linux/2019/10-27/git-repos/cs220/slides/c-intro/code/sum.c
/backup/qxiong1/linux/2019/10-27/git-repos/cs220/slides/intro/code/hello.c
/backup/qxiong1/linux/2019/10-27/git-repos/cs220/slides/x86/code/abs-diff.c
/backup/qxiong1/linux/2019/10-27/git-repos/cs220/slides/x86/code/acc-fact.c
/backup/qxiong1/linux/2019/10-27/git-repos/cs220/slides/x86/code/array-access.c
/backup/qxiong1/linux/2019/10-27/git-repos/cs220/slides/x86/code/cmp-sets.c
/backup/qxiong1/linux/2019/10-27/git-repos/cs220/slides/x86/code/fact-do-while.c
/backup/qxiong1/linux/2019/10-27/git-repos/cs220/slides/x86/code/fact-while.c
/backup/qxiong1/linux/2019/10-27/git-repos/cs220/slides/x86/code/indirect-goto.c
/backup/qxiong1/linux/2019/10-27/git-repos/cs220/slides/x86/code/move.c
/backup/qxiong1/linux/2019/10-27/git-repos/cs220/slides/x86/code/point3.c
/backup/qxiong1/linux/2019/10-27/git-repos/cs220/slides/x86/code/read-point.c
/backup/qxiong1/linux/2019/10-27/git-repos/cs220/slides/x86/code/rec-fact.c
/backup/qxiong1/linux/2019/10-27/git-repos/cs220/slides/x86/code/scale.c
/backup/qxiong1/linux/2019/10-27/git-repos/cs220/slides/x86/code/stack-frame.c
/backup/qxiong1/linux/2019/10-27/git-repos/cs220/slides/x86/code/structs.c
/backup/qxiong1/linux/2019/10-27/git-repos/cs220/slides/x86/code/sum-dist-origin-s.c
/backup/qxiong1/linux/2019/10-27/git-repos/cs220/slides/x86/code/sum-dist-origin.c
/backup/qxiong1/linux/2019/10-27/git-repos/cs220/slides/x86/code/sum.c
/backup/qxiong1/linux/2019/10-27/git-repos/cs220/slides/x86/code/switch.c
/backup/qxiong1/linux/2019/10-27/git-repos/cs220/slides/x86/code/vframe.c
/backup/qxiong1/linux/2019/10-27/git-repos/cs220/slides/x86/code/mstore/main.c
/backup/qxiong1/linux/2019/10-27/git-repos/cs220/slides/x86/code/mstore/mstore.c
/backup/qxiong1/linux/2019/10-27/git-repos/cs220/slides/x86/code/arith.c
/backup/qxiong1/linux/2019/10-27/git-repos/cs220/slides/x86/code/conditional-move.c
/backup/qxiong1/linux/2019/10-27/git-repos/cs220/slides/x86/code/div-mod.c
/backup/qxiong1/linux/2019/10-27/git-repos/cs220/slides/x86/code/dynamic-array.c
/backup/qxiong1/linux/2019/10-27/git-repos/cs220/slides/x86/code/find.c
/backup/qxiong1/linux/2019/10-27/git-repos/i220b.bak/submit/lab2/ex1/hello.c
/backup/qxiong1/linux/2019/10-27/git-repos/i220b.bak/submit/lab2/ex3/main.c
/backup/qxiong1/linux/2019/10-27/git-repos/i220b.bak/submit/lab2/ex3/quadr.c
/backup/qxiong1/linux/2019/10-27/git-repos/i220b.bak/submit/lab2/ex4/key-value.c
/backup/qxiong1/linux/2019/10-27/git-repos/i220b.bak/submit/lab2/ex4/main.c
/backup/qxiong1/linux/2019/10-27/git-repos/i220b.bak/submit/lab2/ex4/process-file.c
/backup/qxiong1/linux/2019/10-27/git-repos/i220b/submit/lab8/hello.c
/backup/qxiong1/linux/2019/10-27/git-repos/i220b/submit/prj1-sol/bits-to-ints.c
/backup/qxiong1/linux/2019/10-27/git-repos/i220b/submit/prj1-sol/errors.c
/backup/qxiong1/linux/2019/10-27/git-repos/i220b/submit/prj1-sol/main.c
/backup/qxiong1/linux/2019/10-27/git-repos/i220b/submit/lab2/ex1/hello.c
/backup/qxiong1/linux/2019/10-27/git-repos/i220b/submit/lab2/ex3/main.c
/backup/qxiong1/linux/2019/10-27/git-repos/i220b/submit/lab2/ex3/quadr.c
/backup/qxiong1/linux/2019/10-27/git-repos/i220b/submit/lab2/ex4/key-value.c
/backup/qxiong1/linux/2019/10-27/git-repos/i220b/submit/lab2/ex4/main.c
/backup/qxiong1/linux/2019/10-27/git-repos/i220b/submit/lab2/ex4/process-file.c
/backup/qxiong1/linux/2019/10-27/git-repos/i220b/submit/lab3/files/ex1/hello.c
/backup/qxiong1/linux/2019/10-27/git-repos/i220b/submit/lab3/files/ex2/hello.c
/backup/qxiong1/linux/2019/10-27/git-repos/i220b/submit/lab4/ex1/uints.c
/backup/qxiong1/linux/2019/10-27/git-repos/i220b/submit/lab4/ex2/ints.c
/backup/qxiong1/linux/2019/10-27/git-repos/i220b/submit/lab4/ex3/identify.c
/backup/qxiong1/linux/2019/10-27/git-repos/i220b/submit/lab4/ex4/negeq.c
/backup/qxiong1/linux/2019/10-27/git-repos/i220b/submit/lab4/ex6/0.1.c
/backup/qxiong1/linux/2019/10-27/git-repos/i220b/submit/lab4/ex7/nan.c
/backup/qxiong1/linux/2019/10-27/git-repos/i220b/submit/lab4/ex8/ulp.c
/backup/qxiong1/linux/2019/10-27/git-repos/i220b/submit/lab4/ex9/loop.c
/backup/qxiong1/linux/2019/10-27/git-repos/i220b/submit/lab5/ex1/pointers.c
/backup/qxiong1/linux/2019/10-27/git-repos/i220b/submit/lab5/ex2/in-pointers.c
/backup/qxiong1/linux/2019/10-27/git-repos/i220b/submit/lab5/ex3/bad-types.c
/backup/qxiong1/linux/2019/10-27/git-repos/i220b/submit/lab5/ex4/cast-types.c
/backup/qxiong1/linux/2019/10-27/git-repos/i220b/submit/lab5/ex5/void-pointers.c
/backup/qxiong1/linux/2019/10-27/git-repos/i220b/submit/lab5/ex6/in-voids.c
/backup/qxiong1/linux/2019/10-27/git-repos/i220b/submit/lab6/brk/brk.c
/backup/qxiong1/linux/2019/10-27/git-repos/i220b/submit/lab6/bug-program/bug-program.c
/backup/qxiong1/linux/2019/10-27/git-repos/i220b/submit/lab6/process-memory/process-memory.c
/backup/qxiong1/linux/2019/10-27/git-repos/i220b/submit/lab7/libgeom/circ.c
/backup/qxiong1/linux/2019/10-27/git-repos/i220b/submit/lab7/libgeom/rect.c
/backup/qxiong1/linux/2019/10-27/git-repos/i220b/submit/lab7/libgeom/testgeom.c
/backup/qxiong1/linux/2019/10-27/git-repos/i220b/submit/lab7/libvec/addvec.c
/backup/qxiong1/linux/2019/10-27/git-repos/i220b/submit/lab7/libvec/multvec.c
/backup/qxiong1/linux/2019/10-27/git-repos/i220b/submit/lab7/libvec/testvec.c
/backup/qxiong1/linux/2019/10-27/git-repos/i220b/submit/lab7/log10/log10.c
/backup/qxiong1/linux/2019/10-27/git-repos/i220b/submit/lab7/multiple-defs/f.c
/backup/qxiong1/linux/2019/10-27/git-repos/i220b/submit/lab7/multiple-defs/main.c
/backup/qxiong1/linux/2019/10-27/git-repos/i220b/submit/lab7/multiple-symbols/def1.c
/backup/qxiong1/linux/2019/10-27/git-repos/i220b/submit/lab7/multiple-symbols/def2.c
/backup/qxiong1/linux/2019/10-27/git-repos/i220b/submit/lab7/multiple-symbols/main.c
/backup/qxiong1/linux/2019/10-27/git-repos/i220b/submit/lab7/static-dynamic/log10.c
/backup/qxiong1/linux/2019/10-27/git-repos/i220b/work/lab10/cpuid1/main.c
/backup/qxiong1/linux/2019/10-27/git-repos/i220b/work/lab10/cpuid2/main.c
/backup/qxiong1/linux/2019/10-27/git-repos/i220b/work/lab10/parity/main.c
/backup/qxiong1/linux/2019/10-27/git-repos/i220b/work/lab10/rip/rip.c
/backup/qxiong1/linux/2019/10-27/git-repos/i220b/work/lab10/rotate/rotate.c
/backup/qxiong1/linux/2019/10-27/git-repos/i220b/work/lab10/rsp/rsp.c
/backup/qxiong1/linux/2019/10-27/git-repos/i220b/work/prj2-sol/big-bits.c
/backup/qxiong1/linux/2019/10-27/git-repos/i220b/work/prj2-sol/errors.c
/backup/qxiong1/linux/2019/10-27/git-repos/i220b/work/prj2-sol/hex-util.c
/backup/qxiong1/linux/2019/10-27/git-repos/i220b/work/prj2-sol/main.c
/backup/qxiong1/linux/2019/10-27/git-repos/i220b/work/prj2-sol/stack.c
/backup/qxiong1/linux/2019/10-27/Downloads/cstack.c
/backup/qxiong1/linux/2019/10-27/Past files/cstack.c
/backup/qxiong1/linux/2019/10-27/Past files/t1.c
/backup/qxiong1/linux/2019/10-27/Past files/v.c
/backup/qxiong1/linux/2019/10-27/Past files/x.c
/backup/qxiong1/linux/2019/10-29/Downloads/cstack.c
/backup/qxiong1/linux/2019/10-29/Past files/cstack.c
/backup/qxiong1/linux/2019/10-29/Past files/t1.c
/backup/qxiong1/linux/2019/10-29/Past files/v.c
/backup/qxiong1/linux/2019/10-29/Past files/x.c
/backup/qxiong1/linux/2019/10-29/git-repos/i220b.bak/submit/lab2/ex1/hello.c
/backup/qxiong1/linux/2019/10-29/git-repos/i220b.bak/submit/lab2/ex3/main.c
/backup/qxiong1/linux/2019/10-29/git-repos/i220b.bak/submit/lab2/ex3/quadr.c
/backup/qxiong1/linux/2019/10-29/git-repos/i220b.bak/submit/lab2/ex4/key-value.c
/backup/qxiong1/linux/2019/10-29/git-repos/i220b.bak/submit/lab2/ex4/main.c
/backup/qxiong1/linux/2019/10-29/git-repos/i220b.bak/submit/lab2/ex4/process-file.c
/backup/qxiong1/linux/2019/10-29/git-repos/i220b/submit/lab2/ex1/hello.c
/backup/qxiong1/linux/2019/10-29/git-repos/i220b/submit/lab2/ex3/main.c
/backup/qxiong1/linux/2019/10-29/git-repos/i220b/submit/lab2/ex3/quadr.c
/backup/qxiong1/linux/2019/10-29/git-repos/i220b/submit/lab2/ex4/key-value.c
/backup/qxiong1/linux/2019/10-29/git-repos/i220b/submit/lab2/ex4/main.c
/backup/qxiong1/linux/2019/10-29/git-repos/i220b/submit/lab2/ex4/process-file.c
/backup/qxiong1/linux/2019/10-29/git-repos/i220b/submit/lab3/files/ex1/hello.c
/backup/qxiong1/linux/2019/10-29/git-repos/i220b/submit/lab3/files/ex2/hello.c
/backup/qxiong1/linux/2019/10-29/git-repos/i220b/submit/lab4/ex1/uints.c
/backup/qxiong1/linux/2019/10-29/git-repos/i220b/submit/lab4/ex2/ints.c
/backup/qxiong1/linux/2019/10-29/git-repos/i220b/submit/lab4/ex3/identify.c
/backup/qxiong1/linux/2019/10-29/git-repos/i220b/submit/lab4/ex4/negeq.c
/backup/qxiong1/linux/2019/10-29/git-repos/i220b/submit/lab4/ex6/0.1.c
/backup/qxiong1/linux/2019/10-29/git-repos/i220b/submit/lab4/ex7/nan.c
/backup/qxiong1/linux/2019/10-29/git-repos/i220b/submit/lab4/ex8/ulp.c
/backup/qxiong1/linux/2019/10-29/git-repos/i220b/submit/lab4/ex9/loop.c
/backup/qxiong1/linux/2019/10-29/git-repos/i220b/submit/lab5/ex1/pointers.c
/backup/qxiong1/linux/2019/10-29/git-repos/i220b/submit/lab5/ex2/in-pointers.c
/backup/qxiong1/linux/2019/10-29/git-repos/i220b/submit/lab5/ex3/bad-types.c
/backup/qxiong1/linux/2019/10-29/git-repos/i220b/submit/lab5/ex4/cast-types.c
/backup/qxiong1/linux/2019/10-29/git-repos/i220b/submit/lab5/ex5/void-pointers.c
/backup/qxiong1/linux/2019/10-29/git-repos/i220b/submit/lab5/ex6/in-voids.c
/backup/qxiong1/linux/2019/10-29/git-repos/i220b/submit/lab6/brk/brk.c
/backup/qxiong1/linux/2019/10-29/git-repos/i220b/submit/lab6/bug-program/bug-program.c
/backup/qxiong1/linux/2019/10-29/git-repos/i220b/submit/lab6/process-memory/process-memory.c
/backup/qxiong1/linux/2019/10-29/git-repos/i220b/submit/lab7/libgeom/circ.c
/backup/qxiong1/linux/2019/10-29/git-repos/i220b/submit/lab7/libgeom/rect.c
/backup/qxiong1/linux/2019/10-29/git-repos/i220b/submit/lab7/libgeom/testgeom.c
/backup/qxiong1/linux/2019/10-29/git-repos/i220b/submit/lab7/libvec/addvec.c
/backup/qxiong1/linux/2019/10-29/git-repos/i220b/submit/lab7/libvec/multvec.c
/backup/qxiong1/linux/2019/10-29/git-repos/i220b/submit/lab7/libvec/testvec.c
/backup/qxiong1/linux/2019/10-29/git-repos/i220b/submit/lab7/log10/log10.c
/backup/qxiong1/linux/2019/10-29/git-repos/i220b/submit/lab7/multiple-defs/f.c
/backup/qxiong1/linux/2019/10-29/git-repos/i220b/submit/lab7/multiple-defs/main.c
/backup/qxiong1/linux/2019/10-29/git-repos/i220b/submit/lab7/multiple-symbols/def1.c
/backup/qxiong1/linux/2019/10-29/git-repos/i220b/submit/lab7/multiple-symbols/def2.c
/backup/qxiong1/linux/2019/10-29/git-repos/i220b/submit/lab7/multiple-symbols/main.c
/backup/qxiong1/linux/2019/10-29/git-repos/i220b/submit/lab7/static-dynamic/log10.c
/backup/qxiong1/linux/2019/10-29/git-repos/i220b/submit/lab8/hello.c
/backup/qxiong1/linux/2019/10-29/git-repos/i220b/submit/prj1-sol/bits-to-ints.c
/backup/qxiong1/linux/2019/10-29/git-repos/i220b/submit/prj1-sol/errors.c
/backup/qxiong1/linux/2019/10-29/git-repos/i220b/submit/prj1-sol/main.c
/backup/qxiong1/linux/2019/10-29/git-repos/i220b/work/bomb78/bomb.c
/backup/qxiong1/linux/2019/10-29/git-repos/i220b/work/lab10/cpuid1/main.c
/backup/qxiong1/linux/2019/10-29/git-repos/i220b/work/lab10/cpuid2/main.c
/backup/qxiong1/linux/2019/10-29/git-repos/i220b/work/lab10/parity/main.c
/backup/qxiong1/linux/2019/10-29/git-repos/i220b/work/lab10/rip/rip.c
/backup/qxiong1/linux/2019/10-29/git-repos/i220b/work/lab10/rotate/rotate.c
/backup/qxiong1/linux/2019/10-29/git-repos/i220b/work/lab10/rsp/rsp.c
/backup/qxiong1/linux/2019/10-29/git-repos/i220b/work/prj2-sol/big-bits.c
/backup/qxiong1/linux/2019/10-29/git-repos/i220b/work/prj2-sol/errors.c
/backup/qxiong1/linux/2019/10-29/git-repos/i220b/work/prj2-sol/hex-util.c
/backup/qxiong1/linux/2019/10-29/git-repos/i220b/work/prj2-sol/main.c
/backup/qxiong1/linux/2019/10-29/git-repos/i220b/work/prj2-sol/stack.c
/backup/qxiong1/linux/2019/10-29/git-repos/cs220/exercises/questions/src/x86/fns-asm.c
/backup/qxiong1/linux/2019/10-29/git-repos/cs220/labs/lab2/files/ex1/hello.c
/backup/qxiong1/linux/2019/10-29/git-repos/cs220/labs/lab2/files/ex3/main.c
/backup/qxiong1/linux/2019/10-29/git-repos/cs220/labs/lab2/files/ex3/quadr.c
/backup/qxiong1/linux/2019/10-29/git-repos/cs220/labs/lab2/files/ex4/key-value.c
/backup/qxiong1/linux/2019/10-29/git-repos/cs220/labs/lab2/files/ex4/main.c
/backup/qxiong1/linux/2019/10-29/git-repos/cs220/labs/lab2/files/ex4/process-file.c
/backup/qxiong1/linux/2019/10-29/git-repos/cs220/labs/lab3/files/ex1/hello.c
/backup/qxiong1/linux/2019/10-29/git-repos/cs220/labs/lab3/files/ex2/hello.c
/backup/qxiong1/linux/2019/10-29/git-repos/cs220/labs/lab5/files/ex2/in-pointers.c
/backup/qxiong1/linux/2019/10-29/git-repos/cs220/labs/lab5/files/ex3/bad-types.c
/backup/qxiong1/linux/2019/10-29/git-repos/cs220/labs/lab5/files/ex4/cast-types.c
/backup/qxiong1/linux/2019/10-29/git-repos/cs220/labs/lab5/files/ex5/void-pointers.c
/backup/qxiong1/linux/2019/10-29/git-repos/cs220/labs/lab5/files/ex6/in-voids.c
/backup/qxiong1/linux/2019/10-29/git-repos/cs220/labs/lab5/files/ex1/pointers.c
/backup/qxiong1/linux/2019/10-29/git-repos/cs220/labs/lab8/files/hello-multi.c
/backup/qxiong1/linux/2019/10-29/git-repos/cs220/labs/lab8/files/hello-one.c
/backup/qxiong1/linux/2019/10-29/git-repos/cs220/labs/lab9/files/hello.c
/backup/qxiong1/linux/2019/10-29/git-repos/cs220/labs/lab10/files/cpuid1/main.c
/backup/qxiong1/linux/2019/10-29/git-repos/cs220/labs/lab10/files/cpuid2/main.c
/backup/qxiong1/linux/2019/10-29/git-repos/cs220/labs/lab10/files/parity/main.c
/backup/qxiong1/linux/2019/10-29/git-repos/cs220/labs/lab10/files/rip/rip.c
/backup/qxiong1/linux/2019/10-29/git-repos/cs220/labs/lab10/files/rotate/rotate.c
/backup/qxiong1/linux/2019/10-29/git-repos/cs220/labs/lab10/files/rsp/rsp.c
/backup/qxiong1/linux/2019/10-29/git-repos/cs220/misc/bin-num/220a/main.c
/backup/qxiong1/linux/2019/10-29/git-repos/cs220/misc/bin-num/220a/bin-num.c
/backup/qxiong1/linux/2019/10-29/git-repos/cs220/misc/bin-num/220b/bin-num.c
/backup/qxiong1/linux/2019/10-29/git-repos/cs220/misc/bin-num/220b/main.c
/backup/qxiong1/linux/2019/10-29/git-repos/cs220/projects/prj1-sol/bits-to-ints.c
/backup/qxiong1/linux/2019/10-29/git-repos/cs220/projects/prj1-sol/errors.c
/backup/qxiong1/linux/2019/10-29/git-repos/cs220/projects/prj1-sol/main.c
/backup/qxiong1/linux/2019/10-29/git-repos/cs220/projects/prj1/prj1-sol/bits-to-ints.c
/backup/qxiong1/linux/2019/10-29/git-repos/cs220/projects/prj1/prj1-sol/main.c
/backup/qxiong1/linux/2019/10-29/git-repos/cs220/projects/prj1/prj1-sol/errors.c
/backup/qxiong1/linux/2019/10-29/git-repos/cs220/projects/prj2-sol/alt-big-bits.c
/backup/qxiong1/linux/2019/10-29/git-repos/cs220/projects/prj2-sol/big-bits.c
/backup/qxiong1/linux/2019/10-29/git-repos/cs220/projects/prj2-sol/errors.c
/backup/qxiong1/linux/2019/10-29/git-repos/cs220/projects/prj2-sol/hex-util.c
/backup/qxiong1/linux/2019/10-29/git-repos/cs220/projects/prj2-sol/main.c
/backup/qxiong1/linux/2019/10-29/git-repos/cs220/projects/prj2-sol/stack.c
/backup/qxiong1/linux/2019/10-29/git-repos/cs220/projects/prj2/prj2-sol/big-bits.c
/backup/qxiong1/linux/2019/10-29/git-repos/cs220/projects/prj2/prj2-sol/errors.c
/backup/qxiong1/linux/2019/10-29/git-repos/cs220/projects/prj2/prj2-sol/hex-util.c
/backup/qxiong1/linux/2019/10-29/git-repos/cs220/projects/prj2/prj2-sol/main.c
/backup/qxiong1/linux/2019/10-29/git-repos/cs220/projects/prj2/prj2-sol/stack.c
/backup/qxiong1/linux/2019/10-29/git-repos/cs220/slides/c-intro/code/integer-sizes.c
/backup/qxiong1/linux/2019/10-29/git-repos/cs220/slides/c-intro/code/kilo-powers.c
/backup/qxiong1/linux/2019/10-29/git-repos/cs220/slides/c-intro/code/ptr-sum.c
/backup/qxiong1/linux/2019/10-29/git-repos/cs220/slides/c-intro/code/robust-sum.c
/backup/qxiong1/linux/2019/10-29/git-repos/cs220/slides/c-intro/code/sum-args.c
/backup/qxiong1/linux/2019/10-29/git-repos/cs220/slides/c-intro/code/count-1s-1.c
/backup/qxiong1/linux/2019/10-29/git-repos/cs220/slides/c-intro/code/count-1s-2.c
/backup/qxiong1/linux/2019/10-29/git-repos/cs220/slides/c-intro/code/endian.c
/backup/qxiong1/linux/2019/10-29/git-repos/cs220/slides/c-intro/code/wc.c
/backup/qxiong1/linux/2019/10-29/git-repos/cs220/slides/c-intro/code/bases.c
/backup/qxiong1/linux/2019/10-29/git-repos/cs220/slides/c-intro/code/out-bits.c
/backup/qxiong1/linux/2019/10-29/git-repos/cs220/slides/c-intro/code/sum.c
/backup/qxiong1/linux/2019/10-29/git-repos/cs220/slides/intro/code/hello.c
/backup/qxiong1/linux/2019/10-29/git-repos/cs220/slides/x86/code/abs-diff.c
/backup/qxiong1/linux/2019/10-29/git-repos/cs220/slides/x86/code/acc-fact.c
/backup/qxiong1/linux/2019/10-29/git-repos/cs220/slides/x86/code/array-access.c
/backup/qxiong1/linux/2019/10-29/git-repos/cs220/slides/x86/code/cmp-sets.c
/backup/qxiong1/linux/2019/10-29/git-repos/cs220/slides/x86/code/fact-do-while.c
/backup/qxiong1/linux/2019/10-29/git-repos/cs220/slides/x86/code/fact-while.c
/backup/qxiong1/linux/2019/10-29/git-repos/cs220/slides/x86/code/indirect-goto.c
/backup/qxiong1/linux/2019/10-29/git-repos/cs220/slides/x86/code/move.c
/backup/qxiong1/linux/2019/10-29/git-repos/cs220/slides/x86/code/point3.c
/backup/qxiong1/linux/2019/10-29/git-repos/cs220/slides/x86/code/read-point.c
/backup/qxiong1/linux/2019/10-29/git-repos/cs220/slides/x86/code/rec-fact.c
/backup/qxiong1/linux/2019/10-29/git-repos/cs220/slides/x86/code/scale.c
/backup/qxiong1/linux/2019/10-29/git-repos/cs220/slides/x86/code/stack-frame.c
/backup/qxiong1/linux/2019/10-29/git-repos/cs220/slides/x86/code/structs.c
/backup/qxiong1/linux/2019/10-29/git-repos/cs220/slides/x86/code/sum-dist-origin-s.c
/backup/qxiong1/linux/2019/10-29/git-repos/cs220/slides/x86/code/sum-dist-origin.c
/backup/qxiong1/linux/2019/10-29/git-repos/cs220/slides/x86/code/sum.c
/backup/qxiong1/linux/2019/10-29/git-repos/cs220/slides/x86/code/switch.c
/backup/qxiong1/linux/2019/10-29/git-repos/cs220/slides/x86/code/vframe.c
/backup/qxiong1/linux/2019/10-29/git-repos/cs220/slides/x86/code/mstore/main.c
/backup/qxiong1/linux/2019/10-29/git-repos/cs220/slides/x86/code/mstore/mstore.c
/backup/qxiong1/linux/2019/10-29/git-repos/cs220/slides/x86/code/arith.c
/backup/qxiong1/linux/2019/10-29/git-repos/cs220/slides/x86/code/conditional-move.c
/backup/qxiong1/linux/2019/10-29/git-repos/cs220/slides/x86/code/div-mod.c
/backup/qxiong1/linux/2019/10-29/git-repos/cs220/slides/x86/code/dynamic-array.c
/backup/qxiong1/linux/2019/10-29/git-repos/cs220/slides/x86/code/find.c
/backup/qxiong1/linux/2019/10-29/git-repos/cs220/slides/adts/code/stack.c
/backup/qxiong1/linux/2019/10-30/git-repos/cs220/exercises/questions/src/x86/fns-asm.c
/backup/qxiong1/linux/2019/10-30/git-repos/cs220/labs/lab10/files/cpuid1/main.c
/backup/qxiong1/linux/2019/10-30/git-repos/cs220/labs/lab10/files/cpuid2/main.c
/backup/qxiong1/linux/2019/10-30/git-repos/cs220/labs/lab10/files/parity/main.c
/backup/qxiong1/linux/2019/10-30/git-repos/cs220/labs/lab10/files/rip/rip.c
/backup/qxiong1/linux/2019/10-30/git-repos/cs220/labs/lab10/files/rotate/rotate.c
/backup/qxiong1/linux/2019/10-30/git-repos/cs220/labs/lab10/files/rsp/rsp.c
/backup/qxiong1/linux/2019/10-30/git-repos/cs220/labs/lab2/files/ex1/hello.c
/backup/qxiong1/linux/2019/10-30/git-repos/cs220/labs/lab2/files/ex3/main.c
/backup/qxiong1/linux/2019/10-30/git-repos/cs220/labs/lab2/files/ex3/quadr.c
/backup/qxiong1/linux/2019/10-30/git-repos/cs220/labs/lab2/files/ex4/key-value.c
/backup/qxiong1/linux/2019/10-30/git-repos/cs220/labs/lab2/files/ex4/main.c
/backup/qxiong1/linux/2019/10-30/git-repos/cs220/labs/lab2/files/ex4/process-file.c
/backup/qxiong1/linux/2019/10-30/git-repos/cs220/labs/lab3/files/ex1/hello.c
/backup/qxiong1/linux/2019/10-30/git-repos/cs220/labs/lab3/files/ex2/hello.c
/backup/qxiong1/linux/2019/10-30/git-repos/cs220/labs/lab5/files/ex1/pointers.c
/backup/qxiong1/linux/2019/10-30/git-repos/cs220/labs/lab5/files/ex2/in-pointers.c
/backup/qxiong1/linux/2019/10-30/git-repos/cs220/labs/lab5/files/ex3/bad-types.c
/backup/qxiong1/linux/2019/10-30/git-repos/cs220/labs/lab5/files/ex4/cast-types.c
/backup/qxiong1/linux/2019/10-30/git-repos/cs220/labs/lab5/files/ex5/void-pointers.c
/backup/qxiong1/linux/2019/10-30/git-repos/cs220/labs/lab5/files/ex6/in-voids.c
/backup/qxiong1/linux/2019/10-30/git-repos/cs220/labs/lab8/files/hello-multi.c
/backup/qxiong1/linux/2019/10-30/git-repos/cs220/labs/lab8/files/hello-one.c
/backup/qxiong1/linux/2019/10-30/git-repos/cs220/labs/lab9/files/hello.c
/backup/qxiong1/linux/2019/10-30/git-repos/cs220/misc/bin-num/220a/main.c
/backup/qxiong1/linux/2019/10-30/git-repos/cs220/misc/bin-num/220a/bin-num.c
/backup/qxiong1/linux/2019/10-30/git-repos/cs220/misc/bin-num/220b/bin-num.c
/backup/qxiong1/linux/2019/10-30/git-repos/cs220/misc/bin-num/220b/main.c
/backup/qxiong1/linux/2019/10-30/git-repos/cs220/projects/prj1-sol/bits-to-ints.c
/backup/qxiong1/linux/2019/10-30/git-repos/cs220/projects/prj1-sol/errors.c
/backup/qxiong1/linux/2019/10-30/git-repos/cs220/projects/prj1-sol/main.c
/backup/qxiong1/linux/2019/10-30/git-repos/cs220/projects/prj1/prj1-sol/bits-to-ints.c
/backup/qxiong1/linux/2019/10-30/git-repos/cs220/projects/prj1/prj1-sol/main.c
/backup/qxiong1/linux/2019/10-30/git-repos/cs220/projects/prj1/prj1-sol/errors.c
/backup/qxiong1/linux/2019/10-30/git-repos/cs220/projects/prj2-sol/alt-big-bits.c
/backup/qxiong1/linux/2019/10-30/git-repos/cs220/projects/prj2-sol/big-bits.c
/backup/qxiong1/linux/2019/10-30/git-repos/cs220/projects/prj2-sol/errors.c
/backup/qxiong1/linux/2019/10-30/git-repos/cs220/projects/prj2-sol/hex-util.c
/backup/qxiong1/linux/2019/10-30/git-repos/cs220/projects/prj2-sol/main.c
/backup/qxiong1/linux/2019/10-30/git-repos/cs220/projects/prj2-sol/stack.c
/backup/qxiong1/linux/2019/10-30/git-repos/cs220/projects/prj2/prj2-sol/big-bits.c
/backup/qxiong1/linux/2019/10-30/git-repos/cs220/projects/prj2/prj2-sol/errors.c
/backup/qxiong1/linux/2019/10-30/git-repos/cs220/projects/prj2/prj2-sol/hex-util.c
/backup/qxiong1/linux/2019/10-30/git-repos/cs220/projects/prj2/prj2-sol/main.c
/backup/qxiong1/linux/2019/10-30/git-repos/cs220/projects/prj2/prj2-sol/stack.c
/backup/qxiong1/linux/2019/10-30/git-repos/cs220/slides/adts/code/stack.c
/backup/qxiong1/linux/2019/10-30/git-repos/cs220/slides/c-intro/code/integer-sizes.c
/backup/qxiong1/linux/2019/10-30/git-repos/cs220/slides/c-intro/code/kilo-powers.c
/backup/qxiong1/linux/2019/10-30/git-repos/cs220/slides/c-intro/code/ptr-sum.c
/backup/qxiong1/linux/2019/10-30/git-repos/cs220/slides/c-intro/code/robust-sum.c
/backup/qxiong1/linux/2019/10-30/git-repos/cs220/slides/c-intro/code/sum-args.c
/backup/qxiong1/linux/2019/10-30/git-repos/cs220/slides/c-intro/code/count-1s-1.c
/backup/qxiong1/linux/2019/10-30/git-repos/cs220/slides/c-intro/code/count-1s-2.c
/backup/qxiong1/linux/2019/10-30/git-repos/cs220/slides/c-intro/code/endian.c
/backup/qxiong1/linux/2019/10-30/git-repos/cs220/slides/c-intro/code/wc.c
/backup/qxiong1/linux/2019/10-30/git-repos/cs220/slides/c-intro/code/bases.c
/backup/qxiong1/linux/2019/10-30/git-repos/cs220/slides/c-intro/code/out-bits.c
/backup/qxiong1/linux/2019/10-30/git-repos/cs220/slides/c-intro/code/sum.c
/backup/qxiong1/linux/2019/10-30/git-repos/cs220/slides/intro/code/hello.c
/backup/qxiong1/linux/2019/10-30/git-repos/cs220/slides/x86/code/mstore/main.c
/backup/qxiong1/linux/2019/10-30/git-repos/cs220/slides/x86/code/mstore/mstore.c
/backup/qxiong1/linux/2019/10-30/git-repos/cs220/slides/x86/code/abs-diff.c
/backup/qxiong1/linux/2019/10-30/git-repos/cs220/slides/x86/code/acc-fact.c
/backup/qxiong1/linux/2019/10-30/git-repos/cs220/slides/x86/code/array-access.c
/backup/qxiong1/linux/2019/10-30/git-repos/cs220/slides/x86/code/cmp-sets.c
/backup/qxiong1/linux/2019/10-30/git-repos/cs220/slides/x86/code/fact-do-while.c
/backup/qxiong1/linux/2019/10-30/git-repos/cs220/slides/x86/code/fact-while.c
/backup/qxiong1/linux/2019/10-30/git-repos/cs220/slides/x86/code/indirect-goto.c
/backup/qxiong1/linux/2019/10-30/git-repos/cs220/slides/x86/code/move.c
/backup/qxiong1/linux/2019/10-30/git-repos/cs220/slides/x86/code/point3.c
/backup/qxiong1/linux/2019/10-30/git-repos/cs220/slides/x86/code/read-point.c
/backup/qxiong1/linux/2019/10-30/git-repos/cs220/slides/x86/code/rec-fact.c
/backup/qxiong1/linux/2019/10-30/git-repos/cs220/slides/x86/code/scale.c
/backup/qxiong1/linux/2019/10-30/git-repos/cs220/slides/x86/code/stack-frame.c
/backup/qxiong1/linux/2019/10-30/git-repos/cs220/slides/x86/code/structs.c
/backup/qxiong1/linux/2019/10-30/git-repos/cs220/slides/x86/code/sum-dist-origin-s.c
/backup/qxiong1/linux/2019/10-30/git-repos/cs220/slides/x86/code/sum-dist-origin.c
/backup/qxiong1/linux/2019/10-30/git-repos/cs220/slides/x86/code/sum.c
/backup/qxiong1/linux/2019/10-30/git-repos/cs220/slides/x86/code/switch.c
/backup/qxiong1/linux/2019/10-30/git-repos/cs220/slides/x86/code/vframe.c
/backup/qxiong1/linux/2019/10-30/git-repos/cs220/slides/x86/code/arith.c
/backup/qxiong1/linux/2019/10-30/git-repos/cs220/slides/x86/code/conditional-move.c
/backup/qxiong1/linux/2019/10-30/git-repos/cs220/slides/x86/code/div-mod.c
/backup/qxiong1/linux/2019/10-30/git-repos/cs220/slides/x86/code/dynamic-array.c
/backup/qxiong1/linux/2019/10-30/git-repos/cs220/slides/x86/code/find.c
/backup/qxiong1/linux/2019/10-30/git-repos/i220b.bak/submit/lab2/ex1/hello.c
/backup/qxiong1/linux/2019/10-30/git-repos/i220b.bak/submit/lab2/ex3/main.c
/backup/qxiong1/linux/2019/10-30/git-repos/i220b.bak/submit/lab2/ex3/quadr.c
/backup/qxiong1/linux/2019/10-30/git-repos/i220b.bak/submit/lab2/ex4/key-value.c
/backup/qxiong1/linux/2019/10-30/git-repos/i220b.bak/submit/lab2/ex4/main.c
/backup/qxiong1/linux/2019/10-30/git-repos/i220b.bak/submit/lab2/ex4/process-file.c
/backup/qxiong1/linux/2019/10-30/git-repos/i220b/submit/lab4/ex1/uints.c
/backup/qxiong1/linux/2019/10-30/git-repos/i220b/submit/lab4/ex2/ints.c
/backup/qxiong1/linux/2019/10-30/git-repos/i220b/submit/lab4/ex3/identify.c
/backup/qxiong1/linux/2019/10-30/git-repos/i220b/submit/lab4/ex4/negeq.c
/backup/qxiong1/linux/2019/10-30/git-repos/i220b/submit/lab4/ex6/0.1.c
/backup/qxiong1/linux/2019/10-30/git-repos/i220b/submit/lab4/ex7/nan.c
/backup/qxiong1/linux/2019/10-30/git-repos/i220b/submit/lab4/ex8/ulp.c
/backup/qxiong1/linux/2019/10-30/git-repos/i220b/submit/lab4/ex9/loop.c
/backup/qxiong1/linux/2019/10-30/git-repos/i220b/submit/lab5/ex6/in-voids.c
/backup/qxiong1/linux/2019/10-30/git-repos/i220b/submit/lab5/ex1/pointers.c
/backup/qxiong1/linux/2019/10-30/git-repos/i220b/submit/lab5/ex2/in-pointers.c
/backup/qxiong1/linux/2019/10-30/git-repos/i220b/submit/lab5/ex3/bad-types.c
/backup/qxiong1/linux/2019/10-30/git-repos/i220b/submit/lab5/ex4/cast-types.c
/backup/qxiong1/linux/2019/10-30/git-repos/i220b/submit/lab5/ex5/void-pointers.c
/backup/qxiong1/linux/2019/10-30/git-repos/i220b/submit/lab6/brk/brk.c
/backup/qxiong1/linux/2019/10-30/git-repos/i220b/submit/lab6/bug-program/bug-program.c
/backup/qxiong1/linux/2019/10-30/git-repos/i220b/submit/lab6/process-memory/process-memory.c
/backup/qxiong1/linux/2019/10-30/git-repos/i220b/submit/lab7/libgeom/circ.c
/backup/qxiong1/linux/2019/10-30/git-repos/i220b/submit/lab7/libgeom/rect.c
/backup/qxiong1/linux/2019/10-30/git-repos/i220b/submit/lab7/libgeom/testgeom.c
/backup/qxiong1/linux/2019/10-30/git-repos/i220b/submit/lab7/libvec/addvec.c
/backup/qxiong1/linux/2019/10-30/git-repos/i220b/submit/lab7/libvec/multvec.c
/backup/qxiong1/linux/2019/10-30/git-repos/i220b/submit/lab7/libvec/testvec.c
/backup/qxiong1/linux/2019/10-30/git-repos/i220b/submit/lab7/log10/log10.c
/backup/qxiong1/linux/2019/10-30/git-repos/i220b/submit/lab7/multiple-defs/f.c
/backup/qxiong1/linux/2019/10-30/git-repos/i220b/submit/lab7/multiple-defs/main.c
/backup/qxiong1/linux/2019/10-30/git-repos/i220b/submit/lab7/multiple-symbols/def1.c
/backup/qxiong1/linux/2019/10-30/git-repos/i220b/submit/lab7/multiple-symbols/def2.c
/backup/qxiong1/linux/2019/10-30/git-repos/i220b/submit/lab7/multiple-symbols/main.c
/backup/qxiong1/linux/2019/10-30/git-repos/i220b/submit/lab7/static-dynamic/log10.c
/backup/qxiong1/linux/2019/10-30/git-repos/i220b/submit/lab8/hello.c
/backup/qxiong1/linux/2019/10-30/git-repos/i220b/submit/prj1-sol/bits-to-ints.c
/backup/qxiong1/linux/2019/10-30/git-repos/i220b/submit/prj1-sol/errors.c
/backup/qxiong1/linux/2019/10-30/git-repos/i220b/submit/prj1-sol/main.c
/backup/qxiong1/linux/2019/10-30/git-repos/i220b/submit/lab2/ex1/hello.c
/backup/qxiong1/linux/2019/10-30/git-repos/i220b/submit/lab2/ex3/main.c
/backup/qxiong1/linux/2019/10-30/git-repos/i220b/submit/lab2/ex3/quadr.c
/backup/qxiong1/linux/2019/10-30/git-repos/i220b/submit/lab2/ex4/key-value.c
/backup/qxiong1/linux/2019/10-30/git-repos/i220b/submit/lab2/ex4/main.c
/backup/qxiong1/linux/2019/10-30/git-repos/i220b/submit/lab2/ex4/process-file.c
/backup/qxiong1/linux/2019/10-30/git-repos/i220b/submit/lab3/files/ex1/hello.c
/backup/qxiong1/linux/2019/10-30/git-repos/i220b/submit/lab3/files/ex2/hello.c
/backup/qxiong1/linux/2019/10-30/git-repos/i220b/work/bomb78/bomb.c
/backup/qxiong1/linux/2019/10-30/git-repos/i220b/work/lab10/cpuid1/main.c
/backup/qxiong1/linux/2019/10-30/git-repos/i220b/work/lab10/cpuid2/main.c
/backup/qxiong1/linux/2019/10-30/git-repos/i220b/work/lab10/parity/main.c
/backup/qxiong1/linux/2019/10-30/git-repos/i220b/work/lab10/rip/rip.c
/backup/qxiong1/linux/2019/10-30/git-repos/i220b/work/lab10/rotate/rotate.c
/backup/qxiong1/linux/2019/10-30/git-repos/i220b/work/lab10/rsp/rsp.c
/backup/qxiong1/linux/2019/10-30/git-repos/i220b/work/prj2-sol/big-bits.c
/backup/qxiong1/linux/2019/10-30/git-repos/i220b/work/prj2-sol/errors.c
/backup/qxiong1/linux/2019/10-30/git-repos/i220b/work/prj2-sol/hex-util.c
/backup/qxiong1/linux/2019/10-30/git-repos/i220b/work/prj2-sol/main.c
/backup/qxiong1/linux/2019/10-30/git-repos/i220b/work/prj2-sol/stack.c
/backup/qxiong1/linux/2019/10-30/Downloads/cstack.c
/backup/qxiong1/linux/2019/10-30/Past files/cstack.c
/backup/qxiong1/linux/2019/10-30/Past files/t1.c
/backup/qxiong1/linux/2019/10-30/Past files/v.c
/backup/qxiong1/linux/2019/10-30/Past files/x.c
/backup/qxiong1/linux/2019/10-31/Downloads/cstack.c
/backup/qxiong1/linux/2019/10-31/Past files/cstack.c
/backup/qxiong1/linux/2019/10-31/Past files/t1.c
/backup/qxiong1/linux/2019/10-31/Past files/v.c
/backup/qxiong1/linux/2019/10-31/Past files/x.c
/backup/qxiong1/linux/2019/10-31/git-repos/i220b.bak/submit/lab2/ex1/hello.c
/backup/qxiong1/linux/2019/10-31/git-repos/i220b.bak/submit/lab2/ex3/main.c
/backup/qxiong1/linux/2019/10-31/git-repos/i220b.bak/submit/lab2/ex3/quadr.c
/backup/qxiong1/linux/2019/10-31/git-repos/i220b.bak/submit/lab2/ex4/key-value.c
/backup/qxiong1/linux/2019/10-31/git-repos/i220b.bak/submit/lab2/ex4/main.c
/backup/qxiong1/linux/2019/10-31/git-repos/i220b.bak/submit/lab2/ex4/process-file.c
/backup/qxiong1/linux/2019/10-31/git-repos/i220b/submit/lab2/ex1/hello.c
/backup/qxiong1/linux/2019/10-31/git-repos/i220b/submit/lab2/ex3/main.c
/backup/qxiong1/linux/2019/10-31/git-repos/i220b/submit/lab2/ex3/quadr.c
/backup/qxiong1/linux/2019/10-31/git-repos/i220b/submit/lab2/ex4/key-value.c
/backup/qxiong1/linux/2019/10-31/git-repos/i220b/submit/lab2/ex4/main.c
/backup/qxiong1/linux/2019/10-31/git-repos/i220b/submit/lab2/ex4/process-file.c
/backup/qxiong1/linux/2019/10-31/git-repos/i220b/submit/lab3/files/ex1/hello.c
/backup/qxiong1/linux/2019/10-31/git-repos/i220b/submit/lab3/files/ex2/hello.c
/backup/qxiong1/linux/2019/10-31/git-repos/i220b/submit/lab4/ex1/uints.c
/backup/qxiong1/linux/2019/10-31/git-repos/i220b/submit/lab4/ex2/ints.c
/backup/qxiong1/linux/2019/10-31/git-repos/i220b/submit/lab4/ex3/identify.c
/backup/qxiong1/linux/2019/10-31/git-repos/i220b/submit/lab4/ex4/negeq.c
/backup/qxiong1/linux/2019/10-31/git-repos/i220b/submit/lab4/ex6/0.1.c
/backup/qxiong1/linux/2019/10-31/git-repos/i220b/submit/lab4/ex7/nan.c
/backup/qxiong1/linux/2019/10-31/git-repos/i220b/submit/lab4/ex8/ulp.c
/backup/qxiong1/linux/2019/10-31/git-repos/i220b/submit/lab4/ex9/loop.c
/backup/qxiong1/linux/2019/10-31/git-repos/i220b/submit/lab5/ex1/pointers.c
/backup/qxiong1/linux/2019/10-31/git-repos/i220b/submit/lab5/ex2/in-pointers.c
/backup/qxiong1/linux/2019/10-31/git-repos/i220b/submit/lab5/ex3/bad-types.c
/backup/qxiong1/linux/2019/10-31/git-repos/i220b/submit/lab5/ex4/cast-types.c
/backup/qxiong1/linux/2019/10-31/git-repos/i220b/submit/lab5/ex5/void-pointers.c
/backup/qxiong1/linux/2019/10-31/git-repos/i220b/submit/lab5/ex6/in-voids.c
/backup/qxiong1/linux/2019/10-31/git-repos/i220b/submit/lab6/brk/brk.c
/backup/qxiong1/linux/2019/10-31/git-repos/i220b/submit/lab6/bug-program/bug-program.c
/backup/qxiong1/linux/2019/10-31/git-repos/i220b/submit/lab6/process-memory/process-memory.c
/backup/qxiong1/linux/2019/10-31/git-repos/i220b/submit/lab7/libgeom/circ.c
/backup/qxiong1/linux/2019/10-31/git-repos/i220b/submit/lab7/libgeom/rect.c
/backup/qxiong1/linux/2019/10-31/git-repos/i220b/submit/lab7/libgeom/testgeom.c
/backup/qxiong1/linux/2019/10-31/git-repos/i220b/submit/lab7/libvec/addvec.c
/backup/qxiong1/linux/2019/10-31/git-repos/i220b/submit/lab7/libvec/multvec.c
/backup/qxiong1/linux/2019/10-31/git-repos/i220b/submit/lab7/libvec/testvec.c
/backup/qxiong1/linux/2019/10-31/git-repos/i220b/submit/lab7/log10/log10.c
/backup/qxiong1/linux/2019/10-31/git-repos/i220b/submit/lab7/multiple-defs/f.c
/backup/qxiong1/linux/2019/10-31/git-repos/i220b/submit/lab7/multiple-defs/main.c
/backup/qxiong1/linux/2019/10-31/git-repos/i220b/submit/lab7/multiple-symbols/def1.c
/backup/qxiong1/linux/2019/10-31/git-repos/i220b/submit/lab7/multiple-symbols/def2.c
/backup/qxiong1/linux/2019/10-31/git-repos/i220b/submit/lab7/multiple-symbols/main.c
/backup/qxiong1/linux/2019/10-31/git-repos/i220b/submit/lab7/static-dynamic/log10.c
/backup/qxiong1/linux/2019/10-31/git-repos/i220b/submit/lab8/hello.c
/backup/qxiong1/linux/2019/10-31/git-repos/i220b/submit/prj1-sol/bits-to-ints.c
/backup/qxiong1/linux/2019/10-31/git-repos/i220b/submit/prj1-sol/errors.c
/backup/qxiong1/linux/2019/10-31/git-repos/i220b/submit/prj1-sol/main.c
/backup/qxiong1/linux/2019/10-31/git-repos/i220b/work/bomb78/bomb.c
/backup/qxiong1/linux/2019/10-31/git-repos/i220b/work/lab10/cpuid1/main.c
/backup/qxiong1/linux/2019/10-31/git-repos/i220b/work/lab10/cpuid2/main.c
/backup/qxiong1/linux/2019/10-31/git-repos/i220b/work/lab10/parity/main.c
/backup/qxiong1/linux/2019/10-31/git-repos/i220b/work/lab10/rip/rip.c
/backup/qxiong1/linux/2019/10-31/git-repos/i220b/work/lab10/rotate/rotate.c
/backup/qxiong1/linux/2019/10-31/git-repos/i220b/work/lab10/rsp/rsp.c
/backup/qxiong1/linux/2019/10-31/git-repos/i220b/work/prj2-sol/big-bits.c
/backup/qxiong1/linux/2019/10-31/git-repos/i220b/work/prj2-sol/errors.c
/backup/qxiong1/linux/2019/10-31/git-repos/i220b/work/prj2-sol/hex-util.c
/backup/qxiong1/linux/2019/10-31/git-repos/i220b/work/prj2-sol/main.c
/backup/qxiong1/linux/2019/10-31/git-repos/i220b/work/prj2-sol/stack.c
/backup/qxiong1/linux/2019/10-31/git-repos/cs220/exercises/questions/src/x86/fns-asm.c
/backup/qxiong1/linux/2019/10-31/git-repos/cs220/labs/lab2/files/ex1/hello.c
/backup/qxiong1/linux/2019/10-31/git-repos/cs220/labs/lab2/files/ex3/main.c
/backup/qxiong1/linux/2019/10-31/git-repos/cs220/labs/lab2/files/ex3/quadr.c
/backup/qxiong1/linux/2019/10-31/git-repos/cs220/labs/lab2/files/ex4/key-value.c
/backup/qxiong1/linux/2019/10-31/git-repos/cs220/labs/lab2/files/ex4/main.c
/backup/qxiong1/linux/2019/10-31/git-repos/cs220/labs/lab2/files/ex4/process-file.c
/backup/qxiong1/linux/2019/10-31/git-repos/cs220/labs/lab3/files/ex1/hello.c
/backup/qxiong1/linux/2019/10-31/git-repos/cs220/labs/lab3/files/ex2/hello.c
/backup/qxiong1/linux/2019/10-31/git-repos/cs220/labs/lab5/files/ex2/in-pointers.c
/backup/qxiong1/linux/2019/10-31/git-repos/cs220/labs/lab5/files/ex3/bad-types.c
/backup/qxiong1/linux/2019/10-31/git-repos/cs220/labs/lab5/files/ex4/cast-types.c
/backup/qxiong1/linux/2019/10-31/git-repos/cs220/labs/lab5/files/ex5/void-pointers.c
/backup/qxiong1/linux/2019/10-31/git-repos/cs220/labs/lab5/files/ex6/in-voids.c
/backup/qxiong1/linux/2019/10-31/git-repos/cs220/labs/lab5/files/ex1/pointers.c
/backup/qxiong1/linux/2019/10-31/git-repos/cs220/labs/lab8/files/hello-multi.c
/backup/qxiong1/linux/2019/10-31/git-repos/cs220/labs/lab8/files/hello-one.c
/backup/qxiong1/linux/2019/10-31/git-repos/cs220/labs/lab9/files/hello.c
/backup/qxiong1/linux/2019/10-31/git-repos/cs220/labs/lab10/files/cpuid1/main.c
/backup/qxiong1/linux/2019/10-31/git-repos/cs220/labs/lab10/files/cpuid2/main.c
/backup/qxiong1/linux/2019/10-31/git-repos/cs220/labs/lab10/files/parity/main.c
/backup/qxiong1/linux/2019/10-31/git-repos/cs220/labs/lab10/files/rip/rip.c
/backup/qxiong1/linux/2019/10-31/git-repos/cs220/labs/lab10/files/rotate/rotate.c
/backup/qxiong1/linux/2019/10-31/git-repos/cs220/labs/lab10/files/rsp/rsp.c
/backup/qxiong1/linux/2019/10-31/git-repos/cs220/misc/bin-num/220a/main.c
/backup/qxiong1/linux/2019/10-31/git-repos/cs220/misc/bin-num/220a/bin-num.c
/backup/qxiong1/linux/2019/10-31/git-repos/cs220/misc/bin-num/220b/bin-num.c
/backup/qxiong1/linux/2019/10-31/git-repos/cs220/misc/bin-num/220b/main.c
/backup/qxiong1/linux/2019/10-31/git-repos/cs220/projects/prj1-sol/bits-to-ints.c
/backup/qxiong1/linux/2019/10-31/git-repos/cs220/projects/prj1-sol/errors.c
/backup/qxiong1/linux/2019/10-31/git-repos/cs220/projects/prj1-sol/main.c
/backup/qxiong1/linux/2019/10-31/git-repos/cs220/projects/prj1/prj1-sol/bits-to-ints.c
/backup/qxiong1/linux/2019/10-31/git-repos/cs220/projects/prj1/prj1-sol/main.c
/backup/qxiong1/linux/2019/10-31/git-repos/cs220/projects/prj1/prj1-sol/errors.c
/backup/qxiong1/linux/2019/10-31/git-repos/cs220/projects/prj2-sol/alt-big-bits.c
/backup/qxiong1/linux/2019/10-31/git-repos/cs220/projects/prj2-sol/big-bits.c
/backup/qxiong1/linux/2019/10-31/git-repos/cs220/projects/prj2-sol/errors.c
/backup/qxiong1/linux/2019/10-31/git-repos/cs220/projects/prj2-sol/hex-util.c
/backup/qxiong1/linux/2019/10-31/git-repos/cs220/projects/prj2-sol/main.c
/backup/qxiong1/linux/2019/10-31/git-repos/cs220/projects/prj2-sol/stack.c
/backup/qxiong1/linux/2019/10-31/git-repos/cs220/projects/prj2/prj2-sol/big-bits.c
/backup/qxiong1/linux/2019/10-31/git-repos/cs220/projects/prj2/prj2-sol/errors.c
/backup/qxiong1/linux/2019/10-31/git-repos/cs220/projects/prj2/prj2-sol/hex-util.c
/backup/qxiong1/linux/2019/10-31/git-repos/cs220/projects/prj2/prj2-sol/main.c
/backup/qxiong1/linux/2019/10-31/git-repos/cs220/projects/prj2/prj2-sol/stack.c
/backup/qxiong1/linux/2019/10-31/git-repos/cs220/slides/c-intro/code/integer-sizes.c
/backup/qxiong1/linux/2019/10-31/git-repos/cs220/slides/c-intro/code/kilo-powers.c
/backup/qxiong1/linux/2019/10-31/git-repos/cs220/slides/c-intro/code/ptr-sum.c
/backup/qxiong1/linux/2019/10-31/git-repos/cs220/slides/c-intro/code/robust-sum.c
/backup/qxiong1/linux/2019/10-31/git-repos/cs220/slides/c-intro/code/sum-args.c
/backup/qxiong1/linux/2019/10-31/git-repos/cs220/slides/c-intro/code/count-1s-1.c
/backup/qxiong1/linux/2019/10-31/git-repos/cs220/slides/c-intro/code/count-1s-2.c
/backup/qxiong1/linux/2019/10-31/git-repos/cs220/slides/c-intro/code/endian.c
/backup/qxiong1/linux/2019/10-31/git-repos/cs220/slides/c-intro/code/wc.c
/backup/qxiong1/linux/2019/10-31/git-repos/cs220/slides/c-intro/code/bases.c
/backup/qxiong1/linux/2019/10-31/git-repos/cs220/slides/c-intro/code/out-bits.c
/backup/qxiong1/linux/2019/10-31/git-repos/cs220/slides/c-intro/code/sum.c
/backup/qxiong1/linux/2019/10-31/git-repos/cs220/slides/intro/code/hello.c
/backup/qxiong1/linux/2019/10-31/git-repos/cs220/slides/x86/code/abs-diff.c
/backup/qxiong1/linux/2019/10-31/git-repos/cs220/slides/x86/code/acc-fact.c
/backup/qxiong1/linux/2019/10-31/git-repos/cs220/slides/x86/code/array-access.c
/backup/qxiong1/linux/2019/10-31/git-repos/cs220/slides/x86/code/cmp-sets.c
/backup/qxiong1/linux/2019/10-31/git-repos/cs220/slides/x86/code/fact-do-while.c
/backup/qxiong1/linux/2019/10-31/git-repos/cs220/slides/x86/code/fact-while.c
/backup/qxiong1/linux/2019/10-31/git-repos/cs220/slides/x86/code/indirect-goto.c
/backup/qxiong1/linux/2019/10-31/git-repos/cs220/slides/x86/code/move.c
/backup/qxiong1/linux/2019/10-31/git-repos/cs220/slides/x86/code/point3.c
/backup/qxiong1/linux/2019/10-31/git-repos/cs220/slides/x86/code/read-point.c
/backup/qxiong1/linux/2019/10-31/git-repos/cs220/slides/x86/code/rec-fact.c
/backup/qxiong1/linux/2019/10-31/git-repos/cs220/slides/x86/code/scale.c
/backup/qxiong1/linux/2019/10-31/git-repos/cs220/slides/x86/code/stack-frame.c
/backup/qxiong1/linux/2019/10-31/git-repos/cs220/slides/x86/code/structs.c
/backup/qxiong1/linux/2019/10-31/git-repos/cs220/slides/x86/code/sum-dist-origin-s.c
/backup/qxiong1/linux/2019/10-31/git-repos/cs220/slides/x86/code/sum-dist-origin.c
/backup/qxiong1/linux/2019/10-31/git-repos/cs220/slides/x86/code/sum.c
/backup/qxiong1/linux/2019/10-31/git-repos/cs220/slides/x86/code/switch.c
/backup/qxiong1/linux/2019/10-31/git-repos/cs220/slides/x86/code/vframe.c
/backup/qxiong1/linux/2019/10-31/git-repos/cs220/slides/x86/code/mstore/main.c
/backup/qxiong1/linux/2019/10-31/git-repos/cs220/slides/x86/code/mstore/mstore.c
/backup/qxiong1/linux/2019/10-31/git-repos/cs220/slides/x86/code/arith.c
/backup/qxiong1/linux/2019/10-31/git-repos/cs220/slides/x86/code/conditional-move.c
/backup/qxiong1/linux/2019/10-31/git-repos/cs220/slides/x86/code/div-mod.c
/backup/qxiong1/linux/2019/10-31/git-repos/cs220/slides/x86/code/dynamic-array.c
/backup/qxiong1/linux/2019/10-31/git-repos/cs220/slides/x86/code/find.c
/backup/qxiong1/linux/2019/10-31/git-repos/cs220/slides/adts/code/stack.c
/backup/qxiong1/linux/2019/11-01/Downloads/cstack.c
/backup/qxiong1/linux/2019/11-01/Past files/cstack.c
/backup/qxiong1/linux/2019/11-01/Past files/t1.c
/backup/qxiong1/linux/2019/11-01/Past files/v.c
/backup/qxiong1/linux/2019/11-01/Past files/x.c
/backup/qxiong1/linux/2019/11-01/git-repos/cs220/exercises/questions/src/x86/fns-asm.c
/backup/qxiong1/linux/2019/11-01/git-repos/cs220/labs/lab2/files/ex1/hello.c
/backup/qxiong1/linux/2019/11-01/git-repos/cs220/labs/lab2/files/ex3/main.c
/backup/qxiong1/linux/2019/11-01/git-repos/cs220/labs/lab2/files/ex3/quadr.c
/backup/qxiong1/linux/2019/11-01/git-repos/cs220/labs/lab2/files/ex4/key-value.c
/backup/qxiong1/linux/2019/11-01/git-repos/cs220/labs/lab2/files/ex4/main.c
/backup/qxiong1/linux/2019/11-01/git-repos/cs220/labs/lab2/files/ex4/process-file.c
/backup/qxiong1/linux/2019/11-01/git-repos/cs220/labs/lab3/files/ex2/hello.c
/backup/qxiong1/linux/2019/11-01/git-repos/cs220/labs/lab3/files/ex1/hello.c
/backup/qxiong1/linux/2019/11-01/git-repos/cs220/labs/lab5/files/ex1/pointers.c
/backup/qxiong1/linux/2019/11-01/git-repos/cs220/labs/lab5/files/ex2/in-pointers.c
/backup/qxiong1/linux/2019/11-01/git-repos/cs220/labs/lab5/files/ex3/bad-types.c
/backup/qxiong1/linux/2019/11-01/git-repos/cs220/labs/lab5/files/ex4/cast-types.c
/backup/qxiong1/linux/2019/11-01/git-repos/cs220/labs/lab5/files/ex5/void-pointers.c
/backup/qxiong1/linux/2019/11-01/git-repos/cs220/labs/lab5/files/ex6/in-voids.c
/backup/qxiong1/linux/2019/11-01/git-repos/cs220/labs/lab8/files/hello-multi.c
/backup/qxiong1/linux/2019/11-01/git-repos/cs220/labs/lab8/files/hello-one.c
/backup/qxiong1/linux/2019/11-01/git-repos/cs220/labs/lab9/files/hello.c
/backup/qxiong1/linux/2019/11-01/git-repos/cs220/labs/lab10/files/cpuid1/main.c
/backup/qxiong1/linux/2019/11-01/git-repos/cs220/labs/lab10/files/cpuid2/main.c
/backup/qxiong1/linux/2019/11-01/git-repos/cs220/labs/lab10/files/parity/main.c
/backup/qxiong1/linux/2019/11-01/git-repos/cs220/labs/lab10/files/rip/rip.c
/backup/qxiong1/linux/2019/11-01/git-repos/cs220/labs/lab10/files/rotate/rotate.c
/backup/qxiong1/linux/2019/11-01/git-repos/cs220/labs/lab10/files/rsp/rsp.c
/backup/qxiong1/linux/2019/11-01/git-repos/cs220/labs/lab11/files/coverage/coverage.c
/backup/qxiong1/linux/2019/11-01/git-repos/cs220/labs/lab11/files/int-search/binary-search.c
/backup/qxiong1/linux/2019/11-01/git-repos/cs220/labs/lab11/files/int-search/int_compare.c
/backup/qxiong1/linux/2019/11-01/git-repos/cs220/labs/lab11/files/int-search/linear-search.c
/backup/qxiong1/linux/2019/11-01/git-repos/cs220/labs/lab11/files/int-search/main.c
/backup/qxiong1/linux/2019/11-01/git-repos/cs220/labs/lab11/files/parity/main.c
/backup/qxiong1/linux/2019/11-01/git-repos/cs220/labs/lab11/files/parity/parity-c.c
/backup/qxiong1/linux/2019/11-01/git-repos/cs220/labs/lab11/files/parity/parity-s.c
/backup/qxiong1/linux/2019/11-01/git-repos/cs220/misc/bin-num/220a/main.c
/backup/qxiong1/linux/2019/11-01/git-repos/cs220/misc/bin-num/220a/bin-num.c
/backup/qxiong1/linux/2019/11-01/git-repos/cs220/misc/bin-num/220b/bin-num.c
/backup/qxiong1/linux/2019/11-01/git-repos/cs220/misc/bin-num/220b/main.c
/backup/qxiong1/linux/2019/11-01/git-repos/cs220/misc/shapes/cs220a/shapes.c
/backup/qxiong1/linux/2019/11-01/git-repos/cs220/misc/shapes/cs220b/shapes.c
/backup/qxiong1/linux/2019/11-01/git-repos/cs220/projects/prj2/prj2-sol/big-bits.c
/backup/qxiong1/linux/2019/11-01/git-repos/cs220/projects/prj2/prj2-sol/errors.c
/backup/qxiong1/linux/2019/11-01/git-repos/cs220/projects/prj2/prj2-sol/hex-util.c
/backup/qxiong1/linux/2019/11-01/git-repos/cs220/projects/prj2/prj2-sol/main.c
/backup/qxiong1/linux/2019/11-01/git-repos/cs220/projects/prj2/prj2-sol/stack.c
/backup/qxiong1/linux/2019/11-01/git-repos/cs220/projects/prj1-sol/bits-to-ints.c
/backup/qxiong1/linux/2019/11-01/git-repos/cs220/projects/prj1-sol/errors.c
/backup/qxiong1/linux/2019/11-01/git-repos/cs220/projects/prj1-sol/main.c
/backup/qxiong1/linux/2019/11-01/git-repos/cs220/projects/prj1/prj1-sol/bits-to-ints.c
/backup/qxiong1/linux/2019/11-01/git-repos/cs220/projects/prj1/prj1-sol/main.c
/backup/qxiong1/linux/2019/11-01/git-repos/cs220/projects/prj1/prj1-sol/errors.c
/backup/qxiong1/linux/2019/11-01/git-repos/cs220/projects/prj2-sol/alt-big-bits.c
/backup/qxiong1/linux/2019/11-01/git-repos/cs220/projects/prj2-sol/big-bits.c
/backup/qxiong1/linux/2019/11-01/git-repos/cs220/projects/prj2-sol/errors.c
/backup/qxiong1/linux/2019/11-01/git-repos/cs220/projects/prj2-sol/hex-util.c
/backup/qxiong1/linux/2019/11-01/git-repos/cs220/projects/prj2-sol/main.c
/backup/qxiong1/linux/2019/11-01/git-repos/cs220/projects/prj2-sol/stack.c
/backup/qxiong1/linux/2019/11-01/git-repos/cs220/slides/adts/code/stack.c
/backup/qxiong1/linux/2019/11-01/git-repos/cs220/slides/advanced-c/code/double-decode.c
/backup/qxiong1/linux/2019/11-01/git-repos/cs220/slides/advanced-c/code/enum-strings.c
/backup/qxiong1/linux/2019/11-01/git-repos/cs220/slides/advanced-c/code/oo-shapes/circle.c
/backup/qxiong1/linux/2019/11-01/git-repos/cs220/slides/advanced-c/code/oo-shapes/main.c
/backup/qxiong1/linux/2019/11-01/git-repos/cs220/slides/advanced-c/code/oo-shapes/rect.c
/backup/qxiong1/linux/2019/11-01/git-repos/cs220/slides/advanced-c/code/oo-shapes/shape.c
/backup/qxiong1/linux/2019/11-01/git-repos/cs220/slides/advanced-c/code/stack/main.c
/backup/qxiong1/linux/2019/11-01/git-repos/cs220/slides/advanced-c/code/stack/stack.c
/backup/qxiong1/linux/2019/11-01/git-repos/cs220/slides/c-intro/code/integer-sizes.c
/backup/qxiong1/linux/2019/11-01/git-repos/cs220/slides/c-intro/code/kilo-powers.c
/backup/qxiong1/linux/2019/11-01/git-repos/cs220/slides/c-intro/code/ptr-sum.c
/backup/qxiong1/linux/2019/11-01/git-repos/cs220/slides/c-intro/code/robust-sum.c
/backup/qxiong1/linux/2019/11-01/git-repos/cs220/slides/c-intro/code/sum-args.c
/backup/qxiong1/linux/2019/11-01/git-repos/cs220/slides/c-intro/code/count-1s-1.c
/backup/qxiong1/linux/2019/11-01/git-repos/cs220/slides/c-intro/code/count-1s-2.c
/backup/qxiong1/linux/2019/11-01/git-repos/cs220/slides/c-intro/code/endian.c
/backup/qxiong1/linux/2019/11-01/git-repos/cs220/slides/c-intro/code/wc.c
/backup/qxiong1/linux/2019/11-01/git-repos/cs220/slides/c-intro/code/bases.c
/backup/qxiong1/linux/2019/11-01/git-repos/cs220/slides/c-intro/code/out-bits.c
/backup/qxiong1/linux/2019/11-01/git-repos/cs220/slides/c-intro/code/sum.c
/backup/qxiong1/linux/2019/11-01/git-repos/cs220/slides/intro/code/hello.c
/backup/qxiong1/linux/2019/11-01/git-repos/cs220/slides/x86/code/acc-fact.c
/backup/qxiong1/linux/2019/11-01/git-repos/cs220/slides/x86/code/mstore/main.c
/backup/qxiong1/linux/2019/11-01/git-repos/cs220/slides/x86/code/mstore/mstore.c
/backup/qxiong1/linux/2019/11-01/git-repos/cs220/slides/x86/code/abs-diff.c
/backup/qxiong1/linux/2019/11-01/git-repos/cs220/slides/x86/code/array-access.c
/backup/qxiong1/linux/2019/11-01/git-repos/cs220/slides/x86/code/cmp-sets.c
/backup/qxiong1/linux/2019/11-01/git-repos/cs220/slides/x86/code/fact-do-while.c
/backup/qxiong1/linux/2019/11-01/git-repos/cs220/slides/x86/code/fact-while.c
/backup/qxiong1/linux/2019/11-01/git-repos/cs220/slides/x86/code/indirect-goto.c
/backup/qxiong1/linux/2019/11-01/git-repos/cs220/slides/x86/code/move.c
/backup/qxiong1/linux/2019/11-01/git-repos/cs220/slides/x86/code/point3.c
/backup/qxiong1/linux/2019/11-01/git-repos/cs220/slides/x86/code/read-point.c
/backup/qxiong1/linux/2019/11-01/git-repos/cs220/slides/x86/code/rec-fact.c
/backup/qxiong1/linux/2019/11-01/git-repos/cs220/slides/x86/code/scale.c
/backup/qxiong1/linux/2019/11-01/git-repos/cs220/slides/x86/code/stack-frame.c
/backup/qxiong1/linux/2019/11-01/git-repos/cs220/slides/x86/code/structs.c
/backup/qxiong1/linux/2019/11-01/git-repos/cs220/slides/x86/code/sum-dist-origin-s.c
/backup/qxiong1/linux/2019/11-01/git-repos/cs220/slides/x86/code/sum-dist-origin.c
/backup/qxiong1/linux/2019/11-01/git-repos/cs220/slides/x86/code/sum.c
/backup/qxiong1/linux/2019/11-01/git-repos/cs220/slides/x86/code/switch.c
/backup/qxiong1/linux/2019/11-01/git-repos/cs220/slides/x86/code/vframe.c
/backup/qxiong1/linux/2019/11-01/git-repos/cs220/slides/x86/code/arith.c
/backup/qxiong1/linux/2019/11-01/git-repos/cs220/slides/x86/code/conditional-move.c
/backup/qxiong1/linux/2019/11-01/git-repos/cs220/slides/x86/code/div-mod.c
/backup/qxiong1/linux/2019/11-01/git-repos/cs220/slides/x86/code/dynamic-array.c
/backup/qxiong1/linux/2019/11-01/git-repos/cs220/slides/x86/code/find.c
/backup/qxiong1/linux/2019/11-01/git-repos/i220b.bak/submit/lab2/ex1/hello.c
/backup/qxiong1/linux/2019/11-01/git-repos/i220b.bak/submit/lab2/ex3/main.c
/backup/qxiong1/linux/2019/11-01/git-repos/i220b.bak/submit/lab2/ex3/quadr.c
/backup/qxiong1/linux/2019/11-01/git-repos/i220b.bak/submit/lab2/ex4/key-value.c
/backup/qxiong1/linux/2019/11-01/git-repos/i220b.bak/submit/lab2/ex4/main.c
/backup/qxiong1/linux/2019/11-01/git-repos/i220b.bak/submit/lab2/ex4/process-file.c
/backup/qxiong1/linux/2019/11-01/git-repos/i220b/submit/lab11/coverage/coverage.c
/backup/qxiong1/linux/2019/11-01/git-repos/i220b/submit/lab11/int-search/binary-search.c
/backup/qxiong1/linux/2019/11-01/git-repos/i220b/submit/lab11/int-search/int_compare.c
/backup/qxiong1/linux/2019/11-01/git-repos/i220b/submit/lab11/int-search/linear-search.c
/backup/qxiong1/linux/2019/11-01/git-repos/i220b/submit/lab11/int-search/main.c
/backup/qxiong1/linux/2019/11-01/git-repos/i220b/submit/lab11/parity/main.c
/backup/qxiong1/linux/2019/11-01/git-repos/i220b/submit/lab11/parity/parity-c.c
/backup/qxiong1/linux/2019/11-01/git-repos/i220b/submit/lab11/parity/parity-s.c
/backup/qxiong1/linux/2019/11-01/git-repos/i220b/submit/lab2/ex1/hello.c
/backup/qxiong1/linux/2019/11-01/git-repos/i220b/submit/lab2/ex3/main.c
/backup/qxiong1/linux/2019/11-01/git-repos/i220b/submit/lab2/ex3/quadr.c
/backup/qxiong1/linux/2019/11-01/git-repos/i220b/submit/lab2/ex4/key-value.c
/backup/qxiong1/linux/2019/11-01/git-repos/i220b/submit/lab2/ex4/main.c
/backup/qxiong1/linux/2019/11-01/git-repos/i220b/submit/lab2/ex4/process-file.c
/backup/qxiong1/linux/2019/11-01/git-repos/i220b/submit/lab3/files/ex1/hello.c
/backup/qxiong1/linux/2019/11-01/git-repos/i220b/submit/lab3/files/ex2/hello.c
/backup/qxiong1/linux/2019/11-01/git-repos/i220b/submit/lab4/ex1/uints.c
/backup/qxiong1/linux/2019/11-01/git-repos/i220b/submit/lab4/ex2/ints.c
/backup/qxiong1/linux/2019/11-01/git-repos/i220b/submit/lab4/ex3/identify.c
/backup/qxiong1/linux/2019/11-01/git-repos/i220b/submit/lab4/ex4/negeq.c
/backup/qxiong1/linux/2019/11-01/git-repos/i220b/submit/lab4/ex6/0.1.c
/backup/qxiong1/linux/2019/11-01/git-repos/i220b/submit/lab4/ex7/nan.c
/backup/qxiong1/linux/2019/11-01/git-repos/i220b/submit/lab4/ex8/ulp.c
/backup/qxiong1/linux/2019/11-01/git-repos/i220b/submit/lab4/ex9/loop.c
/backup/qxiong1/linux/2019/11-01/git-repos/i220b/submit/lab5/ex1/pointers.c
/backup/qxiong1/linux/2019/11-01/git-repos/i220b/submit/lab5/ex2/in-pointers.c
/backup/qxiong1/linux/2019/11-01/git-repos/i220b/submit/lab5/ex3/bad-types.c
/backup/qxiong1/linux/2019/11-01/git-repos/i220b/submit/lab5/ex4/cast-types.c
/backup/qxiong1/linux/2019/11-01/git-repos/i220b/submit/lab5/ex5/void-pointers.c
/backup/qxiong1/linux/2019/11-01/git-repos/i220b/submit/lab5/ex6/in-voids.c
/backup/qxiong1/linux/2019/11-01/git-repos/i220b/submit/lab6/brk/brk.c
/backup/qxiong1/linux/2019/11-01/git-repos/i220b/submit/lab6/bug-program/bug-program.c
/backup/qxiong1/linux/2019/11-01/git-repos/i220b/submit/lab6/process-memory/process-memory.c
/backup/qxiong1/linux/2019/11-01/git-repos/i220b/submit/lab7/log10/log10.c
/backup/qxiong1/linux/2019/11-01/git-repos/i220b/submit/lab7/multiple-defs/f.c
/backup/qxiong1/linux/2019/11-01/git-repos/i220b/submit/lab7/multiple-defs/main.c
/backup/qxiong1/linux/2019/11-01/git-repos/i220b/submit/lab7/multiple-symbols/def1.c
/backup/qxiong1/linux/2019/11-01/git-repos/i220b/submit/lab7/multiple-symbols/def2.c
/backup/qxiong1/linux/2019/11-01/git-repos/i220b/submit/lab7/multiple-symbols/main.c
/backup/qxiong1/linux/2019/11-01/git-repos/i220b/submit/lab7/static-dynamic/log10.c
/backup/qxiong1/linux/2019/11-01/git-repos/i220b/submit/lab7/libgeom/circ.c
/backup/qxiong1/linux/2019/11-01/git-repos/i220b/submit/lab7/libgeom/rect.c
/backup/qxiong1/linux/2019/11-01/git-repos/i220b/submit/lab7/libgeom/testgeom.c
/backup/qxiong1/linux/2019/11-01/git-repos/i220b/submit/lab7/libvec/addvec.c
/backup/qxiong1/linux/2019/11-01/git-repos/i220b/submit/lab7/libvec/multvec.c
/backup/qxiong1/linux/2019/11-01/git-repos/i220b/submit/lab7/libvec/testvec.c
/backup/qxiong1/linux/2019/11-01/git-repos/i220b/submit/lab8/hello.c
/backup/qxiong1/linux/2019/11-01/git-repos/i220b/submit/prj1-sol/bits-to-ints.c
/backup/qxiong1/linux/2019/11-01/git-repos/i220b/submit/prj1-sol/errors.c
/backup/qxiong1/linux/2019/11-01/git-repos/i220b/submit/prj1-sol/main.c
/backup/qxiong1/linux/2019/11-01/git-repos/i220b/work/bomb78/bomb.c
/backup/qxiong1/linux/2019/11-01/git-repos/i220b/work/lab10/cpuid1/main.c
/backup/qxiong1/linux/2019/11-01/git-repos/i220b/work/lab10/cpuid2/main.c
/backup/qxiong1/linux/2019/11-01/git-repos/i220b/work/lab10/parity/main.c
/backup/qxiong1/linux/2019/11-01/git-repos/i220b/work/lab10/rip/rip.c
/backup/qxiong1/linux/2019/11-01/git-repos/i220b/work/lab10/rotate/rotate.c
/backup/qxiong1/linux/2019/11-01/git-repos/i220b/work/lab10/rsp/rsp.c
/backup/qxiong1/linux/2019/11-01/git-repos/i220b/work/prj2-sol/big-bits.c
/backup/qxiong1/linux/2019/11-01/git-repos/i220b/work/prj2-sol/errors.c
/backup/qxiong1/linux/2019/11-01/git-repos/i220b/work/prj2-sol/hex-util.c
/backup/qxiong1/linux/2019/11-01/git-repos/i220b/work/prj2-sol/main.c
/backup/qxiong1/linux/2019/11-01/git-repos/i220b/work/prj2-sol/stack.c
/backup/qxiong1/linux/2019/11-02/Downloads/cstack.c
/backup/qxiong1/linux/2019/11-02/Past files/cstack.c
/backup/qxiong1/linux/2019/11-02/Past files/t1.c
/backup/qxiong1/linux/2019/11-02/Past files/v.c
/backup/qxiong1/linux/2019/11-02/Past files/x.c
/backup/qxiong1/linux/2019/11-02/git-repos/cs220/exercises/questions/src/x86/fns-asm.c
/backup/qxiong1/linux/2019/11-02/git-repos/cs220/labs/lab10/files/cpuid1/main.c
/backup/qxiong1/linux/2019/11-02/git-repos/cs220/labs/lab10/files/cpuid2/main.c
/backup/qxiong1/linux/2019/11-02/git-repos/cs220/labs/lab10/files/parity/main.c
/backup/qxiong1/linux/2019/11-02/git-repos/cs220/labs/lab10/files/rip/rip.c
/backup/qxiong1/linux/2019/11-02/git-repos/cs220/labs/lab10/files/rotate/rotate.c
/backup/qxiong1/linux/2019/11-02/git-repos/cs220/labs/lab10/files/rsp/rsp.c
/backup/qxiong1/linux/2019/11-02/git-repos/cs220/labs/lab11/files/int-search/binary-search.c
/backup/qxiong1/linux/2019/11-02/git-repos/cs220/labs/lab11/files/int-search/int_compare.c
/backup/qxiong1/linux/2019/11-02/git-repos/cs220/labs/lab11/files/int-search/linear-search.c
/backup/qxiong1/linux/2019/11-02/git-repos/cs220/labs/lab11/files/int-search/main.c
/backup/qxiong1/linux/2019/11-02/git-repos/cs220/labs/lab11/files/parity/main.c
/backup/qxiong1/linux/2019/11-02/git-repos/cs220/labs/lab11/files/parity/parity-c.c
/backup/qxiong1/linux/2019/11-02/git-repos/cs220/labs/lab11/files/parity/parity-s.c
/backup/qxiong1/linux/2019/11-02/git-repos/cs220/labs/lab11/files/coverage/coverage.c
/backup/qxiong1/linux/2019/11-02/git-repos/cs220/labs/lab2/files/ex1/hello.c
/backup/qxiong1/linux/2019/11-02/git-repos/cs220/labs/lab2/files/ex3/main.c
/backup/qxiong1/linux/2019/11-02/git-repos/cs220/labs/lab2/files/ex3/quadr.c
/backup/qxiong1/linux/2019/11-02/git-repos/cs220/labs/lab2/files/ex4/key-value.c
/backup/qxiong1/linux/2019/11-02/git-repos/cs220/labs/lab2/files/ex4/main.c
/backup/qxiong1/linux/2019/11-02/git-repos/cs220/labs/lab2/files/ex4/process-file.c
/backup/qxiong1/linux/2019/11-02/git-repos/cs220/labs/lab3/files/ex1/hello.c
/backup/qxiong1/linux/2019/11-02/git-repos/cs220/labs/lab3/files/ex2/hello.c
/backup/qxiong1/linux/2019/11-02/git-repos/cs220/labs/lab5/files/ex1/pointers.c
/backup/qxiong1/linux/2019/11-02/git-repos/cs220/labs/lab5/files/ex2/in-pointers.c
/backup/qxiong1/linux/2019/11-02/git-repos/cs220/labs/lab5/files/ex3/bad-types.c
/backup/qxiong1/linux/2019/11-02/git-repos/cs220/labs/lab5/files/ex4/cast-types.c
/backup/qxiong1/linux/2019/11-02/git-repos/cs220/labs/lab5/files/ex5/void-pointers.c
/backup/qxiong1/linux/2019/11-02/git-repos/cs220/labs/lab5/files/ex6/in-voids.c
/backup/qxiong1/linux/2019/11-02/git-repos/cs220/labs/lab8/files/hello-multi.c
/backup/qxiong1/linux/2019/11-02/git-repos/cs220/labs/lab8/files/hello-one.c
/backup/qxiong1/linux/2019/11-02/git-repos/cs220/labs/lab9/files/hello.c
/backup/qxiong1/linux/2019/11-02/git-repos/cs220/misc/shapes/cs220a/shapes.c
/backup/qxiong1/linux/2019/11-02/git-repos/cs220/misc/shapes/cs220b/shapes.c
/backup/qxiong1/linux/2019/11-02/git-repos/cs220/misc/bin-num/220a/main.c
/backup/qxiong1/linux/2019/11-02/git-repos/cs220/misc/bin-num/220a/bin-num.c
/backup/qxiong1/linux/2019/11-02/git-repos/cs220/misc/bin-num/220b/bin-num.c
/backup/qxiong1/linux/2019/11-02/git-repos/cs220/misc/bin-num/220b/main.c
/backup/qxiong1/linux/2019/11-02/git-repos/cs220/projects/prj1-sol/bits-to-ints.c
/backup/qxiong1/linux/2019/11-02/git-repos/cs220/projects/prj1-sol/errors.c
/backup/qxiong1/linux/2019/11-02/git-repos/cs220/projects/prj1-sol/main.c
/backup/qxiong1/linux/2019/11-02/git-repos/cs220/projects/prj1/prj1-sol/bits-to-ints.c
/backup/qxiong1/linux/2019/11-02/git-repos/cs220/projects/prj1/prj1-sol/main.c
/backup/qxiong1/linux/2019/11-02/git-repos/cs220/projects/prj1/prj1-sol/errors.c
/backup/qxiong1/linux/2019/11-02/git-repos/cs220/projects/prj2-sol/alt-big-bits.c
/backup/qxiong1/linux/2019/11-02/git-repos/cs220/projects/prj2-sol/big-bits.c
/backup/qxiong1/linux/2019/11-02/git-repos/cs220/projects/prj2-sol/errors.c
/backup/qxiong1/linux/2019/11-02/git-repos/cs220/projects/prj2-sol/hex-util.c
/backup/qxiong1/linux/2019/11-02/git-repos/cs220/projects/prj2-sol/main.c
/backup/qxiong1/linux/2019/11-02/git-repos/cs220/projects/prj2-sol/stack.c
/backup/qxiong1/linux/2019/11-02/git-repos/cs220/projects/prj2/prj2-sol/big-bits.c
/backup/qxiong1/linux/2019/11-02/git-repos/cs220/projects/prj2/prj2-sol/errors.c
/backup/qxiong1/linux/2019/11-02/git-repos/cs220/projects/prj2/prj2-sol/hex-util.c
/backup/qxiong1/linux/2019/11-02/git-repos/cs220/projects/prj2/prj2-sol/main.c
/backup/qxiong1/linux/2019/11-02/git-repos/cs220/projects/prj2/prj2-sol/stack.c
/backup/qxiong1/linux/2019/11-02/git-repos/cs220/slides/adts/code/stack.c
/backup/qxiong1/linux/2019/11-02/git-repos/cs220/slides/advanced-c/code/oo-shapes/circle.c
/backup/qxiong1/linux/2019/11-02/git-repos/cs220/slides/advanced-c/code/oo-shapes/main.c
/backup/qxiong1/linux/2019/11-02/git-repos/cs220/slides/advanced-c/code/oo-shapes/rect.c
/backup/qxiong1/linux/2019/11-02/git-repos/cs220/slides/advanced-c/code/oo-shapes/shape.c
/backup/qxiong1/linux/2019/11-02/git-repos/cs220/slides/advanced-c/code/stack/main.c
/backup/qxiong1/linux/2019/11-02/git-repos/cs220/slides/advanced-c/code/stack/stack.c
/backup/qxiong1/linux/2019/11-02/git-repos/cs220/slides/advanced-c/code/double-decode.c
/backup/qxiong1/linux/2019/11-02/git-repos/cs220/slides/advanced-c/code/enum-strings.c
/backup/qxiong1/linux/2019/11-02/git-repos/cs220/slides/c-intro/code/integer-sizes.c
/backup/qxiong1/linux/2019/11-02/git-repos/cs220/slides/c-intro/code/kilo-powers.c
/backup/qxiong1/linux/2019/11-02/git-repos/cs220/slides/c-intro/code/ptr-sum.c
/backup/qxiong1/linux/2019/11-02/git-repos/cs220/slides/c-intro/code/robust-sum.c
/backup/qxiong1/linux/2019/11-02/git-repos/cs220/slides/c-intro/code/sum-args.c
/backup/qxiong1/linux/2019/11-02/git-repos/cs220/slides/c-intro/code/count-1s-1.c
/backup/qxiong1/linux/2019/11-02/git-repos/cs220/slides/c-intro/code/count-1s-2.c
/backup/qxiong1/linux/2019/11-02/git-repos/cs220/slides/c-intro/code/endian.c
/backup/qxiong1/linux/2019/11-02/git-repos/cs220/slides/c-intro/code/wc.c
/backup/qxiong1/linux/2019/11-02/git-repos/cs220/slides/c-intro/code/bases.c
/backup/qxiong1/linux/2019/11-02/git-repos/cs220/slides/c-intro/code/out-bits.c
/backup/qxiong1/linux/2019/11-02/git-repos/cs220/slides/c-intro/code/sum.c
/backup/qxiong1/linux/2019/11-02/git-repos/cs220/slides/intro/code/hello.c
/backup/qxiong1/linux/2019/11-02/git-repos/cs220/slides/x86/code/acc-fact.c
/backup/qxiong1/linux/2019/11-02/git-repos/cs220/slides/x86/code/mstore/main.c
/backup/qxiong1/linux/2019/11-02/git-repos/cs220/slides/x86/code/mstore/mstore.c
/backup/qxiong1/linux/2019/11-02/git-repos/cs220/slides/x86/code/abs-diff.c
/backup/qxiong1/linux/2019/11-02/git-repos/cs220/slides/x86/code/array-access.c
/backup/qxiong1/linux/2019/11-02/git-repos/cs220/slides/x86/code/cmp-sets.c
/backup/qxiong1/linux/2019/11-02/git-repos/cs220/slides/x86/code/fact-do-while.c
/backup/qxiong1/linux/2019/11-02/git-repos/cs220/slides/x86/code/fact-while.c
/backup/qxiong1/linux/2019/11-02/git-repos/cs220/slides/x86/code/indirect-goto.c
/backup/qxiong1/linux/2019/11-02/git-repos/cs220/slides/x86/code/move.c
/backup/qxiong1/linux/2019/11-02/git-repos/cs220/slides/x86/code/point3.c
/backup/qxiong1/linux/2019/11-02/git-repos/cs220/slides/x86/code/read-point.c
/backup/qxiong1/linux/2019/11-02/git-repos/cs220/slides/x86/code/rec-fact.c
/backup/qxiong1/linux/2019/11-02/git-repos/cs220/slides/x86/code/scale.c
/backup/qxiong1/linux/2019/11-02/git-repos/cs220/slides/x86/code/stack-frame.c
/backup/qxiong1/linux/2019/11-02/git-repos/cs220/slides/x86/code/structs.c
/backup/qxiong1/linux/2019/11-02/git-repos/cs220/slides/x86/code/sum-dist-origin-s.c
/backup/qxiong1/linux/2019/11-02/git-repos/cs220/slides/x86/code/sum-dist-origin.c
/backup/qxiong1/linux/2019/11-02/git-repos/cs220/slides/x86/code/sum.c
/backup/qxiong1/linux/2019/11-02/git-repos/cs220/slides/x86/code/switch.c
/backup/qxiong1/linux/2019/11-02/git-repos/cs220/slides/x86/code/vframe.c
/backup/qxiong1/linux/2019/11-02/git-repos/cs220/slides/x86/code/arith.c
/backup/qxiong1/linux/2019/11-02/git-repos/cs220/slides/x86/code/conditional-move.c
/backup/qxiong1/linux/2019/11-02/git-repos/cs220/slides/x86/code/div-mod.c
/backup/qxiong1/linux/2019/11-02/git-repos/cs220/slides/x86/code/dynamic-array.c
/backup/qxiong1/linux/2019/11-02/git-repos/cs220/slides/x86/code/find.c
/backup/qxiong1/linux/2019/11-02/git-repos/i220b.bak/submit/lab2/ex1/hello.c
/backup/qxiong1/linux/2019/11-02/git-repos/i220b.bak/submit/lab2/ex3/main.c
/backup/qxiong1/linux/2019/11-02/git-repos/i220b.bak/submit/lab2/ex3/quadr.c
/backup/qxiong1/linux/2019/11-02/git-repos/i220b.bak/submit/lab2/ex4/key-value.c
/backup/qxiong1/linux/2019/11-02/git-repos/i220b.bak/submit/lab2/ex4/main.c
/backup/qxiong1/linux/2019/11-02/git-repos/i220b.bak/submit/lab2/ex4/process-file.c
/backup/qxiong1/linux/2019/11-02/git-repos/i220b/submit/lab4/ex1/uints.c
/backup/qxiong1/linux/2019/11-02/git-repos/i220b/submit/lab4/ex2/ints.c
/backup/qxiong1/linux/2019/11-02/git-repos/i220b/submit/lab4/ex3/identify.c
/backup/qxiong1/linux/2019/11-02/git-repos/i220b/submit/lab4/ex4/negeq.c
/backup/qxiong1/linux/2019/11-02/git-repos/i220b/submit/lab4/ex6/0.1.c
/backup/qxiong1/linux/2019/11-02/git-repos/i220b/submit/lab4/ex7/nan.c
/backup/qxiong1/linux/2019/11-02/git-repos/i220b/submit/lab4/ex8/ulp.c
/backup/qxiong1/linux/2019/11-02/git-repos/i220b/submit/lab4/ex9/loop.c
/backup/qxiong1/linux/2019/11-02/git-repos/i220b/submit/lab5/ex3/bad-types.c
/backup/qxiong1/linux/2019/11-02/git-repos/i220b/submit/lab5/ex4/cast-types.c
/backup/qxiong1/linux/2019/11-02/git-repos/i220b/submit/lab5/ex5/void-pointers.c
/backup/qxiong1/linux/2019/11-02/git-repos/i220b/submit/lab5/ex6/in-voids.c
/backup/qxiong1/linux/2019/11-02/git-repos/i220b/submit/lab5/ex1/pointers.c
/backup/qxiong1/linux/2019/11-02/git-repos/i220b/submit/lab5/ex2/in-pointers.c
/backup/qxiong1/linux/2019/11-02/git-repos/i220b/submit/lab6/brk/brk.c
/backup/qxiong1/linux/2019/11-02/git-repos/i220b/submit/lab6/bug-program/bug-program.c
/backup/qxiong1/linux/2019/11-02/git-repos/i220b/submit/lab6/process-memory/process-memory.c
/backup/qxiong1/linux/2019/11-02/git-repos/i220b/submit/lab7/libgeom/circ.c
/backup/qxiong1/linux/2019/11-02/git-repos/i220b/submit/lab7/libgeom/rect.c
/backup/qxiong1/linux/2019/11-02/git-repos/i220b/submit/lab7/libgeom/testgeom.c
/backup/qxiong1/linux/2019/11-02/git-repos/i220b/submit/lab7/libvec/addvec.c
/backup/qxiong1/linux/2019/11-02/git-repos/i220b/submit/lab7/libvec/multvec.c
/backup/qxiong1/linux/2019/11-02/git-repos/i220b/submit/lab7/libvec/testvec.c
/backup/qxiong1/linux/2019/11-02/git-repos/i220b/submit/lab7/log10/log10.c
/backup/qxiong1/linux/2019/11-02/git-repos/i220b/submit/lab7/multiple-defs/f.c
/backup/qxiong1/linux/2019/11-02/git-repos/i220b/submit/lab7/multiple-defs/main.c
/backup/qxiong1/linux/2019/11-02/git-repos/i220b/submit/lab7/multiple-symbols/def1.c
/backup/qxiong1/linux/2019/11-02/git-repos/i220b/submit/lab7/multiple-symbols/def2.c
/backup/qxiong1/linux/2019/11-02/git-repos/i220b/submit/lab7/multiple-symbols/main.c
/backup/qxiong1/linux/2019/11-02/git-repos/i220b/submit/lab7/static-dynamic/log10.c
/backup/qxiong1/linux/2019/11-02/git-repos/i220b/submit/lab8/hello.c
/backup/qxiong1/linux/2019/11-02/git-repos/i220b/submit/prj1-sol/bits-to-ints.c
/backup/qxiong1/linux/2019/11-02/git-repos/i220b/submit/prj1-sol/errors.c
/backup/qxiong1/linux/2019/11-02/git-repos/i220b/submit/prj1-sol/main.c
/backup/qxiong1/linux/2019/11-02/git-repos/i220b/submit/lab11/coverage/coverage.c
/backup/qxiong1/linux/2019/11-02/git-repos/i220b/submit/lab11/int-search/binary-search.c
/backup/qxiong1/linux/2019/11-02/git-repos/i220b/submit/lab11/int-search/int_compare.c
/backup/qxiong1/linux/2019/11-02/git-repos/i220b/submit/lab11/int-search/linear-search.c
/backup/qxiong1/linux/2019/11-02/git-repos/i220b/submit/lab11/int-search/main.c
/backup/qxiong1/linux/2019/11-02/git-repos/i220b/submit/lab11/parity/main.c
/backup/qxiong1/linux/2019/11-02/git-repos/i220b/submit/lab11/parity/parity-c.c
/backup/qxiong1/linux/2019/11-02/git-repos/i220b/submit/lab11/parity/parity-s.c
/backup/qxiong1/linux/2019/11-02/git-repos/i220b/submit/lab2/ex1/hello.c
/backup/qxiong1/linux/2019/11-02/git-repos/i220b/submit/lab2/ex3/main.c
/backup/qxiong1/linux/2019/11-02/git-repos/i220b/submit/lab2/ex3/quadr.c
/backup/qxiong1/linux/2019/11-02/git-repos/i220b/submit/lab2/ex4/key-value.c
/backup/qxiong1/linux/2019/11-02/git-repos/i220b/submit/lab2/ex4/main.c
/backup/qxiong1/linux/2019/11-02/git-repos/i220b/submit/lab2/ex4/process-file.c
/backup/qxiong1/linux/2019/11-02/git-repos/i220b/submit/lab3/files/ex1/hello.c
/backup/qxiong1/linux/2019/11-02/git-repos/i220b/submit/lab3/files/ex2/hello.c
/backup/qxiong1/linux/2019/11-02/git-repos/i220b/work/bomb78/bomb.c
/backup/qxiong1/linux/2019/11-02/git-repos/i220b/work/lab10/cpuid1/main.c
/backup/qxiong1/linux/2019/11-02/git-repos/i220b/work/lab10/cpuid2/main.c
/backup/qxiong1/linux/2019/11-02/git-repos/i220b/work/lab10/parity/main.c
/backup/qxiong1/linux/2019/11-02/git-repos/i220b/work/lab10/rip/rip.c
/backup/qxiong1/linux/2019/11-02/git-repos/i220b/work/lab10/rotate/rotate.c
/backup/qxiong1/linux/2019/11-02/git-repos/i220b/work/lab10/rsp/rsp.c
/backup/qxiong1/linux/2019/11-02/git-repos/i220b/work/prj2-sol/big-bits.c
/backup/qxiong1/linux/2019/11-02/git-repos/i220b/work/prj2-sol/errors.c
/backup/qxiong1/linux/2019/11-02/git-repos/i220b/work/prj2-sol/hex-util.c
/backup/qxiong1/linux/2019/11-02/git-repos/i220b/work/prj2-sol/main.